Component: ARM Compiler 5.06 update 5 (build 528) Tool: armlink [4d35e2]

==============================================================================

Section Cross References

    main.o(i.ETH_IRQHandler) refers to stm32f4xx_hal_eth.o(i.HAL_ETH_IRQHandler) for HAL_ETH_IRQHandler
    main.o(i.ETH_IRQHandler) refers to ethernetif.o(.bss) for heth
    main.o(i.SysTick_Handler) refers to stm32f4xx_hal.o(i.HAL_IncTick) for HAL_IncTick
    main.o(i.SysTick_Handler) refers to tasks.o(i.xTaskGetSchedulerState) for xTaskGetSchedulerState
    main.o(i.SysTick_Handler) refers to port.o(i.xPortSysTickHandler) for xPortSysTickHandler
    main.o(i.main) refers to stm32f4xx_hal.o(i.HAL_Init) for HAL_Init
    main.o(i.main) refers to tasks.o(i.xTaskCreate) for xTaskCreate
    main.o(i.main) refers to tasks.o(i.vTaskStartScheduler) for vTaskStartScheduler
    main.o(i.main) refers to main.o(.data) for commander_task_handle
    main.o(i.main) refers to commandertask.o(i._Z13commanderTaskPv) for commanderTask(void*)
    main.o(.ARM.exidx) refers to main.o(i.main) for i.main
    main.o(.ARM.exidx) refers to main.o(i.SysTick_Handler) for i.SysTick_Handler
    main.o(.ARM.exidx) refers to main.o(i.ETH_IRQHandler) for i.ETH_IRQHandler
    ethtask.o(i._Z7ethTaskPv) refers to lwip.o(i.MX_LWIP_Init) for MX_LWIP_Init
    ethtask.o(i._Z7ethTaskPv) refers to tasks.o(i.vTaskDelete) for vTaskDelete
    ethtask.o(.ARM.exidx) refers to ethtask.o(i._Z7ethTaskPv) for i._Z7ethTaskPv
    commandertask.o(i._Z13commanderTaskPv) refers to tasks.o(i.xTaskCreate) for xTaskCreate
    commandertask.o(i._Z13commanderTaskPv) refers to tasks.o(i.vTaskDelay) for vTaskDelay
    commandertask.o(i._Z13commanderTaskPv) refers to commandertask.o(i._ZN8Remote_t7udpInitEv) for Remote_t::udpInit()
    commandertask.o(i._Z13commanderTaskPv) refers to queue.o(i.xQueueReceive) for xQueueReceive
    commandertask.o(i._Z13commanderTaskPv) refers to commandertask.o(i._ZN8Remote_t7sendMsgEhPhh) for Remote_t::sendMsg(unsigned char, unsigned char*, unsigned char)
    commandertask.o(i._Z13commanderTaskPv) refers to commandertask.o(.data) for led_task_handle
    commandertask.o(i._Z13commanderTaskPv) refers to ledtask.o(i._Z7ledTaskPv) for ledTask(void*)
    commandertask.o(i._Z13commanderTaskPv) refers to ethtask.o(i._Z7ethTaskPv) for ethTask(void*)
    commandertask.o(i._Z13commanderTaskPv) refers to controltask.o(i._Z11controlTaskPv) for controlTask(void*)
    commandertask.o(i._Z13commanderTaskPv) refers to powertask.o(i._Z9powerTaskPv) for powerTask(void*)
    commandertask.o(i._Z13commanderTaskPv) refers to pressuretask.o(i._Z12pressureTaskPv) for pressureTask(void*)
    commandertask.o(i._Z13commanderTaskPv) refers to temphumitask.o(i._Z12tempHumiTaskPv) for tempHumiTask(void*)
    commandertask.o(i._Z13commanderTaskPv) refers to compasstask.o(i._Z11compassTaskPv) for compassTask(void*)
    commandertask.o(i._Z13commanderTaskPv) refers to commandertask.o(.bss) for remote_control
    commandertask.o(i._Z13commanderTaskPv) refers to powertask.o(.data) for power_queue_handle
    commandertask.o(i._Z13commanderTaskPv) refers to compasstask.o(.data) for compass_queue_handle
    commandertask.o(i._Z13commanderTaskPv) refers to temphumitask.o(.data) for temp_humi_queue_handle
    commandertask.o(i._Z13commanderTaskPv) refers to pressuretask.o(.data) for pressure_queue_handle
    commandertask.o(i._Z20udp_receive_callbackPvP7udp_pcbP4pbufPK8ip4_addrt) refers to rt_memcpy_v6.o(.text) for __aeabi_memcpy
    commandertask.o(i._Z20udp_receive_callbackPvP7udp_pcbP4pbufPK8ip4_addrt) refers to pbuf.o(i.pbuf_free) for pbuf_free
    commandertask.o(i._Z20udp_receive_callbackPvP7udp_pcbP4pbufPK8ip4_addrt) refers to controltask.o(i._Z16unpackGimbalDataPh) for unpackGimbalData(unsigned char*)
    commandertask.o(i._Z20udp_receive_callbackPvP7udp_pcbP4pbufPK8ip4_addrt) refers to controltask.o(i._Z13unpackLedDataPh) for unpackLedData(unsigned char*)
    commandertask.o(i._Z20udp_receive_callbackPvP7udp_pcbP4pbufPK8ip4_addrt) refers to controltask.o(i._Z17unpackControlDataPh) for unpackControlData(unsigned char*)
    commandertask.o(i._Z20udp_receive_callbackPvP7udp_pcbP4pbufPK8ip4_addrt) refers to commandertask.o(.bss) for receive_buf
    commandertask.o(i._ZN8Remote_t4sendEv) refers to rt_memclr_w.o(.text) for __aeabi_memclr4
    commandertask.o(i._ZN8Remote_t4sendEv) refers to pbuf.o(i.pbuf_alloc) for pbuf_alloc
    commandertask.o(i._ZN8Remote_t4sendEv) refers to pbuf.o(i.pbuf_take) for pbuf_take
    commandertask.o(i._ZN8Remote_t4sendEv) refers to udp.o(i.udp_send) for udp_send
    commandertask.o(i._ZN8Remote_t4sendEv) refers to pbuf.o(i.pbuf_free) for pbuf_free
    commandertask.o(i._ZN8Remote_t4sendEv) refers to commandertask.o(.constdata) for .constdata
    commandertask.o(i._ZN8Remote_t7sendMsgEhPhh) refers to pbuf.o(i.pbuf_alloc) for pbuf_alloc
[...]
    vTaskPriorityDisinheritAfterTimeout      0x0800d9f5   Thumb Code   230  tasks.o(i.vTaskPriorityDisinheritAfterTimeout)
    vTaskStartScheduler                      0x0800dae9   Thumb Code   118  tasks.o(i.vTaskStartScheduler)
    vTaskSuspendAll                          0x0800db7d   Thumb Code    12  tasks.o(i.vTaskSuspendAll)
    vTaskSwitchContext                       0x0800db8d   Thumb Code   118  tasks.o(i.vTaskSwitchContext)
    xPortStartScheduler                      0x0800dc19   Thumb Code   330  port.o(i.xPortStartScheduler)
    xPortSysTickHandler                      0x0800dd81   Thumb Code    46  port.o(i.xPortSysTickHandler)
    xQueueCreateCountingSemaphore            0x0800ddb5   Thumb Code    92  queue.o(i.xQueueCreateCountingSemaphore)
    xQueueCreateMutex                        0x0800de11   Thumb Code    34  queue.o(i.xQueueCreateMutex)
    xQueueGenericCreate                      0x0800de33   Thumb Code    88  queue.o(i.xQueueGenericCreate)
    xQueueGenericReset                       0x0800de8d   Thumb Code   146  queue.o(i.xQueueGenericReset)
    xQueueGenericSend                        0x0800df25   Thumb Code   420  queue.o(i.xQueueGenericSend)
    xQueueGenericSendFromISR                 0x0800e0cd   Thumb Code   248  queue.o(i.xQueueGenericSendFromISR)
    xQueueGiveFromISR                        0x0800e1c5   Thumb Code   224  queue.o(i.xQueueGiveFromISR)
    xQueueReceive                            0x0800e2a5   Thumb Code   356  queue.o(i.xQueueReceive)
    xQueueReceiveFromISR                     0x0800e40d   Thumb Code   202  queue.o(i.xQueueReceiveFromISR)
    xQueueSemaphoreTake                      0x0800e4d9   Thumb Code   434  queue.o(i.xQueueSemaphoreTake)
    xTaskCheckForTimeOut                     0x0800e691   Thumb Code   132  tasks.o(i.xTaskCheckForTimeOut)
    xTaskCreate                              0x0800e71d   Thumb Code    96  tasks.o(i.xTaskCreate)
    xTaskGetSchedulerState                   0x0800e77d   Thumb Code    24  tasks.o(i.xTaskGetSchedulerState)
    xTaskGetTickCount                        0x0800e79d   Thumb Code     6  tasks.o(i.xTaskGetTickCount)
    xTaskGetTickCountFromISR                 0x0800e7a9   Thumb Code    16  tasks.o(i.xTaskGetTickCountFromISR)
    xTaskIncrementTick                       0x0800e7bd   Thumb Code   282  tasks.o(i.xTaskIncrementTick)
    xTaskPriorityDisinherit                  0x0800e905   Thumb Code   188  tasks.o(i.xTaskPriorityDisinherit)
    xTaskPriorityInherit                     0x0800e9cd   Thumb Code   186  tasks.o(i.xTaskPriorityInherit)
    xTaskRemoveFromEventList                 0x0800ea95   Thumb Code   128  tasks.o(i.xTaskRemoveFromEventList)
    xTaskResumeAll                           0x0800eb2d   Thumb Code   224  tasks.o(i.xTaskResumeAll)
    xTimerCreateTimerTask                    0x0800ec31   Thumb Code    66  timers_1.o(i.xTimerCreateTimerTask)
    xTimerGenericCommand                     0x0800ec89   Thumb Code   126  timers_1.o(i.xTimerGenericCommand)
    __aeabi_d2f                              0x0800ed0d   Thumb Code     0  d2f.o(x$fpl$d2f)
    _d2f                                     0x0800ed0d   Thumb Code    98  d2f.o(x$fpl$d2f)
    __aeabi_dadd                             0x0800ed71   Thumb Code     0  daddsub_clz.o(x$fpl$dadd)
    _dadd                                    0x0800ed71   Thumb Code   332  daddsub_clz.o(x$fpl$dadd)
    __aeabi_ddiv                             0x0800eec1   Thumb Code     0  ddiv.o(x$fpl$ddiv)
    _ddiv                                    0x0800eec1   Thumb Code   552  ddiv.o(x$fpl$ddiv)
    __aeabi_i2d                              0x0800f171   Thumb Code     0  dflt_clz.o(x$fpl$dflt)
    _dflt                                    0x0800f171   Thumb Code    46  dflt_clz.o(x$fpl$dflt)
    __aeabi_ui2d                             0x0800f19f   Thumb Code     0  dflt_clz.o(x$fpl$dfltu)
    _dfltu                                   0x0800f19f   Thumb Code    38  dflt_clz.o(x$fpl$dfltu)
    __aeabi_dmul                             0x0800f1c5   Thumb Code     0  dmul.o(x$fpl$dmul)
    _dmul                                    0x0800f1c5   Thumb Code   332  dmul.o(x$fpl$dmul)
    __fpl_dnaninf                            0x0800f319   Thumb Code   156  dnaninf.o(x$fpl$dnaninf)
    __fpl_dretinf                            0x0800f3b5   Thumb Code    12  dretinf.o(x$fpl$dretinf)
    __aeabi_dsub                             0x0800f3c1   Thumb Code     0  daddsub_clz.o(x$fpl$dsub)
    _dsub                                    0x0800f3c1   Thumb Code   464  daddsub_clz.o(x$fpl$dsub)
    __aeabi_f2d                              0x0800f595   Thumb Code     0  f2d.o(x$fpl$f2d)
    _f2d                                     0x0800f595   Thumb Code    86  f2d.o(x$fpl$f2d)
    __fpl_fnaninf                            0x0800f5eb   Thumb Code   140  fnaninf.o(x$fpl$fnaninf)
    _fp_init                                 0x0800f677   Thumb Code    10  fpinit.o(x$fpl$fpinit)
    __fplib_config_fpu_vfp                   0x0800f67f   Thumb Code     0  fpinit.o(x$fpl$fpinit)
    __fplib_config_pureend_doubles           0x0800f67f   Thumb Code     0  fpinit.o(x$fpl$fpinit)
    __fpl_fretinf                            0x0800f681   Thumb Code    10  fretinf.o(x$fpl$fretinf)
    __I$use$fp                               0x0800f68a   Number         0  usenofp.o(x$fpl$usenofp)
    memp_UDP_PCB                             0x0800f68c   Data          12  memp.o(.constdata)
    memp_TCP_PCB                             0x0800f698   Data          12  memp.o(.constdata)
    memp_TCP_PCB_LISTEN                      0x0800f6a4   Data          12  memp.o(.constdata)
    memp_TCP_SEG                             0x0800f6b0   Data          12  memp.o(.constdata)
    memp_REASSDATA                           0x0800f6bc   Data          12  memp.o(.constdata)
    memp_FRAG_PBUF                           0x0800f6c8   Data          12  memp.o(.constdata)
    memp_NETBUF                              0x0800f6d4   Data          12  memp.o(.constdata)
    memp_NETCONN                             0x0800f6e0   Data          12  memp.o(.constdata)
    memp_TCPIP_MSG_API                       0x0800f6ec   Data          12  memp.o(.constdata)
    memp_TCPIP_MSG_INPKT                     0x0800f6f8   Data          12  memp.o(.constdata)
    memp_SYS_TIMEOUT                         0x0800f704   Data          12  memp.o(.constdata)
    memp_PBUF                                0x0800f710   Data          12  memp.o(.constdata)
    memp_PBUF_POOL                           0x0800f71c   Data          12  memp.o(.constdata)
    memp_pools                               0x0800f728   Data          52  memp.o(.constdata)
    tcp_pcb_lists                            0x0800f79c   Data          16  tcp.o(.constdata)
    lwip_cyclic_timers                       0x0800f7ac   Data          40  timeouts.o(.constdata)
    ip_addr_any                              0x0800f7d4   Data           4  ip4_addr.o(.constdata)
    ip_addr_broadcast                        0x0800f7d8   Data           4  ip4_addr.o(.constdata)
    ethbroadcast                             0x0800f7dc   Data           6  ethernet.o(.constdata)
    ethzero                                  0x0800f7e2   Data           6  ethernet.o(.constdata)
    os_mutex_def_lwip_sys_mutex              0x0800f7e8   Data           4  sys_arch.o(.constdata)
    APBAHBPrescTable                         0x0800f810   Data          16  stm32f4xx_hal_rcc.o(.constdata)
    Region$$Table$$Base                      0x0800f8a0   Number         0  anon$$obj.o(Region$$Table)
    Region$$Table$$Limit                     0x0800f8c0   Number         0  anon$$obj.o(Region$$Table)
    SHT$$INIT_ARRAY$$Base                    0x0800f8c0   Number         0  commandertask.o(.init_array)
    SHT$$INIT_ARRAY$$Limit                   0x0800f8d8   Number         0  init_aeabi.o(.init_array)
    commander_task_handle                    0x20000000   Data           4  main.o(.data)
    led_task_handle                          0x20000004   Data           4  commandertask.o(.data)
    ctl_task_handle                          0x20000008   Data           4  commandertask.o(.data)
    power_task_handle                        0x2000000c   Data           4  commandertask.o(.data)
    pressure_task_handle                     0x20000010   Data           4  commandertask.o(.data)
    temp_humi_task_handle                    0x20000014   Data           4  commandertask.o(.data)
    compass_task_handle                      0x20000018   Data           4  commandertask.o(.data)
    eth_task_handle                          0x2000001c   Data           4  commandertask.o(.data)
    f_b_speed                                0x20000040   Data           4  controltask.o(.data)
    l_r_speed                                0x20000044   Data           4  controltask.o(.data)
    compass_queue_handle                     0x20000048   Data           4  compasstask.o(.data)
    test                                     0x2000004c   Data           4  compasstask.o(.data)
    pressure_queue_handle                    0x20000050   Data           4  pressuretask.o(.data)
    temp_humi_queue_handle                   0x20000054   Data           4  temphumitask.o(.data)
    power_queue_handle                       0x20000058   Data           4  powertask.o(.data)
    lock_tcpip_core                          0x20000068   Data           4  tcpip.o(.data)
    netif_list                               0x200000b0   Data           4  netif.o(.data)
    netif_default                            0x200000b4   Data           4  netif.o(.data)
    pbuf_free_ooseq_pending                  0x200000b9   Data           1  pbuf.o(.data)
    tcp_ticks                                0x200000c0   Data           4  tcp.o(.data)
    tcp_bound_pcbs                           0x200000c4   Data           4  tcp.o(.data)
    tcp_listen_pcbs                          0x200000c8   Data           4  tcp.o(.data)
    tcp_active_pcbs                          0x200000cc   Data           4  tcp.o(.data)
    tcp_tw_pcbs                              0x200000d0   Data           4  tcp.o(.data)
    tcp_active_pcbs_changed                  0x200000d4   Data           1  tcp.o(.data)
    tcp_input_pcb                            0x20000100   Data           4  tcp_in.o(.data)
    udp_pcbs                                 0x20000114   Data           4  udp.o(.data)
    errno                                    0x20000134   Data           4  sys_arch.o(.data)
    lwip_sys_mutex                           0x20000138   Data           4  sys_arch.o(.data)
    s_xSemaphore                             0x2000013c   Data           4  ethernetif.o(.data)
    ipaddr                                   0x20000140   Data           4  lwip.o(.data)
    netmask                                  0x20000144   Data           4  lwip.o(.data)
    gw                                       0x20000148   Data           4  lwip.o(.data)
    IP_ADDRESS                               0x2000014c   Data           4  lwip.o(.data)
    NETMASK_ADDRESS                          0x20000150   Data           4  lwip.o(.data)
    GATEWAY_ADDRESS                          0x20000154   Data           4  lwip.o(.data)
    pxCurrentTCB                             0x20000164   Data           4  tasks.o(.data)
    uwTick                                   0x20000208   Data           4  stm32f4xx_hal.o(.data)
    SystemCoreClock                          0x2000020c   Data           4  system_stm32f4xx_1.o(.data)
    ip_data                                  0x20000308   Data          24  ip.o(.bss)
    ram_heap                                 0x20000320   Data        1619  mem.o(.bss)
    memp_memory_UDP_PCB_base                 0x20000973   Data         131  memp.o(.bss)
    memp_memory_TCP_PCB_base                 0x200009f6   Data         763  memp.o(.bss)
    memp_memory_TCP_PCB_LISTEN_base          0x20000cf1   Data         227  memp.o(.bss)
    memp_memory_TCP_SEG_base                 0x20000dd4   Data         259  memp.o(.bss)
    memp_memory_REASSDATA_base               0x20000ed7   Data         163  memp.o(.bss)
    memp_memory_FRAG_PBUF_base               0x20000f7a   Data         363  memp.o(.bss)
    memp_memory_NETBUF_base                  0x200010e5   Data          35  memp.o(.bss)
    memp_memory_NETCONN_base                 0x20001108   Data         179  memp.o(.bss)
    memp_memory_TCPIP_MSG_API_base           0x200011bb   Data         131  memp.o(.bss)
    memp_memory_TCPIP_MSG_INPKT_base         0x2000123e   Data         131  memp.o(.bss)
    memp_memory_SYS_TIMEOUT_base             0x200012c1   Data          83  memp.o(.bss)
    memp_memory_PBUF_base                    0x20001314   Data         259  memp.o(.bss)
    memp_memory_PBUF_POOL_base               0x20001417   Data        9731  memp.o(.bss)
    DMARxDscrTab                             0x20003b1c   Data         128  ethernetif.o(.bss)
    DMATxDscrTab                             0x20003b9c   Data         128  ethernetif.o(.bss)
    Rx_Buff                                  0x20003c1c   Data        6096  ethernetif.o(.bss)
    Tx_Buff                                  0x200053ec   Data        6096  ethernetif.o(.bss)
    heth                                     0x20006bbc   Data          72  ethernetif.o(.bss)
    gnetif                                   0x20006c04   Data          52  lwip.o(.bss)
    xQueueRegistry                           0x20006c38   Data          64  queue.o(.bss)
    htim1                                    0x20019a94   Data          60  pwm.o(.bss)
    htim4                                    0x20019ad0   Data          60  pwm.o(.bss)
    hi2c3                                    0x20019b0c   Data          84  i2c.o(.bss)
    hadc1                                    0x20019b60   Data          72  adc.o(.bss)
    hdma_adc1                                0x20019ba8   Data          96  adc.o(.bss)
    huart5                                   0x20019c08   Data          64  usart.o(.bss)
    huart6                                   0x20019c48   Data          64  usart.o(.bss)
    hdma_uart5_rx                            0x20019c88   Data          96  usart.o(.bss)
    hdma_usart6_rx                           0x20019ce8   Data          96  usart.o(.bss)
    _random_number_data                      0x20019d48   Data         228  rand.o(.bss)
    __libspace_start                         0x20019e2c   Data          96  libspace.o(.bss)
    __temporary_stack_top$libspace           0x20019e8c   Data           0  libspace.o(.bss)



==============================================================================

Memory Map of the image

  Image Entry point : 0x08000189

  Load Region LR_IROM1 (Base: 0x08000000, Size: 0x0000fae8, Max: 0x00100000, ABSOLUTE, COMPRESSED[0x0000f8f8])

    Execution Region ER_IROM1 (Exec base: 0x08000000, Load base: 0x08000000, Size: 0x0000f8d8, Max: 0x00100000, ABSOLUTE)

    Exec Addr    Load Addr    Size         Type   Attr      Idx    E Section Name        Object

    0x08000000   0x08000000   0x00000188   Data   RO        10280    RESET               startup_stm32f407xx.o
    0x08000188   0x08000188   0x00000008   Code   RO        10349  * !!!main             c_w.l(__main.o)
    0x08000190   0x08000190   0x00000034   Code   RO        10545    !!!scatter          c_w.l(__scatter.o)
    0x080001c4   0x080001c4   0x0000005a   Code   RO        10543    !!dczerorl2         c_w.l(__dczerorl2.o)
    0x0800021e   0x0800021e   0x00000002   PAD
    0x08000220   0x08000220   0x0000001c   Code   RO        10547    !!handler_zi        c_w.l(__scatter_zi.o)
    0x0800023c   0x0800023c   0x00000002   Code   RO        10466    .ARM.Collect$$libinit$$00000000  c_w.l(libinit.o)
    0x0800023e   0x0800023e   0x00000004   Code   RO        10380    .ARM.Collect$$libinit$$00000001  c_w.l(libinit2.o)
    0x08000242   0x08000242   0x00000000   Code   RO        10383    .ARM.Collect$$libinit$$00000004  c_w.l(libinit2.o)
    0x08000242   0x08000242   0x00000000   Code   RO        10386    .ARM.Collect$$libinit$$0000000A  c_w.l(libinit2.o)
    0x08000242   0x08000242   0x00000000   Code   RO        10388    .ARM.Collect$$libinit$$0000000C  c_w.l(libinit2.o)
    0x08000242   0x08000242   0x00000004   Code   RO        10389    .ARM.Collect$$libinit$$0000000D  c_w.l(libinit2.o)
    0x08000246   0x08000246   0x00000000   Code   RO        10390    .ARM.Collect$$libinit$$0000000E  c_w.l(libinit2.o)
    0x08000246   0x08000246   0x00000000   Code   RO        10393    .ARM.Collect$$libinit$$00000011  c_w.l(libinit2.o)
    0x08000246   0x08000246   0x00000000   Code   RO        10395    .ARM.Collect$$libinit$$00000013  c_w.l(libinit2.o)
    0x08000246   0x08000246   0x00000000   Code   RO        10397    .ARM.Collect$$libinit$$00000015  c_w.l(libinit2.o)
    0x08000246   0x08000246   0x00000000   Code   RO        10399    .ARM.Collect$$libinit$$00000017  c_w.l(libinit2.o)
    0x08000246   0x08000246   0x00000000   Code   RO        10401    .ARM.Collect$$libinit$$00000019  c_w.l(libinit2.o)
    0x08000246   0x08000246   0x00000000   Code   RO        10403    .ARM.Collect$$libinit$$0000001B  c_w.l(libinit2.o)
    0x08000246   0x08000246   0x00000000   Code   RO        10405    .ARM.Collect$$libinit$$0000001D  c_w.l(libinit2.o)
    0x08000246   0x08000246   0x00000000   Code   RO        10407    .ARM.Collect$$libinit$$0000001F  c_w.l(libinit2.o)
    0x08000246   0x08000246   0x00000000   Code   RO        10409    .ARM.Collect$$libinit$$00000021  c_w.l(libinit2.o)
    0x08000246   0x08000246   0x00000000   Code   RO        10411    .ARM.Collect$$libinit$$00000023  c_w.l(libinit2.o)
    0x08000246   0x08000246   0x00000000   Code   RO        10413    .ARM.Collect$$libinit$$00000025  c_w.l(libinit2.o)
    0x08000246   0x08000246   0x00000000   Code   RO        10417    .ARM.Collect$$libinit$$0000002C  c_w.l(libinit2.o)
    0x08000246   0x08000246   0x00000000   Code   RO        10419    .ARM.Collect$$libinit$$0000002E  c_w.l(libinit2.o)
    0x08000246   0x08000246   0x00000000   Code   RO        10421    .ARM.Collect$$libinit$$00000030  c_w.l(libinit2.o)
    0x08000246   0x08000246   0x00000004   Code   RO        10422    .ARM.Collect$$libinit$$00000031  c_w.l(libinit2.o)
    0x0800024a   0x0800024a   0x00000000   Code   RO        10423    .ARM.Collect$$libinit$$00000032  c_w.l(libinit2.o)
    0x0800024a   0x0800024a   0x00000002   Code   RO        10424    .ARM.Collect$$libinit$$00000033  c_w.l(libinit2.o)
    0x0800024c   0x0800024c   0x00000002   Code   RO        10504    .ARM.Collect$$libshutdown$$00000000  c_w.l(libshutdown.o)
    0x0800024e   0x0800024e   0x00000000   Code   RO        10510    .ARM.Collect$$libshutdown$$00000002  c_w.l(libshutdown2.o)
    0x0800024e   0x0800024e   0x00000000   Code   RO        10512    .ARM.Collect$$libshutdown$$00000004  c_w.l(libshutdown2.o)
    0x0800024e   0x0800024e   0x00000000   Code   RO        10515    .ARM.Collect$$libshutdown$$00000007  c_w.l(libshutdown2.o)
    0x0800024e   0x0800024e   0x00000000   Code   RO        10518    .ARM.Collect$$libshutdown$$0000000A  c_w.l(libshutdown2.o)
    0x0800024e   0x0800024e   0x00000000   Code   RO        10520    .ARM.Collect$$libshutdown$$0000000C  c_w.l(libshutdown2.o)
    0x0800024e   0x0800024e   0x00000000   Code   RO        10523    .ARM.Collect$$libshutdown$$0000000F  c_w.l(libshutdown2.o)
    0x0800024e   0x0800024e   0x00000002   Code   RO        10524    .ARM.Collect$$libshutdown$$00000010  c_w.l(libshutdown2.o)
    0x08000250   0x08000250   0x00000000   Code   RO        10379    .ARM.Collect$$rtentry$$00000000  c_w.l(__rtentry.o)
    0x08000250   0x08000250   0x00000000   Code   RO        10435    .ARM.Collect$$rtentry$$00000002  c_w.l(__rtentry2.o)
    0x08000250   0x08000250   0x00000006   Code   RO        10447    .ARM.Collect$$rtentry$$00000004  c_w.l(__rtentry4.o)
    0x08000256   0x08000256   0x00000000   Code   RO        10437    .ARM.Collect$$rtentry$$00000009  c_w.l(__rtentry2.o)
    0x08000256   0x08000256   0x00000004   Code   RO        10438    .ARM.Collect$$rtentry$$0000000A  c_w.l(__rtentry2.o)
    0x0800025a   0x0800025a   0x00000000   Code   RO        10440    .ARM.Collect$$rtentry$$0000000C  c_w.l(__rtentry2.o)
    0x0800025a   0x0800025a   0x00000008   Code   RO        10441    .ARM.Collect$$rtentry$$0000000D  c_w.l(__rtentry2.o)
    0x08000262   0x08000262   0x00000002   Code   RO        10472    .ARM.Collect$$rtexit$$00000000  c_w.l(rtexit.o)
    0x08000264   0x08000264   0x00000000   Code   RO        10484    .ARM.Collect$$rtexit$$00000002  c_w.l(rtexit2.o)
    0x08000264   0x08000264   0x00000004   Code   RO        10485    .ARM.Collect$$rtexit$$00000003  c_w.l(rtexit2.o)
    0x08000268   0x08000268   0x00000006   Code   RO        10486    .ARM.Collect$$rtexit$$00000004  c_w.l(rtexit2.o)
    0x0800026e   0x0800026e   0x00000002   PAD
    0x08000270   0x08000270   0x000000be   Code   RO         5825    .emb_text           port.o
    0x0800032e   0x0800032e   0x00000002   PAD
    0x08000330   0x08000330   0x00000034   Code   RO        10324    .emb_text           c_w.l(rand.o)
    0x08000364   0x08000364   0x00000040   Code   RO        10281    .text               startup_stm32f407xx.o
    0x080003a4   0x080003a4   0x0000003c   Code   RO        10325    .text               c_w.l(rand.o)
    0x080003e0   0x080003e0   0x00000058   Code   RO        10329    .text               c_w.l(memcmp.o)
    0x08000438   0x08000438   0x0000008a   Code   RO        10335    .text               c_w.l(rt_memcpy_v6.o)
    0x080004c2   0x080004c2   0x00000064   Code   RO        10337    .text               c_w.l(rt_memcpy_w.o)
    0x08000526   0x08000526   0x00000010   Code   RO        10341    .text               c_w.l(aeabi_memset.o)
    0x08000536   0x08000536   0x00000044   Code   RO        10343    .text               c_w.l(rt_memclr.o)
    0x0800057a   0x0800057a   0x0000004e   Code   RO        10345    .text               c_w.l(rt_memclr_w.o)
    0x080005c8   0x080005c8   0x00000006   Code   RO        10347    .text               c_w.l(heapauxi.o)
    0x080005ce   0x080005ce   0x00000002   PAD
    0x080005d0   0x080005d0   0x00000024   Code   RO        10354    .text               c_w.l(init_aeabi.o)
    0x080005f4   0x080005f4   0x0000004a   Code   RO        10453    .text               c_w.l(sys_stackheap_outer.o)
    0x0800063e   0x0800063e   0x00000012   Code   RO        10455    .text               c_w.l(exit.o)
    0x08000650   0x08000650   0x00000008   Code   RO        10469    .text               c_w.l(libspace.o)
    0x08000658   0x08000658   0x00000002   Code   RO        10480    .text               c_w.l(use_no_semi.o)
    0x0800065a   0x0800065a   0x00000000   Code   RO        10482    .text               c_w.l(indicate_semi.o)
    0x0800065a   0x0800065a   0x00000002   PAD
    0x0800065c   0x0800065c   0x0000000c   Code   RO        10496    .text               c_w.l(sys_exit.o)
    0x08000668   0x08000668   0x00000068   Code   RO         6974    i.ADC1_Init         adc.o
    0x080006d0   0x080006d0   0x0000006e   Code   RO         7242    i.ADC_DMAConvCplt   stm32f4xx_hal_adc.o
    0x0800073e   0x0800073e   0x0000001a   Code   RO         7243    i.ADC_DMAError      stm32f4xx_hal_adc.o
    0x08000758   0x08000758   0x0000000e   Code   RO         7244    i.ADC_DMAHalfConvCplt  stm32f4xx_hal_adc.o
    0x08000766   0x08000766   0x00000002   PAD
    0x08000768   0x08000768   0x00000018   Code   RO         6975    i.ADC_IRQHandler    adc.o
    0x08000780   0x08000780   0x00000178   Code   RO         7245    i.ADC_Init          stm32f4xx_hal_adc.o
    0x080008f8   0x080008f8   0x00000034   Code   RO         7645    i.DMA_CalcBaseAndBitshift  stm32f4xx_hal_dma.o
    0x0800092c   0x0800092c   0x000000ba   Code   RO         7646    i.DMA_CheckFifoParam  stm32f4xx_hal_dma.o
    0x080009e6   0x080009e6   0x0000002c   Code   RO         7647    i.DMA_SetConfig     stm32f4xx_hal_dma.o
    0x08000a12   0x08000a12   0x00000016   Code   RO         7793    i.ETH_DMAReceptionEnable  stm32f4xx_hal_eth.o
    0x08000a28   0x08000a28   0x00000016   Code   RO         7795    i.ETH_DMATransmissionEnable  stm32f4xx_hal_eth.o
    0x08000a3e   0x08000a3e   0x00000002   PAD
    0x08000a40   0x08000a40   0x00000028   Code   RO         7796    i.ETH_Delay         stm32f4xx_hal_eth.o
    0x08000a68   0x08000a68   0x00000038   Code   RO         7797    i.ETH_FlushTransmitFIFO  stm32f4xx_hal_eth.o
    0x08000aa0   0x08000aa0   0x00000010   Code   RO            4    i.ETH_IRQHandler    main.o
    0x08000ab0   0x08000ab0   0x00000034   Code   RO         7798    i.ETH_MACAddressConfig  stm32f4xx_hal_eth.o
    0x08000ae4   0x08000ae4   0x00000244   Code   RO         7799    i.ETH_MACDMAConfig  stm32f4xx_hal_eth.o
    0x08000d28   0x08000d28   0x00000028   Code   RO         7801    i.ETH_MACReceptionEnable  stm32f4xx_hal_eth.o
    0x08000d50   0x08000d50   0x00000028   Code   RO         7803    i.ETH_MACTransmissionEnable  stm32f4xx_hal_eth.o
    0x08000d78   0x08000d78   0x00000014   Code   RO          513    i.EXTI15_10_IRQHandler  controltask.o
    0x08000d8c   0x08000d8c   0x00000188   Code   RO         6857    i.GPIO_Init         gpio.o
    0x08000f14   0x08000f14   0x00000194   Code   RO         7247    i.HAL_ADC_ConfigChannel  stm32f4xx_hal_adc.o
    0x080010a8   0x080010a8   0x00000002   Code   RO         7248    i.HAL_ADC_ConvCpltCallback  stm32f4xx_hal_adc.o
    0x080010aa   0x080010aa   0x00000002   Code   RO         7249    i.HAL_ADC_ConvHalfCpltCallback  stm32f4xx_hal_adc.o
    0x080010ac   0x080010ac   0x00000002   Code   RO         7251    i.HAL_ADC_ErrorCallback  stm32f4xx_hal_adc.o
    0x080010ae   0x080010ae   0x00000002   PAD
    0x080010b0   0x080010b0   0x00000068   Code   RO         7256    i.HAL_ADC_Init      stm32f4xx_hal_adc.o
    0x08001118   0x08001118   0x000000d4   Code   RO         6976    i.HAL_ADC_MspInit   adc.o
    0x080011ec   0x080011ec   0x00000148   Code   RO         7263    i.HAL_ADC_Start_DMA  stm32f4xx_hal_adc.o
    0x08001334   0x08001334   0x00000028   Code   RO         7649    i.HAL_DMA_Abort_IT  stm32f4xx_hal_dma.o
    0x0800135c   0x0800135c   0x000000e8   Code   RO         7654    i.HAL_DMA_Init      stm32f4xx_hal_dma.o
    0x08001444   0x08001444   0x0000009e   Code   RO         7658    i.HAL_DMA_Start_IT  stm32f4xx_hal_dma.o
    0x080014e2   0x080014e2   0x0000001a   Code   RO         7102    i.HAL_Delay         stm32f4xx_hal.o
    0x080014fc   0x080014fc   0x0000008c   Code   RO         7806    i.HAL_ETH_DMARxDescListInit  stm32f4xx_hal_eth.o
    0x08001588   0x08001588   0x00000084   Code   RO         7807    i.HAL_ETH_DMATxDescListInit  stm32f4xx_hal_eth.o
    0x0800160c   0x0800160c   0x00000002   Code   RO         7809    i.HAL_ETH_ErrorCallback  stm32f4xx_hal_eth.o
    0x0800160e   0x0800160e   0x000000ba   Code   RO         7811    i.HAL_ETH_GetReceivedFrame_IT  stm32f4xx_hal_eth.o
    0x080016c8   0x080016c8   0x000000a4   Code   RO         7813    i.HAL_ETH_IRQHandler  stm32f4xx_hal_eth.o
    0x0800176c   0x0800176c   0x000002a0   Code   RO         7814    i.HAL_ETH_Init      stm32f4xx_hal_eth.o
    0x08001a0c   0x08001a0c   0x00000110   Code   RO         5146    i.HAL_ETH_MspInit   ethernetif.o
    0x08001b1c   0x08001b1c   0x00000092   Code   RO         7817    i.HAL_ETH_ReadPHYRegister  stm32f4xx_hal_eth.o
    0x08001bae   0x08001bae   0x00000002   PAD
    0x08001bb0   0x08001bb0   0x00000014   Code   RO         5147    i.HAL_ETH_RxCpltCallback  ethernetif.o
    0x08001bc4   0x08001bc4   0x00000052   Code   RO         7819    i.HAL_ETH_Start     stm32f4xx_hal_eth.o
    0x08001c16   0x08001c16   0x0000013e   Code   RO         7821    i.HAL_ETH_TransmitFrame  stm32f4xx_hal_eth.o
    0x08001d54   0x08001d54   0x00000002   Code   RO         7822    i.HAL_ETH_TxCpltCallback  stm32f4xx_hal_eth.o
    0x08001d56   0x08001d56   0x00000090   Code   RO         7823    i.HAL_ETH_WritePHYRegister  stm32f4xx_hal_eth.o
    0x08001de6   0x08001de6   0x00000002   PAD
    0x08001de8   0x08001de8   0x00000038   Code   RO          514    i.HAL_GPIO_EXTI_Callback  controltask.o
    0x08001e20   0x08001e20   0x0000001c   Code   RO         7992    i.HAL_GPIO_EXTI_IRQHandler  stm32f4xx_hal_gpio.o
    0x08001e3c   0x08001e3c   0x00000200   Code   RO         7993    i.HAL_GPIO_Init     stm32f4xx_hal_gpio.o
    0x0800203c   0x0800203c   0x00000010   Code   RO         7995    i.HAL_GPIO_ReadPin  stm32f4xx_hal_gpio.o
    0x0800204c   0x0800204c   0x00000008   Code   RO         7996    i.HAL_GPIO_TogglePin  stm32f4xx_hal_gpio.o
    0x08002054   0x08002054   0x0000000c   Code   RO         7997    i.HAL_GPIO_WritePin  stm32f4xx_hal_gpio.o
    0x08002060   0x08002060   0x0000000c   Code   RO         7108    i.HAL_GetTick       stm32f4xx_hal.o
    0x0800206c   0x0800206c   0x00000128   Code   RO         8067    i.HAL_I2C_Init      stm32f4xx_hal_i2c.o
    0x08002194   0x08002194   0x00000328   Code   RO         8073    i.HAL_I2C_Master_Receive  stm32f4xx_hal_i2c.o
    0x080024bc   0x080024bc   0x00000194   Code   RO         8078    i.HAL_I2C_Master_Transmit  stm32f4xx_hal_i2c.o
    0x08002650   0x08002650   0x0000007c   Code   RO         6938    i.HAL_I2C_MspInit   i2c.o
    0x080026cc   0x080026cc   0x00000010   Code   RO         7109    i.HAL_IncTick       stm32f4xx_hal.o
    0x080026dc   0x080026dc   0x0000003c   Code   RO         7110    i.HAL_Init          stm32f4xx_hal.o
    0x08002718   0x08002718   0x00000028   Code   RO         7111    i.HAL_InitTick      stm32f4xx_hal.o
    0x08002740   0x08002740   0x00000064   Code   RO         6805    i.HAL_MspInit       bsp.o
    0x080027a4   0x080027a4   0x00000020   Code   RO         7520    i.HAL_NVIC_EnableIRQ  stm32f4xx_hal_cortex.o
    0x080027c4   0x080027c4   0x0000007c   Code   RO         7526    i.HAL_NVIC_SetPriority  stm32f4xx_hal_cortex.o
    0x08002840   0x08002840   0x00000028   Code   RO         7527    i.HAL_NVIC_SetPriorityGrouping  stm32f4xx_hal_cortex.o
    0x08002868   0x08002868   0x000001d0   Code   RO         8664    i.HAL_RCC_ClockConfig  stm32f4xx_hal_rcc.o
    0x08002a38   0x08002a38   0x0000000c   Code   RO         8669    i.HAL_RCC_GetHCLKFreq  stm32f4xx_hal_rcc.o
    0x08002a44   0x08002a44   0x0000002c   Code   RO         8671    i.HAL_RCC_GetPCLK1Freq  stm32f4xx_hal_rcc.o
    0x08002a70   0x08002a70   0x0000002c   Code   RO         8672    i.HAL_RCC_GetPCLK2Freq  stm32f4xx_hal_rcc.o
    0x08002a9c   0x08002a9c   0x000000b4   Code   RO         8673    i.HAL_RCC_GetSysClockFreq  stm32f4xx_hal_rcc.o
    0x08002b50   0x08002b50   0x0000044c   Code   RO         8676    i.HAL_RCC_OscConfig  stm32f4xx_hal_rcc.o
    0x08002f9c   0x08002f9c   0x00000028   Code   RO         7529    i.HAL_SYSTICK_CLKSourceConfig  stm32f4xx_hal_cortex.o
    0x08002fc4   0x08002fc4   0x00000034   Code   RO         7531    i.HAL_SYSTICK_Config  stm32f4xx_hal_cortex.o
    0x08002ff8   0x08002ff8   0x00000050   Code   RO         9447    i.HAL_TIMEx_ConfigBreakDeadTime  stm32f4xx_hal_tim_ex.o
    0x08003048   0x08003048   0x00000062   Code   RO         9462    i.HAL_TIMEx_MasterConfigSynchronization  stm32f4xx_hal_tim_ex.o
    0x080030aa   0x080030aa   0x00000002   PAD
    0x080030ac   0x080030ac   0x00000064   Code   RO         6881    i.HAL_TIM_MspPostInit  pwm.o
    0x08003110   0x08003110   0x00000108   Code   RO         8872    i.HAL_TIM_PWM_ConfigChannel  stm32f4xx_hal_tim.o
    0x08003218   0x08003218   0x00000034   Code   RO         8875    i.HAL_TIM_PWM_Init  stm32f4xx_hal_tim.o
    0x0800324c   0x0800324c   0x00000064   Code   RO         6882    i.HAL_TIM_PWM_MspInit  pwm.o
    0x080032b0   0x080032b0   0x0000004c   Code   RO         8879    i.HAL_TIM_PWM_Start  stm32f4xx_hal_tim.o
    0x080032fc   0x080032fc   0x00000002   Code   RO         9705    i.HAL_UART_ErrorCallback  stm32f4xx_hal_uart.o
    0x080032fe   0x080032fe   0x00000002   PAD
    0x08003300   0x08003300   0x0000014c   Code   RO         9708    i.HAL_UART_IRQHandler  stm32f4xx_hal_uart.o
    0x0800344c   0x0800344c   0x00000072   Code   RO         9709    i.HAL_UART_Init     stm32f4xx_hal_uart.o
    0x080034be   0x080034be   0x00000002   PAD
    0x080034c0   0x080034c0   0x000001b0   Code   RO         7022    i.HAL_UART_MspInit  usart.o
    0x08003670   0x08003670   0x000000a8   Code   RO         9713    i.HAL_UART_Receive_DMA  stm32f4xx_hal_uart.o
    0x08003718   0x08003718   0x00000002   Code   RO         9715    i.HAL_UART_RxCpltCallback  stm32f4xx_hal_uart.o
    0x0800371a   0x0800371a   0x00000002   Code   RO         9716    i.HAL_UART_RxHalfCpltCallback  stm32f4xx_hal_uart.o
    0x0800371c   0x0800371c   0x00000058   Code   RO         9719    i.HAL_UART_Transmit_IT  stm32f4xx_hal_uart.o
    0x08003774   0x08003774   0x00000002   Code   RO         9720    i.HAL_UART_TxCpltCallback  stm32f4xx_hal_uart.o
    0x08003776   0x08003776   0x00000002   PAD
    0x08003778   0x08003778   0x00000038   Code   RO         6939    i.I2C3_Init         i2c.o
    0x080037b0   0x080037b0   0x00000034   Code   RO         8105    i.I2C_IsAcknowledgeFailed  stm32f4xx_hal_i2c.o
    0x080037e4   0x080037e4   0x00000130   Code   RO         8108    i.I2C_MasterRequestRead  stm32f4xx_hal_i2c.o
    0x08003914   0x08003914   0x000000c0   Code   RO         8109    i.I2C_MasterRequestWrite  stm32f4xx_hal_i2c.o
    0x080039d4   0x080039d4   0x00000056   Code   RO         8124    i.I2C_WaitOnBTFFlagUntilTimeout  stm32f4xx_hal_i2c.o
    0x08003a2a   0x08003a2a   0x0000007c   Code   RO         8125    i.I2C_WaitOnFlagUntilTimeout  stm32f4xx_hal_i2c.o
    0x08003aa6   0x08003aa6   0x000000ac   Code   RO         8126    i.I2C_WaitOnMasterAddressFlagUntilTimeout  stm32f4xx_hal_i2c.o
    0x08003b52   0x08003b52   0x0000006e   Code   RO         8127    i.I2C_WaitOnRXNEFlagUntilTimeout  stm32f4xx_hal_i2c.o
    0x08003bc0   0x08003bc0   0x00000056   Code   RO         8129    i.I2C_WaitOnTXEFlagUntilTimeout  stm32f4xx_hal_i2c.o
    0x08003c16   0x08003c16   0x00000002   PAD
    0x08003c18   0x08003c18   0x000000f8   Code   RO         5623    i.MX_LWIP_Init      lwip.o
    0x08003d10   0x08003d10   0x00000094   Code   RO         6883    i.MX_TIM1_Init      pwm.o
    0x08003da4   0x08003da4   0x00000078   Code   RO         6884    i.MX_TIM4_Init      pwm.o
    0x08003e1c   0x08003e1c   0x00000010   Code   RO         6885    i.PWM_Init          pwm.o
    0x08003e2c   0x08003e2c   0x00000044   Code   RO         6886    i.PWM_Start         pwm.o
    0x08003e70   0x08003e70   0x00000014   Code   RO            5    i.SysTick_Handler   main.o
    0x08003e84   0x08003e84   0x000000bc   Code   RO         6806    i.SystemClock_Config  bsp.o
    0x08003f40   0x08003f40   0x00000064   Code   RO        10289    i.SystemInit        system_stm32f4xx_1.o
    0x08003fa4   0x08003fa4   0x000000e4   Code   RO         8890    i.TIM_Base_SetConfig  stm32f4xx_hal_tim.o
    0x08004088   0x08004088   0x0000001c   Code   RO         8891    i.TIM_CCxChannelCmd  stm32f4xx_hal_tim.o
    0x080040a4   0x080040a4   0x00000070   Code   RO         8899    i.TIM_OC1_SetConfig  stm32f4xx_hal_tim.o
    0x08004114   0x08004114   0x00000078   Code   RO         8900    i.TIM_OC2_SetConfig  stm32f4xx_hal_tim.o
    0x0800418c   0x0800418c   0x00000078   Code   RO         8901    i.TIM_OC3_SetConfig  stm32f4xx_hal_tim.o
    0x08004204   0x08004204   0x00000060   Code   RO         8902    i.TIM_OC4_SetConfig  stm32f4xx_hal_tim.o
    0x08004264   0x08004264   0x00000064   Code   RO         7023    i.UART5_IRQHandler  usart.o
    0x080042c8   0x080042c8   0x00000050   Code   RO         7024    i.UART5_Init        usart.o
    0x08004318   0x08004318   0x00000014   Code   RO         9722    i.UART_DMAAbortOnError  stm32f4xx_hal_uart.o
    0x0800432c   0x0800432c   0x00000050   Code   RO         9723    i.UART_DMAError     stm32f4xx_hal_uart.o
    0x0800437c   0x0800437c   0x00000046   Code   RO         9724    i.UART_DMAReceiveCplt  stm32f4xx_hal_uart.o
    0x080043c2   0x080043c2   0x0000000e   Code   RO         9726    i.UART_DMARxHalfCplt  stm32f4xx_hal_uart.o
    0x080043d0   0x080043d0   0x00000020   Code   RO         9732    i.UART_EndRxTransfer  stm32f4xx_hal_uart.o
    0x080043f0   0x080043f0   0x00000020   Code   RO         9733    i.UART_EndTransmit_IT  stm32f4xx_hal_uart.o
    0x08004410   0x08004410   0x00000014   Code   RO         9734    i.UART_EndTxTransfer  stm32f4xx_hal_uart.o
    0x08004424   0x08004424   0x0000000c   Code   RO         7025    i.UART_Init         usart.o
    0x08004430   0x08004430   0x0000009a   Code   RO         9735    i.UART_Receive_IT   stm32f4xx_hal_uart.o
    0x080044ca   0x080044ca   0x00000002   PAD
    0x080044cc   0x080044cc   0x00000368   Code   RO         9736    i.UART_SetConfig    stm32f4xx_hal_uart.o
    0x08004834   0x08004834   0x00000068   Code   RO         9737    i.UART_Transmit_IT  stm32f4xx_hal_uart.o
    0x0800489c   0x0800489c   0x00000038   Code   RO         7026    i.USART6_IRQHandler  usart.o
    0x080048d4   0x080048d4   0x00000050   Code   RO         7027    i.USART6_Init       usart.o
    0x08004924   0x08004924   0x00000068   Code   RO          664    i._Z11compassTaskPv  compasstask.o
    0x0800498c   0x0800498c   0x00000064   Code   RO          515    i._Z11controlTaskPv  controltask.o
    0x080049f0   0x080049f0   0x00000048   Code   RO          749    i._Z12pressureTaskPv  pressuretask.o
    0x08004a38   0x08004a38   0x00000034   Code   RO          912    i._Z12tempHumiTaskPv  temphumitask.o
    0x08004a6c   0x08004a6c   0x000001d0   Code   RO          373    i._Z13commanderTaskPv  commandertask.o
    0x08004c3c   0x08004c3c   0x00000030   Code   RO          516    i._Z13unpackLedDataPh  controltask.o
    0x08004c6c   0x08004c6c   0x0000001c   Code   RO          517    i._Z16unpackGimbalDataPh  controltask.o
    0x08004c88   0x08004c88   0x00000044   Code   RO          518    i._Z17unpackControlDataPh  controltask.o
    0x08004ccc   0x08004ccc   0x00000074   Code   RO          377    i._Z20udp_receive_callbackPvP7udp_pcbP4pbufPK8ip4_addrt  commandertask.o
    0x08004d40   0x08004d40   0x00000010   Code   RO          344    i._Z7ethTaskPv      ethtask.o
    0x08004d50   0x08004d50   0x00000018   Code   RO         1093    i._Z7ledTaskPv      ledtask.o
    0x08004d68   0x08004d68   0x00000034   Code   RO         1032    i._Z9powerTaskPv    powertask.o
    0x08004d9c   0x08004d9c   0x0000001c   Code   RO          750    i._ZN10Pressure_t15sendToCommanderEv  pressuretask.o
    0x08004db8   0x08004db8   0x00000154   Code   RO          752    i._ZN10Pressure_t5calcPEv  pressuretask.o
    0x08004f0c   0x08004f0c   0x00000020   Code   RO          753    i._ZN10Pressure_t5resetEv  pressuretask.o
    0x08004f2c   0x08004f2c   0x00000054   Code   RO          754    i._ZN10Pressure_t8readPromEv  pressuretask.o
    0x08004f80   0x08004f80   0x00000002   Code   RO          755    i._ZN10Pressure_tC1Ev  pressuretask.o
    0x08004f82   0x08004f82   0x00000002   PAD
    0x08004f84   0x08004f84   0x00000070   Code   RO          913    i._ZN14TempHumidity_t10transStartEv  temphumitask.o
    0x08004ff4   0x08004ff4   0x0000001c   Code   RO          915    i._ZN14TempHumidity_t14dataReadEnableEv  temphumitask.o
    0x08005010   0x08005010   0x0000004c   Code   RO          917    i._ZN14TempHumidity_t15connectionResetEv  temphumitask.o
    0x0800505c   0x0800505c   0x00000018   Code   RO          918    i._ZN14TempHumidity_t15dataWriteEnableEv  temphumitask.o
    0x08005074   0x08005074   0x0000001c   Code   RO          919    i._ZN14TempHumidity_t15sendToCommanderEv  temphumitask.o
    0x08005090   0x08005090   0x00000070   Code   RO          920    i._ZN14TempHumidity_t6mesureEPhS0_h  temphumitask.o
    0x08005100   0x08005100   0x000000a4   Code   RO          921    i._ZN14TempHumidity_t8readByteEh  temphumitask.o
    0x080051a4   0x080051a4   0x0000012c   Code   RO          922    i._ZN14TempHumidity_t8readHumiEv  temphumitask.o
    0x080052d0   0x080052d0   0x0000006c   Code   RO          923    i._ZN14TempHumidity_t8readTempEv  temphumitask.o
    0x0800533c   0x0800533c   0x00000098   Code   RO          925    i._ZN14TempHumidity_t9writeByteEh  temphumitask.o
    0x080053d4   0x080053d4   0x0000000a   Code   RO          926    i._ZN14TempHumidity_tC1Ev  temphumitask.o
    0x080053de   0x080053de   0x00000002   PAD
    0x080053e0   0x080053e0   0x00000038   Code   RO          519    i._ZN5Led_t12setIntensityEht  controltask.o
    0x08005418   0x08005418   0x00000020   Code   RO          520    i._ZN5Led_t4initEv  controltask.o
    0x08005438   0x08005438   0x00000002   Code   RO          521    i._ZN5Led_tC1Ev     controltask.o
    0x0800543a   0x0800543a   0x00000002   PAD
    0x0800543c   0x0800543c   0x00000028   Code   RO          522    i._ZN7Motor_t13getSpeedCountEv  controltask.o
    0x08005464   0x08005464   0x00000014   Code   RO          523    i._ZN7Motor_t4initEv  controltask.o
    0x08005478   0x08005478   0x000000d8   Code   RO          524    i._ZN7Motor_t8setSpeedEff  controltask.o
    0x08005550   0x08005550   0x00000018   Code   RO          525    i._ZN7Motor_tC1Ev   controltask.o
    0x08005568   0x08005568   0x00000018   Code   RO         1033    i._ZN7Power_t15sendToCommanderEv  powertask.o
    0x08005580   0x08005580   0x00000018   Code   RO         1034    i._ZN7Power_t8startCovEv  powertask.o
    0x08005598   0x08005598   0x00000002   Code   RO         1035    i._ZN7Power_tC1Ev   powertask.o
    0x0800559a   0x0800559a   0x00000002   PAD
    0x0800559c   0x0800559c   0x0000001c   Code   RO          526    i._ZN8Gimbal_t4initEv  controltask.o
    0x080055b8   0x080055b8   0x0000001c   Code   RO          527    i._ZN8Gimbal_t6setYawEh  controltask.o
    0x080055d4   0x080055d4   0x00000018   Code   RO          528    i._ZN8Gimbal_t8setPitchEh  controltask.o
    0x080055ec   0x080055ec   0x00000006   Code   RO          529    i._ZN8Gimbal_tC1Ett  controltask.o
    0x080055f2   0x080055f2   0x00000002   PAD
    0x080055f4   0x080055f4   0x00000070   Code   RO          379    i._ZN8Remote_t7sendMsgEhPhh  commandertask.o
    0x08005664   0x08005664   0x00000048   Code   RO          380    i._ZN8Remote_t7udpInitEv  commandertask.o
    0x080056ac   0x080056ac   0x00000006   Code   RO          381    i._ZN8Remote_tC1Ev  commandertask.o
    0x080056b2   0x080056b2   0x00000002   PAD
    0x080056b4   0x080056b4   0x0000001c   Code   RO          665    i._ZN9Compass_t15sendToCommanderEv  compasstask.o
    0x080056d0   0x080056d0   0x00000028   Code   RO          666    i._ZN9Compass_t7factoryEv  compasstask.o
    0x080056f8   0x080056f8   0x00000028   Code   RO          667    i._ZN9Compass_t8saveCaliEv  compasstask.o
    0x08005720   0x08005720   0x00000028   Code   RO          668    i._ZN9Compass_t8stopCaliEv  compasstask.o
    0x08005748   0x08005748   0x00000028   Code   RO          669    i._ZN9Compass_t9readAngleEv  compasstask.o
    0x08005770   0x08005770   0x00000028   Code   RO          670    i._ZN9Compass_t9startCaliEv  compasstask.o
    0x08005798   0x08005798   0x00000010   Code   RO          671    i._ZN9Compass_tC1Ev  compasstask.o
    0x080057a8   0x080057a8   0x00000010   Code   RO         7533    i.__NVIC_GetPriorityGrouping  stm32f4xx_hal_cortex.o
    0x080057b8   0x080057b8   0x00000028   Code   RO         7534    i.__NVIC_SetPriority  stm32f4xx_hal_cortex.o
    0x080057e0   0x080057e0   0x00000010   Code   RO         1036    i.__sti___13_powerTask_cpp_be192153  powertask.o
    0x080057f0   0x080057f0   0x00000010   Code   RO          672    i.__sti___15_compassTask_cpp_073cf7cc  compasstask.o
    0x08005800   0x08005800   0x0000002c   Code   RO          530    i.__sti___15_controlTask_cpp_6d83e3ef  controltask.o
    0x0800582c   0x0800582c   0x00000010   Code   RO          756    i.__sti___16_pressureTask_cpp_3cff0e83  pressuretask.o
    0x0800583c   0x0800583c   0x00000010   Code   RO          927    i.__sti___16_tempHumiTask_cpp_81e101d9  temphumitask.o
    0x0800584c   0x0800584c   0x00000010   Code   RO          382    i.__sti___17_commanderTask_cpp_e045479e  commandertask.o
    0x0800585c   0x0800585c   0x00000094   Code   RO         1037    i.adcConvCpltCallback  powertask.o
    0x080058f0   0x080058f0   0x0000001c   Code   RO         3416    i.cyclic_timer      timeouts.o
    0x0800590c   0x0800590c   0x0000002a   Code   RO         3639    i.dhcp_arp_reply    dhcp.o
    0x08005936   0x08005936   0x00000102   Code   RO         3640    i.dhcp_bind         dhcp.o
    0x08005a38   0x08005a38   0x0000003e   Code   RO         3641    i.dhcp_check        dhcp.o
    0x08005a76   0x08005a76   0x00000002   PAD
    0x08005a78   0x08005a78   0x00000068   Code   RO         3643    i.dhcp_coarse_tmr   dhcp.o
    0x08005ae0   0x08005ae0   0x00000150   Code   RO         3644    i.dhcp_create_msg   dhcp.o
    0x08005c30   0x08005c30   0x00000098   Code   RO         3646    i.dhcp_decline      dhcp.o
    0x08005cc8   0x08005cc8   0x00000028   Code   RO         3647    i.dhcp_delete_msg   dhcp.o
    0x08005cf0   0x08005cf0   0x000000d4   Code   RO         3648    i.dhcp_discover     dhcp.o
    0x08005dc4   0x08005dc4   0x0000003c   Code   RO         3649    i.dhcp_fine_tmr     dhcp.o
    0x08005e00   0x08005e00   0x00000020   Code   RO         3656    i.dhcp_option       dhcp.o
    0x08005e20   0x08005e20   0x00000012   Code   RO         3657    i.dhcp_option_byte  dhcp.o
    0x08005e32   0x08005e32   0x00000042   Code   RO         3658    i.dhcp_option_long  dhcp.o
    0x08005e74   0x08005e74   0x00000022   Code   RO         3659    i.dhcp_option_short  dhcp.o
    0x08005e96   0x08005e96   0x00000046   Code   RO         3660    i.dhcp_option_trailer  dhcp.o
    0x08005edc   0x08005edc   0x000000c0   Code   RO         3662    i.dhcp_rebind       dhcp.o
    0x08005f9c   0x08005f9c   0x000000dc   Code   RO         3663    i.dhcp_reboot       dhcp.o
    0x08006078   0x08006078   0x000000ac   Code   RO         3665    i.dhcp_release      dhcp.o
    0x08006124   0x08006124   0x000000bc   Code   RO         3666    i.dhcp_renew        dhcp.o
    0x080061e0   0x080061e0   0x00000104   Code   RO         3667    i.dhcp_select       dhcp.o
    0x080062e4   0x080062e4   0x00000010   Code   RO         3668    i.dhcp_set_state    dhcp.o
    0x080062f4   0x080062f4   0x00000022   Code   RO         3672    i.dhcp_supplied_address  dhcp.o
    0x08006316   0x08006316   0x00000042   Code   RO         3673    i.dhcp_t1_timeout   dhcp.o
    0x08006358   0x08006358   0x00000048   Code   RO         3674    i.dhcp_t2_timeout   dhcp.o
    0x080063a0   0x080063a0   0x00000074   Code   RO         3675    i.dhcp_timeout      dhcp.o
    0x08006414   0x08006414   0x00000028   Code   RO         2488    i.do_memp_free_pool  memp.o
    0x0800643c   0x0800643c   0x0000002e   Code   RO         2489    i.do_memp_malloc_pool  memp.o
    0x0800646a   0x0800646a   0x00000002   PAD
    0x0800646c   0x0800646c   0x00000038   Code   RO         3864    i.etharp_cleanup_netif  etharp.o
    0x080064a4   0x080064a4   0x00000160   Code   RO         3866    i.etharp_find_entry  etharp.o
    0x08006604   0x08006604   0x00000040   Code   RO         3867    i.etharp_free_entry  etharp.o
    0x08006644   0x08006644   0x000000de   Code   RO         3869    i.etharp_input      etharp.o
    0x08006722   0x08006722   0x00000002   PAD
    0x08006724   0x08006724   0x00000134   Code   RO         3870    i.etharp_output     etharp.o
    0x08006858   0x08006858   0x000000b8   Code   RO         3871    i.etharp_output_to_arp_index  etharp.o
    0x08006910   0x08006910   0x00000174   Code   RO         3872    i.etharp_query      etharp.o
    0x08006a84   0x08006a84   0x00000098   Code   RO         3873    i.etharp_raw        etharp.o
    0x08006b1c   0x08006b1c   0x00000018   Code   RO         3874    i.etharp_request    etharp.o
    0x08006b34   0x08006b34   0x0000002c   Code   RO         3875    i.etharp_request_dst  etharp.o
    0x08006b60   0x08006b60   0x000000dc   Code   RO         3876    i.etharp_tmr        etharp.o
    0x08006c3c   0x08006c3c   0x000000c0   Code   RO         3877    i.etharp_update_arp_entry  etharp.o
    0x08006cfc   0x08006cfc   0x000000c8   Code   RO         4377    i.ethernet_input    ethernet.o
    0x08006dc4   0x08006dc4   0x00000056   Code   RO         4378    i.ethernet_output   ethernet.o
    0x08006e1a   0x08006e1a   0x00000002   PAD
    0x08006e1c   0x08006e1c   0x00000030   Code   RO         5148    i.ethernetif_init   ethernetif.o
    0x08006e4c   0x08006e4c   0x0000003c   Code   RO         5149    i.ethernetif_input  ethernetif.o
    0x08006e88   0x08006e88   0x00000012   Code   RO         3963    i.icmp_dest_unreach  icmp.o
    0x08006e9a   0x08006e9a   0x00000002   PAD
    0x08006e9c   0x08006e9c   0x00000178   Code   RO         3964    i.icmp_input        icmp.o
    0x08007014   0x08007014   0x00000074   Code   RO         3965    i.icmp_send_response  icmp.o
    0x08007088   0x08007088   0x00000012   Code   RO         3966    i.icmp_time_exceeded  icmp.o
    0x0800709a   0x0800709a   0x00000010   Code   RO         5238    i.inHandlerMode     cmsis_os.o
    0x080070aa   0x080070aa   0x0000004e   Code   RO         4072    i.ip4_addr_isbroadcast_u32  ip4_addr.o
    0x080070f8   0x080070f8   0x000001c0   Code   RO         4137    i.ip4_frag          ip4_frag.o
    0x080072b8   0x080072b8   0x000001ec   Code   RO         4022    i.ip4_input         ip4.o
    0x080074a4   0x080074a4   0x00000036   Code   RO         4024    i.ip4_output_if     ip4.o
    0x080074da   0x080074da   0x00000002   PAD
    0x080074dc   0x080074dc   0x000000c8   Code   RO         4025    i.ip4_output_if_src  ip4.o
    0x080075a4   0x080075a4   0x000001a0   Code   RO         4138    i.ip4_reass         ip4_frag.o
    0x08007744   0x08007744   0x00000090   Code   RO         4026    i.ip4_route         ip4.o
    0x080077d4   0x080077d4   0x0000000a   Code   RO         4139    i.ip_frag_alloc_pbuf_custom_ref  ip4_frag.o
    0x080077de   0x080077de   0x00000012   Code   RO         4140    i.ip_frag_free_pbuf_custom_ref  ip4_frag.o
    0x080077f0   0x080077f0   0x0000016c   Code   RO         4141    i.ip_reass_chain_frag_into_datagram_and_validate  ip4_frag.o
    0x0800795c   0x0800795c   0x0000002c   Code   RO         4142    i.ip_reass_dequeue_datagram  ip4_frag.o
    0x08007988   0x08007988   0x00000054   Code   RO         4143    i.ip_reass_enqueue_new_datagram  ip4_frag.o
    0x080079dc   0x080079dc   0x000000a0   Code   RO         4144    i.ip_reass_free_complete_datagram  ip4_frag.o
    0x08007a7c   0x08007a7c   0x00000088   Code   RO         4145    i.ip_reass_remove_oldest_datagram  ip4_frag.o
    0x08007b04   0x08007b04   0x00000034   Code   RO         4146    i.ip_reass_tmr      ip4_frag.o
    0x08007b38   0x08007b38   0x00000020   Code   RO         4147    i.ipfrag_free_pbuf_custom  ip4_frag.o
    0x08007b58   0x08007b58   0x00000118   Code   RO         5150    i.low_level_init    ethernetif.o
    0x08007c70   0x08007c70   0x00000104   Code   RO         5151    i.low_level_input   ethernetif.o
    0x08007d74   0x08007d74   0x000000e8   Code   RO         5152    i.low_level_output  ethernetif.o
    0x08007e5c   0x08007e5c   0x0000001a   Code   RO         2211    i.lwip_htonl        def.o
    0x08007e76   0x08007e76   0x0000000c   Code   RO         2212    i.lwip_htons        def.o
    0x08007e82   0x08007e82   0x00000024   Code   RO         2357    i.lwip_init         init.o
    0x08007ea6   0x08007ea6   0x00000002   PAD
    0x08007ea8   0x08007ea8   0x0000003c   Code   RO            6    i.main              main.o
    0x08007ee4   0x08007ee4   0x0000000e   Code   RO         5240    i.makeFreeRtosPriority  cmsis_os.o
    0x08007ef2   0x08007ef2   0x00000002   PAD
    0x08007ef4   0x08007ef4   0x0000006c   Code   RO         2432    i.mem_free          mem.o
    0x08007f60   0x08007f60   0x0000006c   Code   RO         2433    i.mem_init          mem.o
    0x08007fcc   0x08007fcc   0x0000010c   Code   RO         2434    i.mem_malloc        mem.o
    0x080080d8   0x080080d8   0x00000124   Code   RO         2435    i.mem_trim          mem.o
    0x080081fc   0x080081fc   0x00000028   Code   RO         2490    i.memp_free         memp.o
    0x08008224   0x08008224   0x00000020   Code   RO         2492    i.memp_init         memp.o
    0x08008244   0x08008244   0x0000002c   Code   RO         2493    i.memp_init_pool    memp.o
    0x08008270   0x08008270   0x00000024   Code   RO         2494    i.memp_malloc       memp.o
    0x08008294   0x08008294   0x00000074   Code   RO         2579    i.netif_add         netif.o
    0x08008308   0x08008308   0x00000002   Code   RO         2581    i.netif_init        netif.o
    0x0800830a   0x0800830a   0x00000024   Code   RO         2583    i.netif_issue_reports  netif.o
    0x0800832e   0x0800832e   0x00000048   Code   RO         2585    i.netif_set_addr    netif.o
    0x08008376   0x08008376   0x00000002   PAD
    0x08008378   0x08008378   0x0000000c   Code   RO         2586    i.netif_set_default  netif.o
    0x08008384   0x08008384   0x0000002a   Code   RO         2587    i.netif_set_down    netif.o
    0x080083ae   0x080083ae   0x0000000c   Code   RO         2588    i.netif_set_gw      netif.o
    0x080083ba   0x080083ba   0x00000002   PAD
    0x080083bc   0x080083bc   0x0000004c   Code   RO         2589    i.netif_set_ipaddr  netif.o
    0x08008408   0x08008408   0x0000000c   Code   RO         2592    i.netif_set_netmask  netif.o
    0x08008414   0x08008414   0x0000002c   Code   RO         2593    i.netif_set_up      netif.o
    0x08008440   0x08008440   0x00000014   Code   RO         5246    i.osKernelSysTick   cmsis_os.o
    0x08008454   0x08008454   0x00000012   Code   RO         5254    i.osMessageCreate   cmsis_os.o
    0x08008466   0x08008466   0x00000002   PAD
    0x08008468   0x08008468   0x0000009c   Code   RO         5256    i.osMessageGet      cmsis_os.o
    0x08008504   0x08008504   0x00000060   Code   RO         5258    i.osMessagePut      cmsis_os.o
    0x08008564   0x08008564   0x0000000c   Code   RO         5260    i.osMutexCreate     cmsis_os.o
    0x08008570   0x08008570   0x00000050   Code   RO         5262    i.osMutexRelease    cmsis_os.o
    0x080085c0   0x080085c0   0x00000068   Code   RO         5263    i.osMutexWait       cmsis_os.o
    0x08008628   0x08008628   0x00000032   Code   RO         5271    i.osSemaphoreCreate  cmsis_os.o
    0x0800865a   0x0800865a   0x00000002   PAD
    0x0800865c   0x0800865c   0x00000050   Code   RO         5274    i.osSemaphoreRelease  cmsis_os.o
    0x080086ac   0x080086ac   0x00000068   Code   RO         5275    i.osSemaphoreWait   cmsis_os.o
    0x08008714   0x08008714   0x00000030   Code   RO         5279    i.osThreadCreate    cmsis_os.o
    0x08008744   0x08008744   0x00000194   Code   RO         2702    i.pbuf_alloc        pbuf.o
    0x080088d8   0x080088d8   0x0000006e   Code   RO         2703    i.pbuf_alloced_custom  pbuf.o
    0x08008946   0x08008946   0x00000038   Code   RO         2704    i.pbuf_cat          pbuf.o
    0x0800897e   0x0800897e   0x00000016   Code   RO         2705    i.pbuf_chain        pbuf.o
    0x08008994   0x08008994   0x00000012   Code   RO         2706    i.pbuf_clen         pbuf.o
    0x080089a6   0x080089a6   0x000000c0   Code   RO         2708    i.pbuf_copy         pbuf.o
    0x08008a66   0x08008a66   0x00000092   Code   RO         2709    i.pbuf_copy_partial  pbuf.o
    0x08008af8   0x08008af8   0x00000092   Code   RO         2711    i.pbuf_free         pbuf.o
    0x08008b8a   0x08008b8a   0x00000002   PAD
    0x08008b8c   0x08008b8c   0x00000040   Code   RO         2712    i.pbuf_free_ooseq   pbuf.o
    0x08008bcc   0x08008bcc   0x0000000a   Code   RO         2713    i.pbuf_free_ooseq_callback  pbuf.o
    0x08008bd6   0x08008bd6   0x00000012   Code   RO         2715    i.pbuf_header       pbuf.o
    0x08008be8   0x08008be8   0x00000012   Code   RO         2716    i.pbuf_header_force  pbuf.o
    0x08008bfa   0x08008bfa   0x0000008e   Code   RO         2717    i.pbuf_header_impl  pbuf.o
    0x08008c88   0x08008c88   0x00000048   Code   RO         2720    i.pbuf_pool_is_empty  pbuf.o
    0x08008cd0   0x08008cd0   0x00000080   Code   RO         2722    i.pbuf_realloc      pbuf.o
    0x08008d50   0x08008d50   0x0000001e   Code   RO         2723    i.pbuf_ref          pbuf.o
    0x08008d6e   0x08008d6e   0x0000008a   Code   RO         2727    i.pbuf_take         pbuf.o
    0x08008df8   0x08008df8   0x00000088   Code   RO         2436    i.plug_holes        mem.o
    0x08008e80   0x08008e80   0x00000098   Code   RO         6262    i.prvAddCurrentTaskToDelayedList  tasks.o
    0x08008f18   0x08008f18   0x000000b8   Code   RO         6263    i.prvAddNewTaskToReadyList  tasks.o
    0x08008fd0   0x08008fd0   0x00000064   Code   RO         6611    i.prvCheckForValidListAndQueue  timers_1.o
    0x08009034   0x08009034   0x00000048   Code   RO         6264    i.prvCheckTasksWaitingTermination  tasks.o
    0x0800907c   0x0800907c   0x0000002a   Code   RO         5903    i.prvCopyDataFromQueue  queue.o
    0x080090a6   0x080090a6   0x0000007c   Code   RO         5904    i.prvCopyDataToQueue  queue.o
    0x08009122   0x08009122   0x00000012   Code   RO         6265    i.prvDeleteTCB      tasks.o
    0x08009134   0x08009134   0x00000014   Code   RO         5905    i.prvGetDisinheritPriorityAfterTimeout  queue.o
    0x08009148   0x08009148   0x00000028   Code   RO         6612    i.prvGetNextExpireTime  timers_1.o
    0x08009170   0x08009170   0x0000007c   Code   RO         6753    i.prvHeapInit       heap_4.o
    0x080091ec   0x080091ec   0x00000028   Code   RO         6266    i.prvIdleTask       tasks.o
    0x08009214   0x08009214   0x0000001c   Code   RO         5906    i.prvInitialiseMutex  queue.o
    0x08009230   0x08009230   0x0000002a   Code   RO         5907    i.prvInitialiseNewQueue  queue.o
    0x0800925a   0x0800925a   0x000000b4   Code   RO         6267    i.prvInitialiseNewTask  tasks.o
    0x0800930e   0x0800930e   0x00000002   PAD
    0x08009310   0x08009310   0x00000068   Code   RO         6268    i.prvInitialiseTaskLists  tasks.o
    0x08009378   0x08009378   0x00000068   Code   RO         6754    i.prvInsertBlockIntoFreeList  heap_4.o
    0x080093e0   0x080093e0   0x00000058   Code   RO         6614    i.prvInsertTimerInActiveList  timers_1.o
    0x08009438   0x08009438   0x0000001a   Code   RO         5908    i.prvIsQueueEmpty   queue.o
    0x08009452   0x08009452   0x0000001e   Code   RO         5909    i.prvIsQueueFull    queue.o
    0x08009470   0x08009470   0x00000064   Code   RO         6615    i.prvProcessExpiredTimer  timers_1.o
    0x080094d4   0x080094d4   0x000000f4   Code   RO         6616    i.prvProcessReceivedCommands  timers_1.o
    0x080095c8   0x080095c8   0x00000074   Code   RO         6617    i.prvProcessTimerOrBlockTask  timers_1.o
    0x0800963c   0x0800963c   0x00000034   Code   RO         6270    i.prvResetNextTaskUnblockTime  tasks.o
    0x08009670   0x08009670   0x0000002c   Code   RO         6618    i.prvSampleTimeNow  timers_1.o
    0x0800969c   0x0800969c   0x000000a0   Code   RO         6619    i.prvSwitchTimerLists  timers_1.o
    0x0800973c   0x0800973c   0x00000040   Code   RO         5826    i.prvTaskExitError  port.o
    0x0800977c   0x0800977c   0x0000001a   Code   RO         6620    i.prvTimerTask      timers_1.o
    0x08009796   0x08009796   0x0000007e   Code   RO         5910    i.prvUnlockQueue    queue.o
    0x08009814   0x08009814   0x0000013c   Code   RO         6755    i.pvPortMalloc      heap_4.o
    0x08009950   0x08009950   0x00000020   Code   RO         6273    i.pvTaskIncrementMutexHeldCount  tasks.o
    0x08009970   0x08009970   0x0000002c   Code   RO         5827    i.pxPortInitialiseStack  port.o
    0x0800999c   0x0800999c   0x0000005e   Code   RO         4969    i.sys_arch_mbox_fetch  sys_arch.o
    0x080099fa   0x080099fa   0x00000002   PAD
    0x080099fc   0x080099fc   0x00000018   Code   RO         4971    i.sys_arch_protect  sys_arch.o
    0x08009a14   0x08009a14   0x00000014   Code   RO         4973    i.sys_arch_unprotect  sys_arch.o
    0x08009a28   0x08009a28   0x0000007c   Code   RO         3417    i.sys_check_timeouts  timeouts.o
    0x08009aa4   0x08009aa4   0x00000018   Code   RO         4974    i.sys_init          sys_arch.o
    0x08009abc   0x08009abc   0x0000002c   Code   RO         4976    i.sys_mbox_new      sys_arch.o
    0x08009ae8   0x08009ae8   0x0000001a   Code   RO         4977    i.sys_mbox_post     sys_arch.o
    0x08009b02   0x08009b02   0x0000001e   Code   RO         4979    i.sys_mbox_trypost  sys_arch.o
    0x08009b20   0x08009b20   0x0000000e   Code   RO         4980    i.sys_mbox_valid    sys_arch.o
    0x08009b2e   0x08009b2e   0x00000010   Code   RO         4982    i.sys_mutex_lock    sys_arch.o
    0x08009b3e   0x08009b3e   0x0000001e   Code   RO         4983    i.sys_mutex_new     sys_arch.o
    0x08009b5c   0x08009b5c   0x0000000c   Code   RO         4984    i.sys_mutex_unlock  sys_arch.o
    0x08009b68   0x08009b68   0x00000008   Code   RO         5154    i.sys_now           ethernetif.o
    0x08009b70   0x08009b70   0x00000036   Code   RO         4990    i.sys_thread_new    sys_arch.o
    0x08009ba6   0x08009ba6   0x00000002   PAD
    0x08009ba8   0x08009ba8   0x000000d8   Code   RO         3419    i.sys_timeout       timeouts.o
    0x08009c80   0x08009c80   0x00000034   Code   RO         3420    i.sys_timeouts_init  timeouts.o
    0x08009cb4   0x08009cb4   0x00000040   Code   RO         3421    i.sys_timeouts_mbox_fetch  timeouts.o
    0x08009cf4   0x08009cf4   0x00000038   Code   RO         3422    i.sys_timeouts_sleeptime  timeouts.o
    0x08009d2c   0x08009d2c   0x000000f4   Code   RO         2946    i.tcp_abandon       tcp.o
    0x08009e20   0x08009e20   0x0000000e   Code   RO         2947    i.tcp_abort         tcp.o
    0x08009e2e   0x08009e2e   0x00000002   PAD
    0x08009e30   0x08009e30   0x000000c0   Code   RO         2950    i.tcp_alloc         tcp.o
    0x08009ef0   0x08009ef0   0x0000001c   Code   RO         2953    i.tcp_close         tcp.o
    0x08009f0c   0x08009f0c   0x000001ac   Code   RO         2954    i.tcp_close_shutdown  tcp.o
    0x0800a0b8   0x0800a0b8   0x000000be   Code   RO         3307    i.tcp_create_segment  tcp_out.o
    0x0800a176   0x0800a176   0x0000003a   Code   RO         2957    i.tcp_eff_send_mss_impl  tcp.o
    0x0800a1b0   0x0800a1b0   0x0000010e   Code   RO         3308    i.tcp_enqueue_flags  tcp_out.o
    0x0800a2be   0x0800a2be   0x00000002   PAD
    0x0800a2c0   0x0800a2c0   0x00000078   Code   RO         2959    i.tcp_fasttmr       tcp.o
    0x0800a338   0x0800a338   0x00000058   Code   RO         3231    i.tcp_getoptbyte    tcp_in.o
    0x0800a390   0x0800a390   0x00000002   Code   RO         2960    i.tcp_init          tcp.o
    0x0800a392   0x0800a392   0x00000002   PAD
    0x0800a394   0x0800a394   0x00000508   Code   RO         3232    i.tcp_input         tcp_in.o
    0x0800a89c   0x0800a89c   0x0000005a   Code   RO         3309    i.tcp_keepalive     tcp_out.o
    0x0800a8f6   0x0800a8f6   0x00000002   PAD
    0x0800a8f8   0x0800a8f8   0x00000058   Code   RO         2961    i.tcp_kill_prio     tcp.o
    0x0800a950   0x0800a950   0x0000004c   Code   RO         2962    i.tcp_kill_state    tcp.o
    0x0800a99c   0x0800a99c   0x0000003c   Code   RO         2963    i.tcp_kill_timewait  tcp.o
    0x0800a9d8   0x0800a9d8   0x0000002c   Code   RO         2964    i.tcp_listen_closed  tcp.o
    0x0800aa04   0x0800aa04   0x00000140   Code   RO         3233    i.tcp_listen_input  tcp_in.o
    0x0800ab44   0x0800ab44   0x00000054   Code   RO         2966    i.tcp_netif_ip_addr_changed  tcp.o
    0x0800ab98   0x0800ab98   0x0000002a   Code   RO         2967    i.tcp_netif_ip_addr_changed_pcblist  tcp.o
    0x0800abc2   0x0800abc2   0x00000002   PAD
    0x0800abc4   0x0800abc4   0x0000001c   Code   RO         2971    i.tcp_next_iss      tcp.o
    0x0800abe0   0x0800abe0   0x00000090   Code   RO         3234    i.tcp_oos_insert_segment  tcp_in.o
    0x0800ac70   0x0800ac70   0x0000021c   Code   RO         3310    i.tcp_output        tcp_out.o
    0x0800ae8c   0x0800ae8c   0x00000078   Code   RO         3311    i.tcp_output_alloc_header  tcp_out.o
    0x0800af04   0x0800af04   0x000000c4   Code   RO         3312    i.tcp_output_segment  tcp_out.o
    0x0800afc8   0x0800afc8   0x0000009c   Code   RO         3235    i.tcp_parseopt      tcp_in.o
    0x0800b064   0x0800b064   0x00000048   Code   RO         2972    i.tcp_pcb_purge     tcp.o
    0x0800b0ac   0x0800b0ac   0x0000007c   Code   RO         2973    i.tcp_pcb_remove    tcp.o
    0x0800b128   0x0800b128   0x000005bc   Code   RO         3236    i.tcp_process       tcp_in.o
    0x0800b6e4   0x0800b6e4   0x00000094   Code   RO         2975    i.tcp_process_refused_data  tcp.o
    0x0800b778   0x0800b778   0x000009b0   Code   RO         3237    i.tcp_receive       tcp_in.o
    0x0800c128   0x0800c128   0x0000002e   Code   RO         2977    i.tcp_recv_null     tcp.o
    0x0800c156   0x0800c156   0x0000005e   Code   RO         2978    i.tcp_recved        tcp.o
    0x0800c1b4   0x0800c1b4   0x00000018   Code   RO         2979    i.tcp_remove_listener  tcp.o
    0x0800c1cc   0x0800c1cc   0x0000005a   Code   RO         3314    i.tcp_rexmit        tcp_out.o
    0x0800c226   0x0800c226   0x00000074   Code   RO         3315    i.tcp_rexmit_fast   tcp_out.o
    0x0800c29a   0x0800c29a   0x0000003a   Code   RO         3316    i.tcp_rexmit_rto    tcp_out.o
    0x0800c2d4   0x0800c2d4   0x00000088   Code   RO         3317    i.tcp_rst           tcp_out.o
    0x0800c35c   0x0800c35c   0x00000024   Code   RO         2980    i.tcp_seg_copy      tcp.o
    0x0800c380   0x0800c380   0x0000001a   Code   RO         2981    i.tcp_seg_free      tcp.o
    0x0800c39a   0x0800c39a   0x00000018   Code   RO         2982    i.tcp_segs_free     tcp.o
    0x0800c3b2   0x0800c3b2   0x00000076   Code   RO         3318    i.tcp_send_empty_ack  tcp_out.o
    0x0800c428   0x0800c428   0x0000004a   Code   RO         3319    i.tcp_send_fin      tcp_out.o
    0x0800c472   0x0800c472   0x00000002   PAD
    0x0800c474   0x0800c474   0x0000036c   Code   RO         2986    i.tcp_slowtmr       tcp.o
    0x0800c7e0   0x0800c7e0   0x00000038   Code   RO         3424    i.tcp_timer_needed  timeouts.o
    0x0800c818   0x0800c818   0x000000a4   Code   RO         3238    i.tcp_timewait_input  tcp_in.o
    0x0800c8bc   0x0800c8bc   0x00000024   Code   RO         2987    i.tcp_tmr           tcp.o
    0x0800c8e0   0x0800c8e0   0x00000014   Code   RO         3239    i.tcp_trigger_input_pcb_close  tcp_in.o
    0x0800c8f4   0x0800c8f4   0x0000004e   Code   RO         2989    i.tcp_update_rcv_ann_wnd  tcp.o
    0x0800c942   0x0800c942   0x000000de   Code   RO         3322    i.tcp_zero_window_probe  tcp_out.o
    0x0800ca20   0x0800ca20   0x0000005c   Code   RO         2096    i.tcpip_callback_with_block  tcpip.o
    0x0800ca7c   0x0800ca7c   0x00000064   Code   RO         2099    i.tcpip_init        tcpip.o
    0x0800cae0   0x0800cae0   0x00000050   Code   RO         2100    i.tcpip_inpkt       tcpip.o
    0x0800cb30   0x0800cb30   0x00000030   Code   RO         2101    i.tcpip_input       tcpip.o
    0x0800cb60   0x0800cb60   0x00000038   Code   RO         3425    i.tcpip_tcp_timer   timeouts.o
    0x0800cb98   0x0800cb98   0x00000094   Code   RO         2103    i.tcpip_thread      tcpip.o
    0x0800cc2c   0x0800cc2c   0x00000094   Code   RO         3500    i.udp_bind          udp.o
    0x0800ccc0   0x0800ccc0   0x00000070   Code   RO         3501    i.udp_connect       udp.o
    0x0800cd30   0x0800cd30   0x00000002   Code   RO         3503    i.udp_init          udp.o
    0x0800cd32   0x0800cd32   0x00000002   PAD
    0x0800cd34   0x0800cd34   0x0000013c   Code   RO         3504    i.udp_input         udp.o
    0x0800ce70   0x0800ce70   0x00000048   Code   RO         3505    i.udp_input_local_match  udp.o
    0x0800ceb8   0x0800ceb8   0x00000030   Code   RO         3506    i.udp_netif_ip_addr_changed  udp.o
    0x0800cee8   0x0800cee8   0x0000001c   Code   RO         3507    i.udp_new           udp.o
    0x0800cf04   0x0800cf04   0x00000058   Code   RO         3509    i.udp_new_port      udp.o
    0x0800cf5c   0x0800cf5c   0x00000006   Code   RO         3510    i.udp_recv          udp.o
    0x0800cf62   0x0800cf62   0x0000001e   Code   RO         3512    i.udp_send          udp.o
    0x0800cf80   0x0800cf80   0x0000003c   Code   RO         3513    i.udp_sendto        udp.o
    0x0800cfbc   0x0800cfbc   0x00000052   Code   RO         3514    i.udp_sendto_if     udp.o
    0x0800d00e   0x0800d00e   0x000000be   Code   RO         3515    i.udp_sendto_if_src  udp.o
    0x0800d0cc   0x0800d0cc   0x00000398   Code   RO          673    i.unpackUART5_Data  compasstask.o
    0x0800d464   0x0800d464   0x00000028   Code   RO         5789    i.uxListRemove      list.o
    0x0800d48c   0x0800d48c   0x0000001a   Code   RO         5790    i.vListInitialise   list.o
    0x0800d4a6   0x0800d4a6   0x00000006   Code   RO         5791    i.vListInitialiseItem  list.o
    0x0800d4ac   0x0800d4ac   0x00000034   Code   RO         5792    i.vListInsert       list.o
    0x0800d4e0   0x0800d4e0   0x00000018   Code   RO         5793    i.vListInsertEnd    list.o
    0x0800d4f8   0x0800d4f8   0x00000054   Code   RO         5829    i.vPortEnterCritical  port.o
    0x0800d54c   0x0800d54c   0x0000003c   Code   RO         5830    i.vPortExitCritical  port.o
    0x0800d588   0x0800d588   0x00000094   Code   RO         6756    i.vPortFree         heap_4.o
    0x0800d61c   0x0800d61c   0x00000028   Code   RO         5831    i.vPortSetupTimerInterrupt  port.o
    0x0800d644   0x0800d644   0x00000078   Code   RO         5832    i.vPortValidateInterruptPriority  port.o
    0x0800d6bc   0x0800d6bc   0x0000002c   Code   RO         5916    i.vQueueAddToRegistry  queue.o
    0x0800d6e8   0x0800d6e8   0x0000004a   Code   RO         5920    i.vQueueWaitForMessageRestricted  queue.o
    0x0800d732   0x0800d732   0x00000002   PAD
    0x0800d734   0x0800d734   0x0000005c   Code   RO         6281    i.vTaskDelay        tasks.o
    0x0800d790   0x0800d790   0x000000d4   Code   RO         6282    i.vTaskDelayUntil   tasks.o
    0x0800d864   0x0800d864   0x000000f4   Code   RO         6283    i.vTaskDelete       tasks.o
    0x0800d958   0x0800d958   0x00000018   Code   RO         6286    i.vTaskInternalSetTimeOutState  tasks.o
    0x0800d970   0x0800d970   0x0000000c   Code   RO         6287    i.vTaskMissedYield  tasks.o
    0x0800d97c   0x0800d97c   0x00000038   Code   RO         6289    i.vTaskPlaceOnEventList  tasks.o
    0x0800d9b4   0x0800d9b4   0x00000040   Code   RO         6290    i.vTaskPlaceOnEventListRestricted  tasks.o
    0x0800d9f4   0x0800d9f4   0x000000f4   Code   RO         6292    i.vTaskPriorityDisinheritAfterTimeout  tasks.o
    0x0800dae8   0x0800dae8   0x00000094   Code   RO         6298    i.vTaskStartScheduler  tasks.o
    0x0800db7c   0x0800db7c   0x00000010   Code   RO         6300    i.vTaskSuspendAll   tasks.o
    0x0800db8c   0x0800db8c   0x0000008c   Code   RO         6301    i.vTaskSwitchContext  tasks.o
    0x0800dc18   0x0800dc18   0x00000168   Code   RO         5833    i.xPortStartScheduler  port.o
    0x0800dd80   0x0800dd80   0x00000034   Code   RO         5834    i.xPortSysTickHandler  port.o
    0x0800ddb4   0x0800ddb4   0x0000005c   Code   RO         5921    i.xQueueCreateCountingSemaphore  queue.o
    0x0800de10   0x0800de10   0x00000022   Code   RO         5922    i.xQueueCreateMutex  queue.o
    0x0800de32   0x0800de32   0x00000058   Code   RO         5923    i.xQueueGenericCreate  queue.o
    0x0800de8a   0x0800de8a   0x00000002   PAD
    0x0800de8c   0x0800de8c   0x00000098   Code   RO         5924    i.xQueueGenericReset  queue.o
    0x0800df24   0x0800df24   0x000001a8   Code   RO         5925    i.xQueueGenericSend  queue.o
    0x0800e0cc   0x0800e0cc   0x000000f8   Code   RO         5926    i.xQueueGenericSendFromISR  queue.o
    0x0800e1c4   0x0800e1c4   0x000000e0   Code   RO         5927    i.xQueueGiveFromISR  queue.o
    0x0800e2a4   0x0800e2a4   0x00000168   Code   RO         5933    i.xQueueReceive     queue.o
    0x0800e40c   0x0800e40c   0x000000ca   Code   RO         5934    i.xQueueReceiveFromISR  queue.o
    0x0800e4d6   0x0800e4d6   0x00000002   PAD
    0x0800e4d8   0x0800e4d8   0x000001b8   Code   RO         5935    i.xQueueSemaphoreTake  queue.o
    0x0800e690   0x0800e690   0x0000008c   Code   RO         6302    i.xTaskCheckForTimeOut  tasks.o
    0x0800e71c   0x0800e71c   0x00000060   Code   RO         6303    i.xTaskCreate       tasks.o
    0x0800e77c   0x0800e77c   0x00000020   Code   RO         6307    i.xTaskGetSchedulerState  tasks.o
    0x0800e79c   0x0800e79c   0x0000000c   Code   RO         6308    i.xTaskGetTickCount  tasks.o
    0x0800e7a8   0x0800e7a8   0x00000014   Code   RO         6309    i.xTaskGetTickCountFromISR  tasks.o
    0x0800e7bc   0x0800e7bc   0x00000148   Code   RO         6310    i.xTaskIncrementTick  tasks.o
    0x0800e904   0x0800e904   0x000000c8   Code   RO         6313    i.xTaskPriorityDisinherit  tasks.o
    0x0800e9cc   0x0800e9cc   0x000000c8   Code   RO         6314    i.xTaskPriorityInherit  tasks.o
    0x0800ea94   0x0800ea94   0x00000098   Code   RO         6315    i.xTaskRemoveFromEventList  tasks.o
    0x0800eb2c   0x0800eb2c   0x00000104   Code   RO         6316    i.xTaskResumeAll    tasks.o
    0x0800ec30   0x0800ec30   0x00000058   Code   RO         6626    i.xTimerCreateTimerTask  timers_1.o
    0x0800ec88   0x0800ec88   0x00000084   Code   RO         6627    i.xTimerGenericCommand  timers_1.o
    0x0800ed0c   0x0800ed0c   0x00000062   Code   RO        10357    x$fpl$d2f           fz_wm.l(d2f.o)
    0x0800ed6e   0x0800ed6e   0x00000002   PAD
    0x0800ed70   0x0800ed70   0x00000150   Code   RO        10359    x$fpl$dadd          fz_wm.l(daddsub_clz.o)
    0x0800eec0   0x0800eec0   0x000002b0   Code   RO        10366    x$fpl$ddiv          fz_wm.l(ddiv.o)
    0x0800f170   0x0800f170   0x0000002e   Code   RO        10370    x$fpl$dflt          fz_wm.l(dflt_clz.o)
    0x0800f19e   0x0800f19e   0x00000026   Code   RO        10369    x$fpl$dfltu         fz_wm.l(dflt_clz.o)
    0x0800f1c4   0x0800f1c4   0x00000154   Code   RO        10375    x$fpl$dmul          fz_wm.l(dmul.o)
    0x0800f318   0x0800f318   0x0000009c   Code   RO        10425    x$fpl$dnaninf       fz_wm.l(dnaninf.o)
    0x0800f3b4   0x0800f3b4   0x0000000c   Code   RO        10427    x$fpl$dretinf       fz_wm.l(dretinf.o)
    0x0800f3c0   0x0800f3c0   0x000001d4   Code   RO        10361    x$fpl$dsub          fz_wm.l(daddsub_clz.o)
    0x0800f594   0x0800f594   0x00000056   Code   RO        10377    x$fpl$f2d           fz_wm.l(f2d.o)
    0x0800f5ea   0x0800f5ea   0x0000008c   Code   RO        10429    x$fpl$fnaninf       fz_wm.l(fnaninf.o)
    0x0800f676   0x0800f676   0x0000000a   Code   RO        10451    x$fpl$fpinit        fz_wm.l(fpinit.o)
    0x0800f680   0x0800f680   0x0000000a   Code   RO        10431    x$fpl$fretinf       fz_wm.l(fretinf.o)
    0x0800f68a   0x0800f68a   0x00000000   Code   RO        10433    x$fpl$usenofp       fz_wm.l(usenofp.o)
    0x0800f68a   0x0800f68a   0x00000002   PAD
    0x0800f68c   0x0800f68c   0x000000d0   Data   RO         2497    .constdata          memp.o
    0x0800f75c   0x0800f75c   0x00000050   Data   RO         2990    .constdata          tcp.o
    0x0800f7ac   0x0800f7ac   0x00000028   Data   RO         3426    .constdata          timeouts.o
    0x0800f7d4   0x0800f7d4   0x00000008   Data   RO         4079    .constdata          ip4_addr.o
    0x0800f7dc   0x0800f7dc   0x0000000c   Data   RO         4379    .constdata          ethernet.o
    0x0800f7e8   0x0800f7e8   0x0000000c   Data   RO         4991    .constdata          sys_arch.o
    0x0800f7f4   0x0800f7f4   0x00000014   Data   RO         5156    .constdata          ethernetif.o
    0x0800f808   0x0800f808   0x00000008   Data   RO         7660    .constdata          stm32f4xx_hal_dma.o
    0x0800f810   0x0800f810   0x00000010   Data   RO         8677    .constdata          stm32f4xx_hal_rcc.o
    0x0800f820   0x0800f820   0x00000075   Data   RO         2991    .conststring        tcp.o
    0x0800f895   0x0800f895   0x00000003   PAD
    0x0800f898   0x0800f898   0x00000006   Data   RO         5157    .conststring        ethernetif.o
    0x0800f89e   0x0800f89e   0x00000002   PAD
    0x0800f8a0   0x0800f8a0   0x00000020   Data   RO        10541    Region$$Table       anon$$obj.o
    0x0800f8c0   0x0800f8c0   0x00000004   Data   RO          396    .init_array         commandertask.o
    0x0800f8c4   0x0800f8c0   0x00000004   Data   RO          551    .init_array         controltask.o
    0x0800f8c8   0x0800f8c0   0x00000004   Data   RO          686    .init_array         compasstask.o
    0x0800f8cc   0x0800f8c0   0x00000004   Data   RO          767    .init_array         pressuretask.o
    0x0800f8d0   0x0800f8c0   0x00000004   Data   RO          946    .init_array         temphumitask.o
    0x0800f8d4   0x0800f8c0   0x00000004   Data   RO         1046    .init_array         powertask.o
    0x0800f8d8   0x0800f8c0   0x00000000   Data   RO        10352    .init_array         c_w.l(init_aeabi.o)


    Execution Region RW_IRAM1 (Exec base: 0x20000000, Load base: 0x0800f8d8, Size: 0x0001a490, Max: 0x00020000, ABSOLUTE, COMPRESSED[0x00000020])

    Exec Addr    Load Addr    Size         Type   Attr      Idx    E Section Name        Object

    0x20000000   COMPRESSED   0x00000004   Data   RW           10    .data               main.o
    0x20000004   COMPRESSED   0x00000031   Data   RW          395    .data               commandertask.o
    0x20000035   COMPRESSED   0x00000003   PAD
    0x20000038   COMPRESSED   0x00000010   Data   RW          550    .data               controltask.o
    0x20000048   COMPRESSED   0x00000008   Data   RW          685    .data               compasstask.o
    0x20000050   COMPRESSED   0x00000004   Data   RW          766    .data               pressuretask.o
    0x20000054   COMPRESSED   0x00000004   Data   RW          945    .data               temphumitask.o
    0x20000058   COMPRESSED   0x00000004   Data   RW         1045    .data               powertask.o
    0x2000005c   COMPRESSED   0x00000010   Data   RW         2105    .data               tcpip.o
    0x2000006c   COMPRESSED   0x00000010   Data   RW         2438    .data               mem.o
    0x2000007c   COMPRESSED   0x00000034   Data   RW         2498    .data               memp.o
    0x200000b0   COMPRESSED   0x00000009   Data   RW         2594    .data               netif.o
    0x200000b9   COMPRESSED   0x00000001   Data   RW         2730    .data               pbuf.o
    0x200000ba   COMPRESSED   0x00000002   PAD
    0x200000bc   COMPRESSED   0x00000020   Data   RW         2992    .data               tcp.o
    0x200000dc   COMPRESSED   0x00000028   Data   RW         3241    .data               tcp_in.o
    0x20000104   COMPRESSED   0x0000000c   Data   RW         3427    .data               timeouts.o
    0x20000110   COMPRESSED   0x00000008   Data   RW         3516    .data               udp.o
    0x20000118   COMPRESSED   0x00000010   Data   RW         3677    .data               dhcp.o
    0x20000128   COMPRESSED   0x00000001   Data   RW         3879    .data               etharp.o
    0x20000129   COMPRESSED   0x00000001   PAD
    0x2000012a   COMPRESSED   0x00000002   Data   RW         4027    .data               ip4.o
    0x2000012c   COMPRESSED   0x00000006   Data   RW         4148    .data               ip4_frag.o
    0x20000132   COMPRESSED   0x00000002   PAD
    0x20000134   COMPRESSED   0x00000008   Data   RW         4992    .data               sys_arch.o
    0x2000013c   COMPRESSED   0x00000004   Data   RW         5158    .data               ethernetif.o
    0x20000140   COMPRESSED   0x00000018   Data   RW         5629    .data               lwip.o
    0x20000158   COMPRESSED   0x0000000c   Data   RW         5835    .data               port.o
    0x20000164   COMPRESSED   0x0000003c   Data   RW         6319    .data               tasks.o
    0x200001a0   COMPRESSED   0x00000014   Data   RW         6633    .data               timers_1.o
    0x200001b4   COMPRESSED   0x00000018   Data   RW         6761    .data               heap_4.o
    0x200001cc   COMPRESSED   0x0000003c   Data   RW         7031    .data               usart.o
    0x20000208   COMPRESSED   0x00000004   Data   RW         7116    .data               stm32f4xx_hal.o
    0x2000020c   COMPRESSED   0x00000004   Data   RW        10291    .data               system_stm32f4xx_1.o
    0x20000210        -       0x00000056   Zero   RW          393    .bss                commandertask.o
    0x20000266   COMPRESSED   0x00000002   PAD
    0x20000268        -       0x00000010   Zero   RW          549    .bss                controltask.o
    0x20000278        -       0x00000028   Zero   RW          684    .bss                compasstask.o
    0x200002a0        -       0x00000038   Zero   RW          765    .bss                pressuretask.o
    0x200002d8        -       0x00000024   Zero   RW          944    .bss                temphumitask.o
    0x200002fc        -       0x0000000c   Zero   RW         1044    .bss                powertask.o
    0x20000308        -       0x00000018   Zero   RW         2407    .bss                ip.o
    0x20000320        -       0x00000653   Zero   RW         2437    .bss                mem.o
    0x20000973        -       0x000030a7   Zero   RW         2496    .bss                memp.o
    0x20003a1a   COMPRESSED   0x00000002   PAD
    0x20003a1c        -       0x00000010   Zero   RW         3240    .bss                tcp_in.o
    0x20003a2c        -       0x000000f0   Zero   RW         3878    .bss                etharp.o
    0x20003b1c        -       0x000030e8   Zero   RW         5155    .bss                ethernetif.o
    0x20006c04        -       0x00000034   Zero   RW         5628    .bss                lwip.o
    0x20006c38        -       0x00000040   Zero   RW         5937    .bss                queue.o
    0x20006c78        -       0x000001f4   Zero   RW         6318    .bss                tasks.o
    0x20006e6c        -       0x00000028   Zero   RW         6632    .bss                timers_1.o
    0x20006e94        -       0x00012c00   Zero   RW         6760    .bss                heap_4.o
    0x20019a94        -       0x00000078   Zero   RW         6887    .bss                pwm.o
    0x20019b0c        -       0x00000054   Zero   RW         6940    .bss                i2c.o
    0x20019b60        -       0x000000a8   Zero   RW         6978    .bss                adc.o
    0x20019c08        -       0x00000140   Zero   RW         7030    .bss                usart.o
    0x20019d48        -       0x000000e4   Zero   RW        10326    .bss                c_w.l(rand.o)
    0x20019e2c        -       0x00000060   Zero   RW        10470    .bss                c_w.l(libspace.o)
    0x20019e8c   COMPRESSED   0x00000004   PAD
    0x20019e90        -       0x00000200   Zero   RW        10279    HEAP                startup_stm32f407xx.o
    0x2001a090        -       0x00000400   Zero   RW        10278    STACK               startup_stm32f407xx.o


==============================================================================

Image component sizes


      Code (inc. data)   RO Data    RW Data    ZI Data      Debug   Object Name

       340         40          0          0        168       2149   adc.o
         0          0          0          0          0     778767   api_lib.o
       288         10          0          0          0       1423   bsp.o
       798         26          0          0          0      22949   cmsis_os.o
       786        202          4         49         86      10063   commandertask.o
      1284         84          4          8         40       6265   compasstask.o
       840        122          4         16         16       9443   controltask.o
        38          0          0          0          0       1010   def.o
      2822        110          0         16          0      20735   dhcp.o
      2190         64          0          1        240      11163   etharp.o
       286          4         12          0          0       2494   ethernet.o
      1180         88         26          4      12520       6812   ethernetif.o
        16          0          0          0          0        510   ethtask.o
         0          0          0          0          0       7776   event_groups.o
       392         22          0          0          0       1080   gpio.o
       692         62          0         24      76800       4011   heap_4.o
       180         30          0          0         84       1526   i2c.o
       528          4          0          0          0       3658   icmp.o
        36          0          0          0          0       9962   init.o
         0          0          0          0         24       2914   ip.o
       890         30          0          2          0       4900   ip4.o
        78          0          8          0          0       6698   ip4_addr.o
      1764         38          0          6          0      10190   ip4_frag.o
        24          4          0          0          0        450   ledtask.o
       148          0          0          0          0       3074   list.o
       248         36          0         24         52       1269   lwip.o
        96         32          0          4          0      29021   main.o
       912         80          0         16       1619       5077   mem.o
       238         14        208         52      12455      10956   memp.o
       424         18          0          9          0       9115   netif.o
      1714         30          0          1          0      13765   pbuf.o
      1014         92          0         12          0      10721   port.o
       266         54          4          4         12       3467   powertask.o
       574         46          4          4         56       8071   pressuretask.o
       552         56          0          0        120       3685   pwm.o
      2820         26          0          0         64      19519   queue.o
        64         26        392          0       1536        856   startup_stm32f407xx.o
       154         20          0          4          0       4723   stm32f4xx_hal.o
      1368         64          0          0          0       7705   stm32f4xx_hal_adc.o
       344         22          0          0          0      35053   stm32f4xx_hal_cortex.o
       712         10          8          0          0       5457   stm32f4xx_hal_dma.o
      2840         52          0          0          0      16060   stm32f4xx_hal_eth.o
       576         50          0          0          0       4639   stm32f4xx_hal_gpio.o
      2634         44          0          0          0      11838   stm32f4xx_hal_i2c.o
      1844         80         16          0          0       6115   stm32f4xx_hal_rcc.o
      1096         88          0          0          0       7592   stm32f4xx_hal_tim.o
       178          0          0          0          0       2084   stm32f4xx_hal_tim_ex.o
      2108         28          0          0          0      13319   stm32f4xx_hal_uart.o
       388         26         12          8          0      13696   sys_arch.o
       100         18          0          4          0       1339   system_stm32f4xx_1.o
      3526        440          0         60        500      24894   tasks.o
      3092        172        197         32          0      28015   tcp.o
      6128        342          0         40         16      18987   tcp_in.o
      2220         10          0          0          0      11703   tcp_out.o
       468         70          0         16          0       8143   tcpip.o
      1182        120          4          4         36       8848   temphumitask.o
       652         90         40         12          0       6576   timeouts.o
      1138        116          0         20         40      16735   timers_1.o
      1182         42          0          8          0      11576   udp.o
       760         82          0         60        320       3974   usart.o

    ----------------------------------------------------------------------
     59300       3436        980        528     106808    1314615   Object Totals
         0          0         32          0          0          0   (incl. Generated)
        88          0          5          8          4          0   (incl. Padding)

    ----------------------------------------------------------------------

      Code (inc. data)   RO Data    RW Data    ZI Data      Debug   Library Member Name

        90          0          0          0          0          0   __dczerorl2.o
         8          0          0          0          0         68   __main.o
         0          0          0          0          0          0   __rtentry.o
        12          0          0          0          0          0   __rtentry2.o
         6          0          0          0          0          0   __rtentry4.o
        52          8          0          0          0          0   __scatter.o
        28          0          0          0          0          0   __scatter_zi.o
        16          0          0          0          0         68   aeabi_memset.o
        18          0          0          0          0         80   exit.o
         6          0          0          0          0        152   heapauxi.o
         0          0          0          0          0          0   indicate_semi.o
        36         10          0          0          0         80   init_aeabi.o
         2          0          0          0          0          0   libinit.o
        14          0          0          0          0          0   libinit2.o
         2          0          0          0          0          0   libshutdown.o
         2          0          0          0          0          0   libshutdown2.o
         8          4          0          0         96         68   libspace.o
        88          0          0          0          0         76   memcmp.o
       112         18          0          0        228        160   rand.o
        68          0          0          0          0         68   rt_memclr.o
        78          0          0          0          0         80   rt_memclr_w.o
       138          0          0          0          0         68   rt_memcpy_v6.o
       100          0          0          0          0         80   rt_memcpy_w.o
         2          0          0          0          0          0   rtexit.o
        10          0          0          0          0          0   rtexit2.o
        12          4          0          0          0         68   sys_exit.o
        74          0          0          0          0         80   sys_stackheap_outer.o
         2          0          0          0          0         68   use_no_semi.o
        98          4          0          0          0        140   d2f.o
       804         16          0          0          0        368   daddsub_clz.o
       688        140          0          0          0        256   ddiv.o
        84          0          0          0          0        232   dflt_clz.o
       340         12          0          0          0        152   dmul.o
       156          4          0          0          0        140   dnaninf.o
        12          0          0          0          0        116   dretinf.o
        86          4          0          0          0        132   f2d.o
       140          4          0          0          0        132   fnaninf.o
        10          0          0          0          0        116   fpinit.o
        10          0          0          0          0        116   fretinf.o
         0          0          0          0          0          0   usenofp.o

    ----------------------------------------------------------------------
      3424        228          0          0        328       3164   Library Totals
        12          0          0          0          4          0   (incl. Padding)

    ----------------------------------------------------------------------

      Code (inc. data)   RO Data    RW Data    ZI Data      Debug   Library Name

       984         44          0          0        324       1264   c_w.l
      2428        184          0          0          0       1900   fz_wm.l

    ----------------------------------------------------------------------
      3424        228          0          0        328       3164   Library Totals

    ----------------------------------------------------------------------

==============================================================================


      Code (inc. data)   RO Data    RW Data    ZI Data      Debug   

     62724       3664        980        528     107136    1269755   Grand Totals
     62724       3664        980         32     107136    1269755   ELF Image Totals (compressed)
     62724       3664        980         32          0          0   ROM Totals

==============================================================================

    Total RO  Size (Code + RO Data)                63704 (  62.21kB)
    Total RW  Size (RW Data + ZI Data)            107664 ( 105.14kB)
    Total ROM Size (Code + RO Data + RW Data)      63736 (  62.24kB)

==============================================================================

