Component: ARM Compiler 5.06 update 5 (build 528) Tool: armlink [4d35e2]

==============================================================================

Section Cross References

    main.o(i.ETH_IRQHandler) refers to stm32f4xx_hal_eth.o(i.HAL_ETH_IRQHandler) for HAL_ETH_IRQHandler
    main.o(i.ETH_IRQHandler) refers to ethernetif.o(.bss) for heth
    main.o(i.SysTick_Handler) refers to stm32f4xx_hal.o(i.HAL_IncTick) for HAL_IncTick
    main.o(i.SysTick_Handler) refers to tasks.o(i.xTaskGetSchedulerState) for xTaskGetSchedulerState
    main.o(i.SysTick_Handler) refers to port.o(i.xPortSysTickHandler) for xPortSysTickHandler
    main.o(i.main) refers to stm32f4xx_hal.o(i.HAL_Init) for HAL_Init
    main.o(i.main) refers to tasks.o(i.xTaskCreate) for xTaskCreate
    main.o(i.main) refers to tasks.o(i.vTaskStartScheduler) for vTaskStartScheduler
    main.o(i.main) refers to main.o(.data) for ledTaskHandle
    main.o(i.main) refers to ledtask.o(i._Z7ledTaskPv) for ledTask(void*)
    main.o(i.main) refers to ethtask.o(i._Z7ethTaskPv) for ethTask(void*)
    main.o(i.main) refers to controltask.o(i._Z11controlTaskPv) for controlTask(void*)
    main.o(.ARM.exidx) refers to main.o(i.main) for i.main
    main.o(.ARM.exidx) refers to main.o(i.SysTick_Handler) for i.SysTick_Handler
    main.o(.ARM.exidx) refers to main.o(i.ETH_IRQHandler) for i.ETH_IRQHandler
    ledtask.o(i._Z7ledTaskPv) refers to tasks.o(i.vTaskDelay) for vTaskDelay
    ledtask.o(i._Z7ledTaskPv) refers to stm32f4xx_hal_gpio.o(i.HAL_GPIO_TogglePin) for HAL_GPIO_TogglePin
    ledtask.o(.ARM.exidx) refers to ledtask.o(i._Z7ledTaskPv) for i._Z7ledTaskPv
    controltask.o(i._Z11controlTaskPv) refers to tasks.o(i.vTaskDelay) for vTaskDelay
    controltask.o(i._Z11controlTaskPv) refers to controltask.o(.data) for value
    controltask.o(i._Z11controlTaskPv) refers to pwm.o(.bss) for htim1
    controltask.o(.ARM.exidx) refers to controltask.o(i._Z11controlTaskPv) for i._Z11controlTaskPv
    ethtask.o(i._Z20udp_receive_callbackPvP7udp_pcbP4pbufPK8ip4_addrt) refers to rt_memcpy_v6.o(.text) for __aeabi_memcpy
    ethtask.o(i._Z20udp_receive_callbackPvP7udp_pcbP4pbufPK8ip4_addrt) refers to udp.o(i.udp_sendto) for udp_sendto
    ethtask.o(i._Z20udp_receive_callbackPvP7udp_pcbP4pbufPK8ip4_addrt) refers to pbuf.o(i.pbuf_free) for pbuf_free
    ethtask.o(i._Z20udp_receive_callbackPvP7udp_pcbP4pbufPK8ip4_addrt) refers to ethtask.o(.bss) for recieveBuffer
    ethtask.o(i._Z7ethTaskPv) refers to lwip.o(i.MX_LWIP_Init) for MX_LWIP_Init
    ethtask.o(i._Z7ethTaskPv) refers to udp.o(i.udp_new) for udp_new
    ethtask.o(i._Z7ethTaskPv) refers to udp.o(i.udp_bind) for udp_bind
    ethtask.o(i._Z7ethTaskPv) refers to udp.o(i.udp_connect) for udp_connect
    ethtask.o(i._Z7ethTaskPv) refers to udp.o(i.udp_recv) for udp_recv
    ethtask.o(i._Z7ethTaskPv) refers to pbuf.o(i.pbuf_alloc) for pbuf_alloc
    ethtask.o(i._Z7ethTaskPv) refers to pbuf.o(i.pbuf_take) for pbuf_take
    ethtask.o(i._Z7ethTaskPv) refers to udp.o(i.udp_send) for udp_send
    ethtask.o(i._Z7ethTaskPv) refers to pbuf.o(i.pbuf_free) for pbuf_free
    ethtask.o(i._Z7ethTaskPv) refers to tasks.o(i.vTaskDelay) for vTaskDelay
    ethtask.o(i._Z7ethTaskPv) refers to ethtask.o(.data) for DstIPaddr
    ethtask.o(i._Z7ethTaskPv) refers to ip4_addr.o(.constdata) for ip_addr_any
    ethtask.o(i._Z7ethTaskPv) refers to ethtask.o(i._Z20udp_receive_callbackPvP7udp_pcbP4pbufPK8ip4_addrt) for udp_receive_callback(void*, udp_pcb*, pbuf*, const ip4_addr*, unsigned short)
    ethtask.o(.ARM.exidx) refers to ethtask.o(i._Z20udp_receive_callbackPvP7udp_pcbP4pbufPK8ip4_addrt) for i._Z20udp_receive_callbackPvP7udp_pcbP4pbufPK8ip4_addrt
    ethtask.o(.ARM.exidx) refers to ethtask.o(i._Z7ethTaskPv) for i._Z7ethTaskPv
    api_lib.o(i.netconn_accept) refers to sys_arch.o(i.sys_mbox_valid) for sys_mbox_valid
    api_lib.o(i.netconn_accept) refers to sys_arch.o(i.sys_arch_mbox_fetch) for sys_arch_mbox_fetch
    api_lib.o(i.netconn_accept) refers to sys_arch.o(i.sys_arch_protect) for sys_arch_protect
    api_lib.o(i.netconn_accept) refers to sys_arch.o(i.sys_arch_unprotect) for sys_arch_unprotect
    api_lib.o(i.netconn_accept) refers to api_msg.o(.data) for netconn_aborted
    api_lib.o(i.netconn_apimsg) refers to tcpip.o(i.tcpip_send_msg_wait_sem) for tcpip_send_msg_wait_sem
    api_lib.o(i.netconn_bind) refers to api_lib.o(i.netconn_apimsg) for netconn_apimsg
    api_lib.o(i.netconn_bind) refers to ip4_addr.o(.constdata) for ip_addr_any
    api_lib.o(i.netconn_bind) refers to api_msg.o(i.lwip_netconn_do_bind) for lwip_netconn_do_bind
    api_lib.o(i.netconn_close) refers to api_lib.o(i.netconn_close_shutdown) for netconn_close_shutdown
    api_lib.o(i.netconn_close_shutdown) refers to api_lib.o(i.netconn_apimsg) for netconn_apimsg
    api_lib.o(i.netconn_close_shutdown) refers to api_msg.o(i.lwip_netconn_do_close) for lwip_netconn_do_close
[...]
    __aeabi_memclr4                          0x08000577   Thumb Code     0  rt_memclr_w.o(.text)
    __aeabi_memclr8                          0x08000577   Thumb Code     0  rt_memclr_w.o(.text)
    __rt_memclr_w                            0x08000577   Thumb Code    78  rt_memclr_w.o(.text)
    _memset_w                                0x0800057b   Thumb Code     0  rt_memclr_w.o(.text)
    __use_two_region_memory                  0x080005c5   Thumb Code     2  heapauxi.o(.text)
    __rt_heap_escrow$2region                 0x080005c7   Thumb Code     2  heapauxi.o(.text)
    __rt_heap_expand$2region                 0x080005c9   Thumb Code     2  heapauxi.o(.text)
    __user_setup_stackheap                   0x080005cb   Thumb Code    74  sys_stackheap_outer.o(.text)
    exit                                     0x08000615   Thumb Code    18  exit.o(.text)
    __user_libspace                          0x08000629   Thumb Code     8  libspace.o(.text)
    __user_perproc_libspace                  0x08000629   Thumb Code     0  libspace.o(.text)
    __user_perthread_libspace                0x08000629   Thumb Code     0  libspace.o(.text)
    __I$use$semihosting                      0x08000631   Thumb Code     0  use_no_semi.o(.text)
    __use_no_semihosting_swi                 0x08000631   Thumb Code     2  use_no_semi.o(.text)
    __semihosting_library_function           0x08000633   Thumb Code     0  indicate_semi.o(.text)
    _sys_exit                                0x08000635   Thumb Code     8  sys_exit.o(.text)
    ETH_IRQHandler                           0x080006cd   Thumb Code    10  main.o(i.ETH_IRQHandler)
    GPIO_Init                                0x080009a5   Thumb Code   288  gpio.o(i.GPIO_Init)
    HAL_Delay                                0x08000ad1   Thumb Code    26  stm32f4xx_hal.o(i.HAL_Delay)
    HAL_ETH_DMARxDescListInit                0x08000aeb   Thumb Code   140  stm32f4xx_hal_eth.o(i.HAL_ETH_DMARxDescListInit)
    HAL_ETH_DMATxDescListInit                0x08000b77   Thumb Code   132  stm32f4xx_hal_eth.o(i.HAL_ETH_DMATxDescListInit)
    HAL_ETH_ErrorCallback                    0x08000bfb   Thumb Code     2  stm32f4xx_hal_eth.o(i.HAL_ETH_ErrorCallback)
    HAL_ETH_GetReceivedFrame_IT              0x08000bfd   Thumb Code   186  stm32f4xx_hal_eth.o(i.HAL_ETH_GetReceivedFrame_IT)
    HAL_ETH_IRQHandler                       0x08000cb7   Thumb Code   164  stm32f4xx_hal_eth.o(i.HAL_ETH_IRQHandler)
    HAL_ETH_Init                             0x08000d5d   Thumb Code   642  stm32f4xx_hal_eth.o(i.HAL_ETH_Init)
    HAL_ETH_MspInit                          0x08000ffd   Thumb Code   250  ethernetif.o(i.HAL_ETH_MspInit)
    HAL_ETH_ReadPHYRegister                  0x0800110d   Thumb Code   146  stm32f4xx_hal_eth.o(i.HAL_ETH_ReadPHYRegister)
    HAL_ETH_RxCpltCallback                   0x080011a1   Thumb Code    14  ethernetif.o(i.HAL_ETH_RxCpltCallback)
    HAL_ETH_Start                            0x080011b5   Thumb Code    82  stm32f4xx_hal_eth.o(i.HAL_ETH_Start)
    HAL_ETH_TransmitFrame                    0x08001207   Thumb Code   318  stm32f4xx_hal_eth.o(i.HAL_ETH_TransmitFrame)
    HAL_ETH_TxCpltCallback                   0x08001345   Thumb Code     2  stm32f4xx_hal_eth.o(i.HAL_ETH_TxCpltCallback)
    HAL_ETH_WritePHYRegister                 0x08001347   Thumb Code   144  stm32f4xx_hal_eth.o(i.HAL_ETH_WritePHYRegister)
    HAL_GPIO_Init                            0x080013d9   Thumb Code   466  stm32f4xx_hal_gpio.o(i.HAL_GPIO_Init)
    HAL_GPIO_TogglePin                       0x080015d9   Thumb Code     8  stm32f4xx_hal_gpio.o(i.HAL_GPIO_TogglePin)
    HAL_GPIO_WritePin                        0x080015e1   Thumb Code    12  stm32f4xx_hal_gpio.o(i.HAL_GPIO_WritePin)
    HAL_GetTick                              0x080015ed   Thumb Code     6  stm32f4xx_hal.o(i.HAL_GetTick)
    HAL_IncTick                              0x080015f9   Thumb Code    12  stm32f4xx_hal.o(i.HAL_IncTick)
    HAL_Init                                 0x08001609   Thumb Code    54  stm32f4xx_hal.o(i.HAL_Init)
    HAL_InitTick                             0x08001645   Thumb Code    36  stm32f4xx_hal.o(i.HAL_InitTick)
    HAL_MspInit                              0x0800166d   Thumb Code    88  bsp.o(i.HAL_MspInit)
    HAL_NVIC_EnableIRQ                       0x080016c5   Thumb Code    32  stm32f4xx_hal_cortex.o(i.HAL_NVIC_EnableIRQ)
    HAL_NVIC_SetPriority                     0x080016e5   Thumb Code   124  stm32f4xx_hal_cortex.o(i.HAL_NVIC_SetPriority)
    HAL_NVIC_SetPriorityGrouping             0x08001761   Thumb Code    32  stm32f4xx_hal_cortex.o(i.HAL_NVIC_SetPriorityGrouping)
    HAL_RCC_ClockConfig                      0x08001789   Thumb Code   446  stm32f4xx_hal_rcc.o(i.HAL_RCC_ClockConfig)
    HAL_RCC_GetHCLKFreq                      0x08001959   Thumb Code     6  stm32f4xx_hal_rcc.o(i.HAL_RCC_GetHCLKFreq)
    HAL_RCC_GetSysClockFreq                  0x08001965   Thumb Code   168  stm32f4xx_hal_rcc.o(i.HAL_RCC_GetSysClockFreq)
    HAL_RCC_OscConfig                        0x08001a19   Thumb Code  1090  stm32f4xx_hal_rcc.o(i.HAL_RCC_OscConfig)
    HAL_SYSTICK_CLKSourceConfig              0x08001e65   Thumb Code    40  stm32f4xx_hal_cortex.o(i.HAL_SYSTICK_CLKSourceConfig)
    HAL_SYSTICK_Config                       0x08001e8d   Thumb Code    52  stm32f4xx_hal_cortex.o(i.HAL_SYSTICK_Config)
    HAL_TIMEx_ConfigBreakDeadTime            0x08001ec1   Thumb Code    80  stm32f4xx_hal_tim_ex.o(i.HAL_TIMEx_ConfigBreakDeadTime)
    HAL_TIMEx_MasterConfigSynchronization    0x08001f11   Thumb Code    98  stm32f4xx_hal_tim_ex.o(i.HAL_TIMEx_MasterConfigSynchronization)
    HAL_TIM_MspPostInit                      0x08001f75   Thumb Code    84  pwm.o(i.HAL_TIM_MspPostInit)
    HAL_TIM_PWM_ConfigChannel                0x08001fd9   Thumb Code   264  stm32f4xx_hal_tim.o(i.HAL_TIM_PWM_ConfigChannel)
    HAL_TIM_PWM_Init                         0x080020e1   Thumb Code    52  stm32f4xx_hal_tim.o(i.HAL_TIM_PWM_Init)
    HAL_TIM_PWM_MspInit                      0x08002115   Thumb Code    88  pwm.o(i.HAL_TIM_PWM_MspInit)
    HAL_TIM_PWM_Start                        0x08002179   Thumb Code    68  stm32f4xx_hal_tim.o(i.HAL_TIM_PWM_Start)
    MX_LWIP_Init                             0x080021c5   Thumb Code   212  lwip.o(i.MX_LWIP_Init)
    SysTick_Handler                          0x080023cd   Thumb Code    20  main.o(i.SysTick_Handler)
    SystemClock_Config                       0x080023e1   Thumb Code   178  bsp.o(i.SystemClock_Config)
    SystemInit                               0x0800249d   Thumb Code    82  system_stm32f4xx_1.o(i.SystemInit)
    TIM_Base_SetConfig                       0x08002501   Thumb Code   184  stm32f4xx_hal_tim.o(i.TIM_Base_SetConfig)
    TIM_CCxChannelCmd                        0x080025e5   Thumb Code    28  stm32f4xx_hal_tim.o(i.TIM_CCxChannelCmd)
    TIM_OC2_SetConfig                        0x08002671   Thumb Code   112  stm32f4xx_hal_tim.o(i.TIM_OC2_SetConfig)
    controlTask(void*)                       0x080027c1   Thumb Code    32  controltask.o(i._Z11controlTaskPv)
    udp_receive_callback(void*, udp_pcb*, pbuf*, const ip4_addr*, unsigned short) 0x080027e9   Thumb Code    50  ethtask.o(i._Z20udp_receive_callbackPvP7udp_pcbP4pbufPK8ip4_addrt)
    ethTask(void*)                           0x08002821   Thumb Code   120  ethtask.o(i._Z7ethTaskPv)
    ledTask(void*)                           0x080028b1   Thumb Code    20  ledtask.o(i._Z7ledTaskPv)
    dhcp_arp_reply                           0x0800291d   Thumb Code    42  dhcp.o(i.dhcp_arp_reply)
    dhcp_coarse_tmr                          0x08002a89   Thumb Code   100  dhcp.o(i.dhcp_coarse_tmr)
    dhcp_fine_tmr                            0x08002dd5   Thumb Code    54  dhcp.o(i.dhcp_fine_tmr)
    dhcp_release                             0x08003089   Thumb Code   162  dhcp.o(i.dhcp_release)
    dhcp_renew                               0x08003135   Thumb Code   180  dhcp.o(i.dhcp_renew)
    dhcp_supplied_address                    0x08003305   Thumb Code    34  dhcp.o(i.dhcp_supplied_address)
    etharp_cleanup_netif                     0x0800347d   Thumb Code    52  etharp.o(i.etharp_cleanup_netif)
    etharp_input                             0x08003655   Thumb Code   222  etharp.o(i.etharp_input)
    etharp_output                            0x08003735   Thumb Code   296  etharp.o(i.etharp_output)
    etharp_query                             0x08003921   Thumb Code   362  etharp.o(i.etharp_query)
    etharp_request                           0x08003b2d   Thumb Code    18  etharp.o(i.etharp_request)
    etharp_tmr                               0x08003b71   Thumb Code   216  etharp.o(i.etharp_tmr)
    ethernet_input                           0x08003d0d   Thumb Code   196  ethernet.o(i.ethernet_input)
    ethernet_output                          0x08003dd5   Thumb Code    86  ethernet.o(i.ethernet_output)
    ethernetif_init                          0x08003e2d   Thumb Code    38  ethernetif.o(i.ethernetif_init)
    ethernetif_input                         0x08003e5d   Thumb Code    56  ethernetif.o(i.ethernetif_input)
    icmp_dest_unreach                        0x08003e99   Thumb Code    18  icmp.o(i.icmp_dest_unreach)
    icmp_input                               0x08003ead   Thumb Code   372  icmp.o(i.icmp_input)
    icmp_time_exceeded                       0x08004099   Thumb Code    18  icmp.o(i.icmp_time_exceeded)
    ip4_addr_isbroadcast_u32                 0x080040bb   Thumb Code    78  ip4_addr.o(i.ip4_addr_isbroadcast_u32)
    ip4_frag                                 0x08004109   Thumb Code   444  ip4_frag.o(i.ip4_frag)
    ip4_input                                0x080042c9   Thumb Code   482  ip4.o(i.ip4_input)
    ip4_output_if                            0x080044b5   Thumb Code    54  ip4.o(i.ip4_output_if)
    ip4_output_if_src                        0x080044ed   Thumb Code   190  ip4.o(i.ip4_output_if_src)
    ip4_reass                                0x080045b5   Thumb Code   408  ip4_frag.o(i.ip4_reass)
    ip4_route                                0x08004755   Thumb Code   134  ip4.o(i.ip4_route)
    ip_reass_tmr                             0x08004b15   Thumb Code    48  ip4_frag.o(i.ip_reass_tmr)
    lwip_htonl                               0x08004e6d   Thumb Code    26  def.o(i.lwip_htonl)
    lwip_htons                               0x08004e87   Thumb Code    12  def.o(i.lwip_htons)
    lwip_init                                0x08004e93   Thumb Code    36  init.o(i.lwip_init)
    main                                     0x08004eb9   Thumb Code    74  main.o(i.main)
    mem_free                                 0x08004f45   Thumb Code    92  mem.o(i.mem_free)
    mem_init                                 0x08004fb1   Thumb Code    88  mem.o(i.mem_init)
    mem_malloc                               0x0800501d   Thumb Code   252  mem.o(i.mem_malloc)
    mem_trim                                 0x08005129   Thumb Code   276  mem.o(i.mem_trim)
    memp_free                                0x0800524d   Thumb Code    36  memp.o(i.memp_free)
    memp_init                                0x08005275   Thumb Code    26  memp.o(i.memp_init)
    memp_init_pool                           0x08005295   Thumb Code    44  memp.o(i.memp_init_pool)
    memp_malloc                              0x080052c1   Thumb Code    32  memp.o(i.memp_malloc)
    netif_add                                0x080052e5   Thumb Code   108  netif.o(i.netif_add)
    netif_init                               0x08005359   Thumb Code     2  netif.o(i.netif_init)
    netif_set_addr                           0x0800537f   Thumb Code    72  netif.o(i.netif_set_addr)
    netif_set_default                        0x080053c9   Thumb Code     6  netif.o(i.netif_set_default)
    netif_set_down                           0x080053d5   Thumb Code    42  netif.o(i.netif_set_down)
    netif_set_gw                             0x080053ff   Thumb Code    12  netif.o(i.netif_set_gw)
    netif_set_ipaddr                         0x0800540d   Thumb Code    72  netif.o(i.netif_set_ipaddr)
    netif_set_netmask                        0x08005459   Thumb Code    12  netif.o(i.netif_set_netmask)
    netif_set_up                             0x08005465   Thumb Code    44  netif.o(i.netif_set_up)
    osKernelSysTick                          0x08005491   Thumb Code    20  cmsis_os.o(i.osKernelSysTick)
    osMessageCreate                          0x080054a5   Thumb Code    18  cmsis_os.o(i.osMessageCreate)
    osMessageGet                             0x080054b9   Thumb Code   150  cmsis_os.o(i.osMessageGet)
    osMessagePut                             0x08005555   Thumb Code    92  cmsis_os.o(i.osMessagePut)
    osMutexCreate                            0x080055b5   Thumb Code    12  cmsis_os.o(i.osMutexCreate)
    osMutexRelease                           0x080055c1   Thumb Code    76  cmsis_os.o(i.osMutexRelease)
    osMutexWait                              0x08005611   Thumb Code   100  cmsis_os.o(i.osMutexWait)
    osSemaphoreCreate                        0x08005679   Thumb Code    50  cmsis_os.o(i.osSemaphoreCreate)
    osSemaphoreRelease                       0x080056ad   Thumb Code    76  cmsis_os.o(i.osSemaphoreRelease)
    osSemaphoreWait                          0x080056fd   Thumb Code   100  cmsis_os.o(i.osSemaphoreWait)
    osThreadCreate                           0x08005765   Thumb Code    48  cmsis_os.o(i.osThreadCreate)
    pbuf_alloc                               0x08005795   Thumb Code   404  pbuf.o(i.pbuf_alloc)
    pbuf_alloced_custom                      0x08005929   Thumb Code   110  pbuf.o(i.pbuf_alloced_custom)
    pbuf_cat                                 0x08005997   Thumb Code    56  pbuf.o(i.pbuf_cat)
    pbuf_chain                               0x080059cf   Thumb Code    22  pbuf.o(i.pbuf_chain)
    pbuf_clen                                0x080059e5   Thumb Code    18  pbuf.o(i.pbuf_clen)
    pbuf_copy                                0x080059f7   Thumb Code   192  pbuf.o(i.pbuf_copy)
    pbuf_copy_partial                        0x08005ab7   Thumb Code   146  pbuf.o(i.pbuf_copy_partial)
    pbuf_free                                0x08005b49   Thumb Code   146  pbuf.o(i.pbuf_free)
    pbuf_header                              0x08005c27   Thumb Code    18  pbuf.o(i.pbuf_header)
    pbuf_header_force                        0x08005c39   Thumb Code    18  pbuf.o(i.pbuf_header_force)
    pbuf_realloc                             0x08005d21   Thumb Code   128  pbuf.o(i.pbuf_realloc)
    pbuf_ref                                 0x08005da1   Thumb Code    30  pbuf.o(i.pbuf_ref)
    pbuf_take                                0x08005dbf   Thumb Code   138  pbuf.o(i.pbuf_take)
    pvPortMalloc                             0x08006865   Thumb Code   296  heap_4.o(i.pvPortMalloc)
    pvTaskIncrementMutexHeldCount            0x080069a1   Thumb Code    26  tasks.o(i.pvTaskIncrementMutexHeldCount)
    pwmInit                                  0x080069c1   Thumb Code    16  pwm.o(i.pwmInit)
    pxPortInitialiseStack                    0x08006a15   Thumb Code    38  port.o(i.pxPortInitialiseStack)
    sys_arch_mbox_fetch                      0x08006a41   Thumb Code    94  sys_arch.o(i.sys_arch_mbox_fetch)
    sys_arch_protect                         0x08006aa1   Thumb Code    18  sys_arch.o(i.sys_arch_protect)
    sys_arch_unprotect                       0x08006ab9   Thumb Code    14  sys_arch.o(i.sys_arch_unprotect)
    sys_init                                 0x08006b49   Thumb Code    14  sys_arch.o(i.sys_init)
    sys_mbox_new                             0x08006b61   Thumb Code    40  sys_arch.o(i.sys_mbox_new)
    sys_mbox_post                            0x08006b8d   Thumb Code    26  sys_arch.o(i.sys_mbox_post)
    sys_mbox_trypost                         0x08006ba7   Thumb Code    30  sys_arch.o(i.sys_mbox_trypost)
    sys_mbox_valid                           0x08006bc5   Thumb Code    14  sys_arch.o(i.sys_mbox_valid)
    sys_mutex_lock                           0x08006bd3   Thumb Code    16  sys_arch.o(i.sys_mutex_lock)
    sys_mutex_new                            0x08006be3   Thumb Code    30  sys_arch.o(i.sys_mutex_new)
    sys_mutex_unlock                         0x08006c01   Thumb Code    12  sys_arch.o(i.sys_mutex_unlock)
    sys_now                                  0x08006c0d   Thumb Code     8  ethernetif.o(i.sys_now)
    sys_thread_new                           0x08006c15   Thumb Code    54  sys_arch.o(i.sys_thread_new)
    sys_timeout                              0x08006c4d   Thumb Code   206  timeouts.o(i.sys_timeout)
    sys_timeouts_init                        0x08006d25   Thumb Code    38  timeouts.o(i.sys_timeouts_init)
    sys_timeouts_mbox_fetch                  0x08006d59   Thumb Code    58  timeouts.o(i.sys_timeouts_mbox_fetch)
    tcp_abandon                              0x08006dd1   Thumb Code   226  tcp.o(i.tcp_abandon)
    tcp_abort                                0x08006ec5   Thumb Code    14  tcp.o(i.tcp_abort)
    tcp_alloc                                0x08006ed5   Thumb Code   176  tcp.o(i.tcp_alloc)
    tcp_close                                0x08006f95   Thumb Code    28  tcp.o(i.tcp_close)
    tcp_eff_send_mss_impl                    0x0800721b   Thumb Code    58  tcp.o(i.tcp_eff_send_mss_impl)
    tcp_enqueue_flags                        0x08007255   Thumb Code   270  tcp_out.o(i.tcp_enqueue_flags)
    tcp_fasttmr                              0x08007365   Thumb Code   108  tcp.o(i.tcp_fasttmr)
    tcp_init                                 0x08007435   Thumb Code     2  tcp.o(i.tcp_init)
    tcp_input                                0x08007439   Thumb Code  1254  tcp_in.o(i.tcp_input)
    tcp_keepalive                            0x08007941   Thumb Code    90  tcp_out.o(i.tcp_keepalive)
    tcp_netif_ip_addr_changed                0x08007be9   Thumb Code    70  tcp.o(i.tcp_netif_ip_addr_changed)
    tcp_next_iss                             0x08007c69   Thumb Code    20  tcp.o(i.tcp_next_iss)
    tcp_output                               0x08007d15   Thumb Code   534  tcp_out.o(i.tcp_output)
    tcp_pcb_purge                            0x08008109   Thumb Code    72  tcp.o(i.tcp_pcb_purge)
    tcp_pcb_remove                           0x08008151   Thumb Code   124  tcp.o(i.tcp_pcb_remove)
    tcp_process_refused_data                 0x08008789   Thumb Code   148  tcp.o(i.tcp_process_refused_data)
    tcp_recv_null                            0x080091cd   Thumb Code    46  tcp.o(i.tcp_recv_null)
    tcp_recved                               0x080091fb   Thumb Code    94  tcp.o(i.tcp_recved)
    tcp_rexmit                               0x08009271   Thumb Code    90  tcp_out.o(i.tcp_rexmit)
    tcp_rexmit_fast                          0x080092cb   Thumb Code   116  tcp_out.o(i.tcp_rexmit_fast)
    tcp_rexmit_rto                           0x0800933f   Thumb Code    58  tcp_out.o(i.tcp_rexmit_rto)
    tcp_rst                                  0x08009379   Thumb Code   136  tcp_out.o(i.tcp_rst)
    tcp_seg_copy                             0x08009401   Thumb Code    36  tcp.o(i.tcp_seg_copy)
    tcp_seg_free                             0x08009425   Thumb Code    26  tcp.o(i.tcp_seg_free)
    tcp_segs_free                            0x0800943f   Thumb Code    24  tcp.o(i.tcp_segs_free)
    tcp_send_empty_ack                       0x08009457   Thumb Code   118  tcp_out.o(i.tcp_send_empty_ack)
    tcp_send_fin                             0x080094cd   Thumb Code    74  tcp_out.o(i.tcp_send_fin)
    tcp_slowtmr                              0x08009519   Thumb Code   844  tcp.o(i.tcp_slowtmr)
    tcp_timer_needed                         0x08009885   Thumb Code    38  timeouts.o(i.tcp_timer_needed)
    tcp_tmr                                  0x08009961   Thumb Code    30  tcp.o(i.tcp_tmr)
    tcp_trigger_input_pcb_close              0x08009985   Thumb Code    14  tcp_in.o(i.tcp_trigger_input_pcb_close)
    tcp_update_rcv_ann_wnd                   0x08009999   Thumb Code    78  tcp.o(i.tcp_update_rcv_ann_wnd)
    tcp_zero_window_probe                    0x080099e7   Thumb Code   222  tcp_out.o(i.tcp_zero_window_probe)
    tcpip_callback_with_block                0x08009ac5   Thumb Code    86  tcpip.o(i.tcpip_callback_with_block)
    tcpip_init                               0x08009b21   Thumb Code    64  tcpip.o(i.tcpip_init)
    tcpip_inpkt                              0x08009b85   Thumb Code    76  tcpip.o(i.tcpip_inpkt)
    tcpip_input                              0x08009bd5   Thumb Code    40  tcpip.o(i.tcpip_input)
    udp_bind                                 0x08009cd1   Thumb Code   140  udp.o(i.udp_bind)
    udp_connect                              0x08009d65   Thumb Code   106  udp.o(i.udp_connect)
    udp_init                                 0x08009dd5   Thumb Code     2  udp.o(i.udp_init)
    udp_input                                0x08009dd9   Thumb Code   308  udp.o(i.udp_input)
    udp_netif_ip_addr_changed                0x08009f5d   Thumb Code    42  udp.o(i.udp_netif_ip_addr_changed)
    udp_new                                  0x08009f8d   Thumb Code    28  udp.o(i.udp_new)
    udp_recv                                 0x0800a001   Thumb Code     6  udp.o(i.udp_recv)
    udp_send                                 0x0800a007   Thumb Code    30  udp.o(i.udp_send)
    udp_sendto                               0x0800a025   Thumb Code    60  udp.o(i.udp_sendto)
    udp_sendto_if                            0x0800a061   Thumb Code    82  udp.o(i.udp_sendto_if)
    udp_sendto_if_src                        0x0800a0b3   Thumb Code   190  udp.o(i.udp_sendto_if_src)
    uxListRemove                             0x0800a171   Thumb Code    40  list.o(i.uxListRemove)
    vListInitialise                          0x0800a199   Thumb Code    26  list.o(i.vListInitialise)
    vListInitialiseItem                      0x0800a1b3   Thumb Code     6  list.o(i.vListInitialiseItem)
    vListInsert                              0x0800a1b9   Thumb Code    52  list.o(i.vListInsert)
    vListInsertEnd                           0x0800a1ed   Thumb Code    24  list.o(i.vListInsertEnd)
    vPortEnterCritical                       0x0800a205   Thumb Code    76  port.o(i.vPortEnterCritical)
    vPortExitCritical                        0x0800a259   Thumb Code    56  port.o(i.vPortExitCritical)
    vPortFree                                0x0800a295   Thumb Code   140  heap_4.o(i.vPortFree)
    vPortSetupTimerInterrupt                 0x0800a329   Thumb Code    36  port.o(i.vPortSetupTimerInterrupt)
    vPortValidateInterruptPriority           0x0800a351   Thumb Code   106  port.o(i.vPortValidateInterruptPriority)
    vQueueAddToRegistry                      0x0800a3c9   Thumb Code    38  queue.o(i.vQueueAddToRegistry)
    vQueueWaitForMessageRestricted           0x0800a3f5   Thumb Code    74  queue.o(i.vQueueWaitForMessageRestricted)
    vTaskDelay                               0x0800a441   Thumb Code    82  tasks.o(i.vTaskDelay)
    vTaskInternalSetTimeOutState             0x0800a49d   Thumb Code    14  tasks.o(i.vTaskInternalSetTimeOutState)
    vTaskMissedYield                         0x0800a4b5   Thumb Code     8  tasks.o(i.vTaskMissedYield)
    vTaskPlaceOnEventList                    0x0800a4c1   Thumb Code    52  tasks.o(i.vTaskPlaceOnEventList)
    vTaskPlaceOnEventListRestricted          0x0800a4f9   Thumb Code    60  tasks.o(i.vTaskPlaceOnEventListRestricted)
    vTaskPriorityDisinheritAfterTimeout      0x0800a539   Thumb Code   230  tasks.o(i.vTaskPriorityDisinheritAfterTimeout)
    vTaskStartScheduler                      0x0800a62d   Thumb Code   118  tasks.o(i.vTaskStartScheduler)
    vTaskSuspendAll                          0x0800a6c1   Thumb Code    12  tasks.o(i.vTaskSuspendAll)
    vTaskSwitchContext                       0x0800a6d1   Thumb Code   118  tasks.o(i.vTaskSwitchContext)
    xPortStartScheduler                      0x0800a75d   Thumb Code   330  port.o(i.xPortStartScheduler)
    xPortSysTickHandler                      0x0800a8c5   Thumb Code    46  port.o(i.xPortSysTickHandler)
    xQueueCreateCountingSemaphore            0x0800a8f9   Thumb Code    92  queue.o(i.xQueueCreateCountingSemaphore)
    xQueueCreateMutex                        0x0800a955   Thumb Code    34  queue.o(i.xQueueCreateMutex)
    xQueueGenericCreate                      0x0800a977   Thumb Code    88  queue.o(i.xQueueGenericCreate)
    xQueueGenericReset                       0x0800a9d1   Thumb Code   146  queue.o(i.xQueueGenericReset)
    xQueueGenericSend                        0x0800aa69   Thumb Code   420  queue.o(i.xQueueGenericSend)
    xQueueGenericSendFromISR                 0x0800ac11   Thumb Code   248  queue.o(i.xQueueGenericSendFromISR)
    xQueueGiveFromISR                        0x0800ad09   Thumb Code   224  queue.o(i.xQueueGiveFromISR)
    xQueueReceive                            0x0800ade9   Thumb Code   356  queue.o(i.xQueueReceive)
    xQueueReceiveFromISR                     0x0800af51   Thumb Code   202  queue.o(i.xQueueReceiveFromISR)
    xQueueSemaphoreTake                      0x0800b01d   Thumb Code   434  queue.o(i.xQueueSemaphoreTake)
    xTaskCheckForTimeOut                     0x0800b1d5   Thumb Code   132  tasks.o(i.xTaskCheckForTimeOut)
    xTaskCreate                              0x0800b261   Thumb Code    96  tasks.o(i.xTaskCreate)
    xTaskGetSchedulerState                   0x0800b2c1   Thumb Code    24  tasks.o(i.xTaskGetSchedulerState)
    xTaskGetTickCount                        0x0800b2e1   Thumb Code     6  tasks.o(i.xTaskGetTickCount)
    xTaskGetTickCountFromISR                 0x0800b2ed   Thumb Code    16  tasks.o(i.xTaskGetTickCountFromISR)
    xTaskIncrementTick                       0x0800b301   Thumb Code   282  tasks.o(i.xTaskIncrementTick)
    xTaskPriorityDisinherit                  0x0800b449   Thumb Code   188  tasks.o(i.xTaskPriorityDisinherit)
    xTaskPriorityInherit                     0x0800b511   Thumb Code   186  tasks.o(i.xTaskPriorityInherit)
    xTaskRemoveFromEventList                 0x0800b5d9   Thumb Code   128  tasks.o(i.xTaskRemoveFromEventList)
    xTaskResumeAll                           0x0800b671   Thumb Code   224  tasks.o(i.xTaskResumeAll)
    xTimerCreateTimerTask                    0x0800b775   Thumb Code    66  timers_1.o(i.xTimerCreateTimerTask)
    xTimerGenericCommand                     0x0800b7cd   Thumb Code   126  timers_1.o(i.xTimerGenericCommand)
    _fp_init                                 0x0800b851   Thumb Code    10  fpinit.o(x$fpl$fpinit)
    __fplib_config_fpu_vfp                   0x0800b859   Thumb Code     0  fpinit.o(x$fpl$fpinit)
    __fplib_config_pureend_doubles           0x0800b859   Thumb Code     0  fpinit.o(x$fpl$fpinit)
    memp_UDP_PCB                             0x0800b85c   Data          12  memp.o(.constdata)
    memp_TCP_PCB                             0x0800b868   Data          12  memp.o(.constdata)
    memp_TCP_PCB_LISTEN                      0x0800b874   Data          12  memp.o(.constdata)
    memp_TCP_SEG                             0x0800b880   Data          12  memp.o(.constdata)
    memp_REASSDATA                           0x0800b88c   Data          12  memp.o(.constdata)
    memp_FRAG_PBUF                           0x0800b898   Data          12  memp.o(.constdata)
    memp_NETBUF                              0x0800b8a4   Data          12  memp.o(.constdata)
    memp_NETCONN                             0x0800b8b0   Data          12  memp.o(.constdata)
    memp_TCPIP_MSG_API                       0x0800b8bc   Data          12  memp.o(.constdata)
    memp_TCPIP_MSG_INPKT                     0x0800b8c8   Data          12  memp.o(.constdata)
    memp_SYS_TIMEOUT                         0x0800b8d4   Data          12  memp.o(.constdata)
    memp_PBUF                                0x0800b8e0   Data          12  memp.o(.constdata)
    memp_PBUF_POOL                           0x0800b8ec   Data          12  memp.o(.constdata)
    memp_pools                               0x0800b8f8   Data          52  memp.o(.constdata)
    tcp_pcb_lists                            0x0800b96c   Data          16  tcp.o(.constdata)
    lwip_cyclic_timers                       0x0800b97c   Data          40  timeouts.o(.constdata)
    ip_addr_any                              0x0800b9a4   Data           4  ip4_addr.o(.constdata)
    ip_addr_broadcast                        0x0800b9a8   Data           4  ip4_addr.o(.constdata)
    ethbroadcast                             0x0800b9ac   Data           6  ethernet.o(.constdata)
    ethzero                                  0x0800b9b2   Data           6  ethernet.o(.constdata)
    os_mutex_def_lwip_sys_mutex              0x0800b9b8   Data           4  sys_arch.o(.constdata)
    APBAHBPrescTable                         0x0800b9d8   Data          16  stm32f4xx_hal_rcc.o(.constdata)
    Region$$Table$$Base                      0x0800ba68   Number         0  anon$$obj.o(Region$$Table)
    Region$$Table$$Limit                     0x0800ba88   Number         0  anon$$obj.o(Region$$Table)
    ledTaskHandle                            0x20000000   Data           4  main.o(.data)
    ethTaskHandle                            0x20000004   Data           4  main.o(.data)
    ctlTaskHandle                            0x20000008   Data           4  main.o(.data)
    value                                    0x2000000c   Data           2  controltask.o(.data)
    data                                     0x20000014   Data         100  ethtask.o(.data)
    upcb                                     0x20000078   Data           4  ethtask.o(.data)
    lock_tcpip_core                          0x20000088   Data           4  tcpip.o(.data)
    netif_list                               0x200000d0   Data           4  netif.o(.data)
    netif_default                            0x200000d4   Data           4  netif.o(.data)
    pbuf_free_ooseq_pending                  0x200000d9   Data           1  pbuf.o(.data)
    tcp_ticks                                0x200000e0   Data           4  tcp.o(.data)
    tcp_bound_pcbs                           0x200000e4   Data           4  tcp.o(.data)
    tcp_listen_pcbs                          0x200000e8   Data           4  tcp.o(.data)
    tcp_active_pcbs                          0x200000ec   Data           4  tcp.o(.data)
    tcp_tw_pcbs                              0x200000f0   Data           4  tcp.o(.data)
    tcp_active_pcbs_changed                  0x200000f4   Data           1  tcp.o(.data)
    tcp_input_pcb                            0x20000120   Data           4  tcp_in.o(.data)
    udp_pcbs                                 0x20000134   Data           4  udp.o(.data)
    errno                                    0x20000154   Data           4  sys_arch.o(.data)
    lwip_sys_mutex                           0x20000158   Data           4  sys_arch.o(.data)
    s_xSemaphore                             0x2000015c   Data           4  ethernetif.o(.data)
    ipaddr                                   0x20000160   Data           4  lwip.o(.data)
    netmask                                  0x20000164   Data           4  lwip.o(.data)
    gw                                       0x20000168   Data           4  lwip.o(.data)
    IP_ADDRESS                               0x2000016c   Data           4  lwip.o(.data)
    NETMASK_ADDRESS                          0x20000170   Data           4  lwip.o(.data)
    GATEWAY_ADDRESS                          0x20000174   Data           4  lwip.o(.data)
    pxCurrentTCB                             0x20000184   Data           4  tasks.o(.data)
    uwTick                                   0x200001ec   Data           4  stm32f4xx_hal.o(.data)
    SystemCoreClock                          0x200001f0   Data           4  system_stm32f4xx_1.o(.data)
    recieveBuffer                            0x200001f4   Data         200  ethtask.o(.bss)
    ip_data                                  0x200002bc   Data          24  ip.o(.bss)
    ram_heap                                 0x200002d4   Data        1619  mem.o(.bss)
    memp_memory_UDP_PCB_base                 0x20000927   Data         131  memp.o(.bss)
    memp_memory_TCP_PCB_base                 0x200009aa   Data         763  memp.o(.bss)
    memp_memory_TCP_PCB_LISTEN_base          0x20000ca5   Data         227  memp.o(.bss)
    memp_memory_TCP_SEG_base                 0x20000d88   Data         259  memp.o(.bss)
    memp_memory_REASSDATA_base               0x20000e8b   Data         163  memp.o(.bss)
    memp_memory_FRAG_PBUF_base               0x20000f2e   Data         363  memp.o(.bss)
    memp_memory_NETBUF_base                  0x20001099   Data          35  memp.o(.bss)
    memp_memory_NETCONN_base                 0x200010bc   Data         179  memp.o(.bss)
    memp_memory_TCPIP_MSG_API_base           0x2000116f   Data         131  memp.o(.bss)
    memp_memory_TCPIP_MSG_INPKT_base         0x200011f2   Data         131  memp.o(.bss)
    memp_memory_SYS_TIMEOUT_base             0x20001275   Data          83  memp.o(.bss)
    memp_memory_PBUF_base                    0x200012c8   Data         259  memp.o(.bss)
    memp_memory_PBUF_POOL_base               0x200013cb   Data        9731  memp.o(.bss)
    DMARxDscrTab                             0x20003ad0   Data         128  ethernetif.o(.bss)
    DMATxDscrTab                             0x20003b50   Data         128  ethernetif.o(.bss)
    Rx_Buff                                  0x20003bd0   Data        6096  ethernetif.o(.bss)
    Tx_Buff                                  0x200053a0   Data        6096  ethernetif.o(.bss)
    heth                                     0x20006b70   Data          72  ethernetif.o(.bss)
    gnetif                                   0x20006bb8   Data          52  lwip.o(.bss)
    xQueueRegistry                           0x20006bec   Data          64  queue.o(.bss)
    htim1                                    0x20019a48   Data          60  pwm.o(.bss)
    htim4                                    0x20019a84   Data          60  pwm.o(.bss)
    _random_number_data                      0x20019ac0   Data         228  rand.o(.bss)
    __libspace_start                         0x20019ba4   Data          96  libspace.o(.bss)
    __temporary_stack_top$libspace           0x20019c04   Data           0  libspace.o(.bss)



==============================================================================

Memory Map of the image

  Image Entry point : 0x08000189

  Load Region LR_IROM1 (Base: 0x08000000, Size: 0x0000bc7c, Max: 0x00100000, ABSOLUTE, COMPRESSED[0x0000baa8])

    Execution Region ER_IROM1 (Exec base: 0x08000000, Load base: 0x08000000, Size: 0x0000ba88, Max: 0x00100000, ABSOLUTE)

    Exec Addr    Load Addr    Size         Type   Attr      Idx    E Section Name        Object

    0x08000000   0x08000000   0x00000188   Data   RO         7908    RESET               startup_stm32f407xx.o
    0x08000188   0x08000188   0x00000008   Code   RO         8857  * !!!main             c_w.l(__main.o)
    0x08000190   0x08000190   0x00000034   Code   RO         9016    !!!scatter          c_w.l(__scatter.o)
    0x080001c4   0x080001c4   0x0000005a   Code   RO         9014    !!dczerorl2         c_w.l(__dczerorl2.o)
    0x0800021e   0x0800021e   0x00000002   PAD
    0x08000220   0x08000220   0x0000001c   Code   RO         9018    !!handler_zi        c_w.l(__scatter_zi.o)
    0x0800023c   0x0800023c   0x00000002   Code   RO         8937    .ARM.Collect$$libinit$$00000000  c_w.l(libinit.o)
    0x0800023e   0x0800023e   0x00000004   Code   RO         8860    .ARM.Collect$$libinit$$00000001  c_w.l(libinit2.o)
    0x08000242   0x08000242   0x00000000   Code   RO         8863    .ARM.Collect$$libinit$$00000004  c_w.l(libinit2.o)
    0x08000242   0x08000242   0x00000000   Code   RO         8866    .ARM.Collect$$libinit$$0000000A  c_w.l(libinit2.o)
    0x08000242   0x08000242   0x00000000   Code   RO         8868    .ARM.Collect$$libinit$$0000000C  c_w.l(libinit2.o)
    0x08000242   0x08000242   0x00000004   Code   RO         8869    .ARM.Collect$$libinit$$0000000D  c_w.l(libinit2.o)
    0x08000246   0x08000246   0x00000000   Code   RO         8870    .ARM.Collect$$libinit$$0000000E  c_w.l(libinit2.o)
    0x08000246   0x08000246   0x00000000   Code   RO         8873    .ARM.Collect$$libinit$$00000011  c_w.l(libinit2.o)
    0x08000246   0x08000246   0x00000000   Code   RO         8875    .ARM.Collect$$libinit$$00000013  c_w.l(libinit2.o)
    0x08000246   0x08000246   0x00000000   Code   RO         8877    .ARM.Collect$$libinit$$00000015  c_w.l(libinit2.o)
    0x08000246   0x08000246   0x00000000   Code   RO         8879    .ARM.Collect$$libinit$$00000017  c_w.l(libinit2.o)
    0x08000246   0x08000246   0x00000000   Code   RO         8881    .ARM.Collect$$libinit$$00000019  c_w.l(libinit2.o)
    0x08000246   0x08000246   0x00000000   Code   RO         8883    .ARM.Collect$$libinit$$0000001B  c_w.l(libinit2.o)
    0x08000246   0x08000246   0x00000000   Code   RO         8885    .ARM.Collect$$libinit$$0000001D  c_w.l(libinit2.o)
    0x08000246   0x08000246   0x00000000   Code   RO         8887    .ARM.Collect$$libinit$$0000001F  c_w.l(libinit2.o)
    0x08000246   0x08000246   0x00000000   Code   RO         8889    .ARM.Collect$$libinit$$00000021  c_w.l(libinit2.o)
    0x08000246   0x08000246   0x00000000   Code   RO         8891    .ARM.Collect$$libinit$$00000023  c_w.l(libinit2.o)
    0x08000246   0x08000246   0x00000000   Code   RO         8893    .ARM.Collect$$libinit$$00000025  c_w.l(libinit2.o)
    0x08000246   0x08000246   0x00000000   Code   RO         8897    .ARM.Collect$$libinit$$0000002C  c_w.l(libinit2.o)
    0x08000246   0x08000246   0x00000000   Code   RO         8899    .ARM.Collect$$libinit$$0000002E  c_w.l(libinit2.o)
    0x08000246   0x08000246   0x00000000   Code   RO         8901    .ARM.Collect$$libinit$$00000030  c_w.l(libinit2.o)
    0x08000246   0x08000246   0x00000000   Code   RO         8903    .ARM.Collect$$libinit$$00000032  c_w.l(libinit2.o)
    0x08000246   0x08000246   0x00000002   Code   RO         8904    .ARM.Collect$$libinit$$00000033  c_w.l(libinit2.o)
    0x08000248   0x08000248   0x00000002   Code   RO         8975    .ARM.Collect$$libshutdown$$00000000  c_w.l(libshutdown.o)
    0x0800024a   0x0800024a   0x00000000   Code   RO         8981    .ARM.Collect$$libshutdown$$00000002  c_w.l(libshutdown2.o)
    0x0800024a   0x0800024a   0x00000000   Code   RO         8983    .ARM.Collect$$libshutdown$$00000004  c_w.l(libshutdown2.o)
    0x0800024a   0x0800024a   0x00000000   Code   RO         8986    .ARM.Collect$$libshutdown$$00000007  c_w.l(libshutdown2.o)
    0x0800024a   0x0800024a   0x00000000   Code   RO         8989    .ARM.Collect$$libshutdown$$0000000A  c_w.l(libshutdown2.o)
    0x0800024a   0x0800024a   0x00000000   Code   RO         8991    .ARM.Collect$$libshutdown$$0000000C  c_w.l(libshutdown2.o)
    0x0800024a   0x0800024a   0x00000000   Code   RO         8994    .ARM.Collect$$libshutdown$$0000000F  c_w.l(libshutdown2.o)
    0x0800024a   0x0800024a   0x00000002   Code   RO         8995    .ARM.Collect$$libshutdown$$00000010  c_w.l(libshutdown2.o)
    0x0800024c   0x0800024c   0x00000000   Code   RO         8859    .ARM.Collect$$rtentry$$00000000  c_w.l(__rtentry.o)
    0x0800024c   0x0800024c   0x00000000   Code   RO         8906    .ARM.Collect$$rtentry$$00000002  c_w.l(__rtentry2.o)
    0x0800024c   0x0800024c   0x00000006   Code   RO         8918    .ARM.Collect$$rtentry$$00000004  c_w.l(__rtentry4.o)
    0x08000252   0x08000252   0x00000000   Code   RO         8908    .ARM.Collect$$rtentry$$00000009  c_w.l(__rtentry2.o)
    0x08000252   0x08000252   0x00000004   Code   RO         8909    .ARM.Collect$$rtentry$$0000000A  c_w.l(__rtentry2.o)
    0x08000256   0x08000256   0x00000000   Code   RO         8911    .ARM.Collect$$rtentry$$0000000C  c_w.l(__rtentry2.o)
    0x08000256   0x08000256   0x00000008   Code   RO         8912    .ARM.Collect$$rtentry$$0000000D  c_w.l(__rtentry2.o)
    0x0800025e   0x0800025e   0x00000002   Code   RO         8943    .ARM.Collect$$rtexit$$00000000  c_w.l(rtexit.o)
    0x08000260   0x08000260   0x00000000   Code   RO         8955    .ARM.Collect$$rtexit$$00000002  c_w.l(rtexit2.o)
    0x08000260   0x08000260   0x00000004   Code   RO         8956    .ARM.Collect$$rtexit$$00000003  c_w.l(rtexit2.o)
    0x08000264   0x08000264   0x00000006   Code   RO         8957    .ARM.Collect$$rtexit$$00000004  c_w.l(rtexit2.o)
    0x0800026a   0x0800026a   0x00000002   PAD
    0x0800026c   0x0800026c   0x000000be   Code   RO         5188    .emb_text           port.o
    0x0800032a   0x0800032a   0x00000002   PAD
    0x0800032c   0x0800032c   0x00000034   Code   RO         8832    .emb_text           c_w.l(rand.o)
    0x08000360   0x08000360   0x00000040   Code   RO         7909    .text               startup_stm32f407xx.o
    0x080003a0   0x080003a0   0x0000003c   Code   RO         8833    .text               c_w.l(rand.o)
    0x080003dc   0x080003dc   0x00000058   Code   RO         8837    .text               c_w.l(memcmp.o)
    0x08000434   0x08000434   0x0000008a   Code   RO         8843    .text               c_w.l(rt_memcpy_v6.o)
    0x080004be   0x080004be   0x00000064   Code   RO         8845    .text               c_w.l(rt_memcpy_w.o)
    0x08000522   0x08000522   0x00000010   Code   RO         8849    .text               c_w.l(aeabi_memset.o)
    0x08000532   0x08000532   0x00000044   Code   RO         8851    .text               c_w.l(rt_memclr.o)
    0x08000576   0x08000576   0x0000004e   Code   RO         8853    .text               c_w.l(rt_memclr_w.o)
    0x080005c4   0x080005c4   0x00000006   Code   RO         8855    .text               c_w.l(heapauxi.o)
    0x080005ca   0x080005ca   0x0000004a   Code   RO         8924    .text               c_w.l(sys_stackheap_outer.o)
    0x08000614   0x08000614   0x00000012   Code   RO         8926    .text               c_w.l(exit.o)
    0x08000626   0x08000626   0x00000002   PAD
    0x08000628   0x08000628   0x00000008   Code   RO         8940    .text               c_w.l(libspace.o)
    0x08000630   0x08000630   0x00000002   Code   RO         8951    .text               c_w.l(use_no_semi.o)
    0x08000632   0x08000632   0x00000000   Code   RO         8953    .text               c_w.l(indicate_semi.o)
    0x08000632   0x08000632   0x00000002   PAD
    0x08000634   0x08000634   0x0000000c   Code   RO         8967    .text               c_w.l(sys_exit.o)
    0x08000640   0x08000640   0x00000016   Code   RO         6734    i.ETH_DMAReceptionEnable  stm32f4xx_hal_eth.o
    0x08000656   0x08000656   0x00000016   Code   RO         6736    i.ETH_DMATransmissionEnable  stm32f4xx_hal_eth.o
    0x0800066c   0x0800066c   0x00000028   Code   RO         6737    i.ETH_Delay         stm32f4xx_hal_eth.o
    0x08000694   0x08000694   0x00000038   Code   RO         6738    i.ETH_FlushTransmitFIFO  stm32f4xx_hal_eth.o
    0x080006cc   0x080006cc   0x00000010   Code   RO            4    i.ETH_IRQHandler    main.o
    0x080006dc   0x080006dc   0x00000034   Code   RO         6739    i.ETH_MACAddressConfig  stm32f4xx_hal_eth.o
    0x08000710   0x08000710   0x00000244   Code   RO         6740    i.ETH_MACDMAConfig  stm32f4xx_hal_eth.o
    0x08000954   0x08000954   0x00000028   Code   RO         6742    i.ETH_MACReceptionEnable  stm32f4xx_hal_eth.o
    0x0800097c   0x0800097c   0x00000028   Code   RO         6744    i.ETH_MACTransmissionEnable  stm32f4xx_hal_eth.o
    0x080009a4   0x080009a4   0x0000012c   Code   RO         6208    i.GPIO_Init         gpio.o
    0x08000ad0   0x08000ad0   0x0000001a   Code   RO         6318    i.HAL_Delay         stm32f4xx_hal.o
    0x08000aea   0x08000aea   0x0000008c   Code   RO         6747    i.HAL_ETH_DMARxDescListInit  stm32f4xx_hal_eth.o
    0x08000b76   0x08000b76   0x00000084   Code   RO         6748    i.HAL_ETH_DMATxDescListInit  stm32f4xx_hal_eth.o
    0x08000bfa   0x08000bfa   0x00000002   Code   RO         6750    i.HAL_ETH_ErrorCallback  stm32f4xx_hal_eth.o
    0x08000bfc   0x08000bfc   0x000000ba   Code   RO         6752    i.HAL_ETH_GetReceivedFrame_IT  stm32f4xx_hal_eth.o
    0x08000cb6   0x08000cb6   0x000000a4   Code   RO         6754    i.HAL_ETH_IRQHandler  stm32f4xx_hal_eth.o
    0x08000d5a   0x08000d5a   0x00000002   PAD
    0x08000d5c   0x08000d5c   0x000002a0   Code   RO         6755    i.HAL_ETH_Init      stm32f4xx_hal_eth.o
    0x08000ffc   0x08000ffc   0x00000110   Code   RO         4509    i.HAL_ETH_MspInit   ethernetif.o
    0x0800110c   0x0800110c   0x00000092   Code   RO         6758    i.HAL_ETH_ReadPHYRegister  stm32f4xx_hal_eth.o
    0x0800119e   0x0800119e   0x00000002   PAD
    0x080011a0   0x080011a0   0x00000014   Code   RO         4510    i.HAL_ETH_RxCpltCallback  ethernetif.o
    0x080011b4   0x080011b4   0x00000052   Code   RO         6760    i.HAL_ETH_Start     stm32f4xx_hal_eth.o
    0x08001206   0x08001206   0x0000013e   Code   RO         6762    i.HAL_ETH_TransmitFrame  stm32f4xx_hal_eth.o
    0x08001344   0x08001344   0x00000002   Code   RO         6763    i.HAL_ETH_TxCpltCallback  stm32f4xx_hal_eth.o
    0x08001346   0x08001346   0x00000090   Code   RO         6764    i.HAL_ETH_WritePHYRegister  stm32f4xx_hal_eth.o
    0x080013d6   0x080013d6   0x00000002   PAD
    0x080013d8   0x080013d8   0x00000200   Code   RO         6934    i.HAL_GPIO_Init     stm32f4xx_hal_gpio.o
    0x080015d8   0x080015d8   0x00000008   Code   RO         6937    i.HAL_GPIO_TogglePin  stm32f4xx_hal_gpio.o
    0x080015e0   0x080015e0   0x0000000c   Code   RO         6938    i.HAL_GPIO_WritePin  stm32f4xx_hal_gpio.o
    0x080015ec   0x080015ec   0x0000000c   Code   RO         6324    i.HAL_GetTick       stm32f4xx_hal.o
    0x080015f8   0x080015f8   0x00000010   Code   RO         6325    i.HAL_IncTick       stm32f4xx_hal.o
    0x08001608   0x08001608   0x0000003c   Code   RO         6326    i.HAL_Init          stm32f4xx_hal.o
    0x08001644   0x08001644   0x00000028   Code   RO         6327    i.HAL_InitTick      stm32f4xx_hal.o
    0x0800166c   0x0800166c   0x00000058   Code   RO         6168    i.HAL_MspInit       bsp.o
    0x080016c4   0x080016c4   0x00000020   Code   RO         6461    i.HAL_NVIC_EnableIRQ  stm32f4xx_hal_cortex.o
    0x080016e4   0x080016e4   0x0000007c   Code   RO         6467    i.HAL_NVIC_SetPriority  stm32f4xx_hal_cortex.o
    0x08001760   0x08001760   0x00000028   Code   RO         6468    i.HAL_NVIC_SetPriorityGrouping  stm32f4xx_hal_cortex.o
    0x08001788   0x08001788   0x000001d0   Code   RO         7172    i.HAL_RCC_ClockConfig  stm32f4xx_hal_rcc.o
    0x08001958   0x08001958   0x0000000c   Code   RO         7177    i.HAL_RCC_GetHCLKFreq  stm32f4xx_hal_rcc.o
    0x08001964   0x08001964   0x000000b4   Code   RO         7181    i.HAL_RCC_GetSysClockFreq  stm32f4xx_hal_rcc.o
    0x08001a18   0x08001a18   0x0000044c   Code   RO         7184    i.HAL_RCC_OscConfig  stm32f4xx_hal_rcc.o
    0x08001e64   0x08001e64   0x00000028   Code   RO         6470    i.HAL_SYSTICK_CLKSourceConfig  stm32f4xx_hal_cortex.o
    0x08001e8c   0x08001e8c   0x00000034   Code   RO         6472    i.HAL_SYSTICK_Config  stm32f4xx_hal_cortex.o
    0x08001ec0   0x08001ec0   0x00000050   Code   RO         8596    i.HAL_TIMEx_ConfigBreakDeadTime  stm32f4xx_hal_tim_ex.o
    0x08001f10   0x08001f10   0x00000062   Code   RO         8611    i.HAL_TIMEx_MasterConfigSynchronization  stm32f4xx_hal_tim_ex.o
    0x08001f72   0x08001f72   0x00000002   PAD
    0x08001f74   0x08001f74   0x00000064   Code   RO         6254    i.HAL_TIM_MspPostInit  pwm.o
    0x08001fd8   0x08001fd8   0x00000108   Code   RO         8021    i.HAL_TIM_PWM_ConfigChannel  stm32f4xx_hal_tim.o
    0x080020e0   0x080020e0   0x00000034   Code   RO         8024    i.HAL_TIM_PWM_Init  stm32f4xx_hal_tim.o
    0x08002114   0x08002114   0x00000064   Code   RO         6255    i.HAL_TIM_PWM_MspInit  pwm.o
    0x08002178   0x08002178   0x0000004c   Code   RO         8028    i.HAL_TIM_PWM_Start  stm32f4xx_hal_tim.o
    0x080021c4   0x080021c4   0x000000f8   Code   RO         4986    i.MX_LWIP_Init      lwip.o
    0x080022bc   0x080022bc   0x00000094   Code   RO         6256    i.MX_TIM1_Init      pwm.o
    0x08002350   0x08002350   0x0000007c   Code   RO         6257    i.MX_TIM4_Init      pwm.o
    0x080023cc   0x080023cc   0x00000014   Code   RO            5    i.SysTick_Handler   main.o
    0x080023e0   0x080023e0   0x000000bc   Code   RO         6169    i.SystemClock_Config  bsp.o
    0x0800249c   0x0800249c   0x00000064   Code   RO         7917    i.SystemInit        system_stm32f4xx_1.o
    0x08002500   0x08002500   0x000000e4   Code   RO         8039    i.TIM_Base_SetConfig  stm32f4xx_hal_tim.o
    0x080025e4   0x080025e4   0x0000001c   Code   RO         8040    i.TIM_CCxChannelCmd  stm32f4xx_hal_tim.o
    0x08002600   0x08002600   0x00000070   Code   RO         8048    i.TIM_OC1_SetConfig  stm32f4xx_hal_tim.o
    0x08002670   0x08002670   0x00000078   Code   RO         8049    i.TIM_OC2_SetConfig  stm32f4xx_hal_tim.o
    0x080026e8   0x080026e8   0x00000078   Code   RO         8050    i.TIM_OC3_SetConfig  stm32f4xx_hal_tim.o
    0x08002760   0x08002760   0x00000060   Code   RO         8051    i.TIM_OC4_SetConfig  stm32f4xx_hal_tim.o
    0x080027c0   0x080027c0   0x00000028   Code   RO          236    i._Z11controlTaskPv  controltask.o
    0x080027e8   0x080027e8   0x00000038   Code   RO          267    i._Z20udp_receive_callbackPvP7udp_pcbP4pbufPK8ip4_addrt  ethtask.o
    0x08002820   0x08002820   0x00000090   Code   RO          268    i._Z7ethTaskPv      ethtask.o
    0x080028b0   0x080028b0   0x00000018   Code   RO          197    i._Z7ledTaskPv      ledtask.o
    0x080028c8   0x080028c8   0x00000010   Code   RO         6474    i.__NVIC_GetPriorityGrouping  stm32f4xx_hal_cortex.o
    0x080028d8   0x080028d8   0x00000028   Code   RO         6475    i.__NVIC_SetPriority  stm32f4xx_hal_cortex.o
    0x08002900   0x08002900   0x0000001c   Code   RO         2779    i.cyclic_timer      timeouts.o
    0x0800291c   0x0800291c   0x0000002a   Code   RO         3002    i.dhcp_arp_reply    dhcp.o
    0x08002946   0x08002946   0x00000102   Code   RO         3003    i.dhcp_bind         dhcp.o
    0x08002a48   0x08002a48   0x0000003e   Code   RO         3004    i.dhcp_check        dhcp.o
    0x08002a86   0x08002a86   0x00000002   PAD
    0x08002a88   0x08002a88   0x00000068   Code   RO         3006    i.dhcp_coarse_tmr   dhcp.o
    0x08002af0   0x08002af0   0x00000150   Code   RO         3007    i.dhcp_create_msg   dhcp.o
    0x08002c40   0x08002c40   0x00000098   Code   RO         3009    i.dhcp_decline      dhcp.o
    0x08002cd8   0x08002cd8   0x00000028   Code   RO         3010    i.dhcp_delete_msg   dhcp.o
    0x08002d00   0x08002d00   0x000000d4   Code   RO         3011    i.dhcp_discover     dhcp.o
    0x08002dd4   0x08002dd4   0x0000003c   Code   RO         3012    i.dhcp_fine_tmr     dhcp.o
    0x08002e10   0x08002e10   0x00000020   Code   RO         3019    i.dhcp_option       dhcp.o
    0x08002e30   0x08002e30   0x00000012   Code   RO         3020    i.dhcp_option_byte  dhcp.o
    0x08002e42   0x08002e42   0x00000042   Code   RO         3021    i.dhcp_option_long  dhcp.o
    0x08002e84   0x08002e84   0x00000022   Code   RO         3022    i.dhcp_option_short  dhcp.o
    0x08002ea6   0x08002ea6   0x00000046   Code   RO         3023    i.dhcp_option_trailer  dhcp.o
    0x08002eec   0x08002eec   0x000000c0   Code   RO         3025    i.dhcp_rebind       dhcp.o
    0x08002fac   0x08002fac   0x000000dc   Code   RO         3026    i.dhcp_reboot       dhcp.o
    0x08003088   0x08003088   0x000000ac   Code   RO         3028    i.dhcp_release      dhcp.o
    0x08003134   0x08003134   0x000000bc   Code   RO         3029    i.dhcp_renew        dhcp.o
    0x080031f0   0x080031f0   0x00000104   Code   RO         3030    i.dhcp_select       dhcp.o
    0x080032f4   0x080032f4   0x00000010   Code   RO         3031    i.dhcp_set_state    dhcp.o
    0x08003304   0x08003304   0x00000022   Code   RO         3035    i.dhcp_supplied_address  dhcp.o
    0x08003326   0x08003326   0x00000042   Code   RO         3036    i.dhcp_t1_timeout   dhcp.o
    0x08003368   0x08003368   0x00000048   Code   RO         3037    i.dhcp_t2_timeout   dhcp.o
    0x080033b0   0x080033b0   0x00000074   Code   RO         3038    i.dhcp_timeout      dhcp.o
    0x08003424   0x08003424   0x00000028   Code   RO         1851    i.do_memp_free_pool  memp.o
    0x0800344c   0x0800344c   0x0000002e   Code   RO         1852    i.do_memp_malloc_pool  memp.o
    0x0800347a   0x0800347a   0x00000002   PAD
    0x0800347c   0x0800347c   0x00000038   Code   RO         3227    i.etharp_cleanup_netif  etharp.o
    0x080034b4   0x080034b4   0x00000160   Code   RO         3229    i.etharp_find_entry  etharp.o
    0x08003614   0x08003614   0x00000040   Code   RO         3230    i.etharp_free_entry  etharp.o
    0x08003654   0x08003654   0x000000de   Code   RO         3232    i.etharp_input      etharp.o
    0x08003732   0x08003732   0x00000002   PAD
    0x08003734   0x08003734   0x00000134   Code   RO         3233    i.etharp_output     etharp.o
    0x08003868   0x08003868   0x000000b8   Code   RO         3234    i.etharp_output_to_arp_index  etharp.o
    0x08003920   0x08003920   0x00000174   Code   RO         3235    i.etharp_query      etharp.o
    0x08003a94   0x08003a94   0x00000098   Code   RO         3236    i.etharp_raw        etharp.o
    0x08003b2c   0x08003b2c   0x00000018   Code   RO         3237    i.etharp_request    etharp.o
    0x08003b44   0x08003b44   0x0000002c   Code   RO         3238    i.etharp_request_dst  etharp.o
    0x08003b70   0x08003b70   0x000000dc   Code   RO         3239    i.etharp_tmr        etharp.o
    0x08003c4c   0x08003c4c   0x000000c0   Code   RO         3240    i.etharp_update_arp_entry  etharp.o
    0x08003d0c   0x08003d0c   0x000000c8   Code   RO         3740    i.ethernet_input    ethernet.o
    0x08003dd4   0x08003dd4   0x00000056   Code   RO         3741    i.ethernet_output   ethernet.o
    0x08003e2a   0x08003e2a   0x00000002   PAD
    0x08003e2c   0x08003e2c   0x00000030   Code   RO         4511    i.ethernetif_init   ethernetif.o
    0x08003e5c   0x08003e5c   0x0000003c   Code   RO         4512    i.ethernetif_input  ethernetif.o
    0x08003e98   0x08003e98   0x00000012   Code   RO         3326    i.icmp_dest_unreach  icmp.o
    0x08003eaa   0x08003eaa   0x00000002   PAD
    0x08003eac   0x08003eac   0x00000178   Code   RO         3327    i.icmp_input        icmp.o
    0x08004024   0x08004024   0x00000074   Code   RO         3328    i.icmp_send_response  icmp.o
    0x08004098   0x08004098   0x00000012   Code   RO         3329    i.icmp_time_exceeded  icmp.o
    0x080040aa   0x080040aa   0x00000010   Code   RO         4601    i.inHandlerMode     cmsis_os.o
    0x080040ba   0x080040ba   0x0000004e   Code   RO         3435    i.ip4_addr_isbroadcast_u32  ip4_addr.o
    0x08004108   0x08004108   0x000001c0   Code   RO         3500    i.ip4_frag          ip4_frag.o
    0x080042c8   0x080042c8   0x000001ec   Code   RO         3385    i.ip4_input         ip4.o
    0x080044b4   0x080044b4   0x00000036   Code   RO         3387    i.ip4_output_if     ip4.o
    0x080044ea   0x080044ea   0x00000002   PAD
    0x080044ec   0x080044ec   0x000000c8   Code   RO         3388    i.ip4_output_if_src  ip4.o
    0x080045b4   0x080045b4   0x000001a0   Code   RO         3501    i.ip4_reass         ip4_frag.o
    0x08004754   0x08004754   0x00000090   Code   RO         3389    i.ip4_route         ip4.o
    0x080047e4   0x080047e4   0x0000000a   Code   RO         3502    i.ip_frag_alloc_pbuf_custom_ref  ip4_frag.o
    0x080047ee   0x080047ee   0x00000012   Code   RO         3503    i.ip_frag_free_pbuf_custom_ref  ip4_frag.o
    0x08004800   0x08004800   0x0000016c   Code   RO         3504    i.ip_reass_chain_frag_into_datagram_and_validate  ip4_frag.o
    0x0800496c   0x0800496c   0x0000002c   Code   RO         3505    i.ip_reass_dequeue_datagram  ip4_frag.o
    0x08004998   0x08004998   0x00000054   Code   RO         3506    i.ip_reass_enqueue_new_datagram  ip4_frag.o
    0x080049ec   0x080049ec   0x000000a0   Code   RO         3507    i.ip_reass_free_complete_datagram  ip4_frag.o
    0x08004a8c   0x08004a8c   0x00000088   Code   RO         3508    i.ip_reass_remove_oldest_datagram  ip4_frag.o
    0x08004b14   0x08004b14   0x00000034   Code   RO         3509    i.ip_reass_tmr      ip4_frag.o
    0x08004b48   0x08004b48   0x00000020   Code   RO         3510    i.ipfrag_free_pbuf_custom  ip4_frag.o
    0x08004b68   0x08004b68   0x00000118   Code   RO         4513    i.low_level_init    ethernetif.o
    0x08004c80   0x08004c80   0x00000104   Code   RO         4514    i.low_level_input   ethernetif.o
    0x08004d84   0x08004d84   0x000000e8   Code   RO         4515    i.low_level_output  ethernetif.o
    0x08004e6c   0x08004e6c   0x0000001a   Code   RO         1574    i.lwip_htonl        def.o
    0x08004e86   0x08004e86   0x0000000c   Code   RO         1575    i.lwip_htons        def.o
    0x08004e92   0x08004e92   0x00000024   Code   RO         1720    i.lwip_init         init.o
    0x08004eb6   0x08004eb6   0x00000002   PAD
    0x08004eb8   0x08004eb8   0x0000007c   Code   RO            6    i.main              main.o
    0x08004f34   0x08004f34   0x0000000e   Code   RO         4603    i.makeFreeRtosPriority  cmsis_os.o
    0x08004f42   0x08004f42   0x00000002   PAD
    0x08004f44   0x08004f44   0x0000006c   Code   RO         1795    i.mem_free          mem.o
    0x08004fb0   0x08004fb0   0x0000006c   Code   RO         1796    i.mem_init          mem.o
    0x0800501c   0x0800501c   0x0000010c   Code   RO         1797    i.mem_malloc        mem.o
    0x08005128   0x08005128   0x00000124   Code   RO         1798    i.mem_trim          mem.o
    0x0800524c   0x0800524c   0x00000028   Code   RO         1853    i.memp_free         memp.o
    0x08005274   0x08005274   0x00000020   Code   RO         1855    i.memp_init         memp.o
    0x08005294   0x08005294   0x0000002c   Code   RO         1856    i.memp_init_pool    memp.o
    0x080052c0   0x080052c0   0x00000024   Code   RO         1857    i.memp_malloc       memp.o
    0x080052e4   0x080052e4   0x00000074   Code   RO         1942    i.netif_add         netif.o
    0x08005358   0x08005358   0x00000002   Code   RO         1944    i.netif_init        netif.o
    0x0800535a   0x0800535a   0x00000024   Code   RO         1946    i.netif_issue_reports  netif.o
    0x0800537e   0x0800537e   0x00000048   Code   RO         1948    i.netif_set_addr    netif.o
    0x080053c6   0x080053c6   0x00000002   PAD
    0x080053c8   0x080053c8   0x0000000c   Code   RO         1949    i.netif_set_default  netif.o
    0x080053d4   0x080053d4   0x0000002a   Code   RO         1950    i.netif_set_down    netif.o
    0x080053fe   0x080053fe   0x0000000c   Code   RO         1951    i.netif_set_gw      netif.o
    0x0800540a   0x0800540a   0x00000002   PAD
    0x0800540c   0x0800540c   0x0000004c   Code   RO         1952    i.netif_set_ipaddr  netif.o
    0x08005458   0x08005458   0x0000000c   Code   RO         1955    i.netif_set_netmask  netif.o
    0x08005464   0x08005464   0x0000002c   Code   RO         1956    i.netif_set_up      netif.o
    0x08005490   0x08005490   0x00000014   Code   RO         4609    i.osKernelSysTick   cmsis_os.o
    0x080054a4   0x080054a4   0x00000012   Code   RO         4617    i.osMessageCreate   cmsis_os.o
    0x080054b6   0x080054b6   0x00000002   PAD
    0x080054b8   0x080054b8   0x0000009c   Code   RO         4619    i.osMessageGet      cmsis_os.o
    0x08005554   0x08005554   0x00000060   Code   RO         4621    i.osMessagePut      cmsis_os.o
    0x080055b4   0x080055b4   0x0000000c   Code   RO         4623    i.osMutexCreate     cmsis_os.o
    0x080055c0   0x080055c0   0x00000050   Code   RO         4625    i.osMutexRelease    cmsis_os.o
    0x08005610   0x08005610   0x00000068   Code   RO         4626    i.osMutexWait       cmsis_os.o
    0x08005678   0x08005678   0x00000032   Code   RO         4634    i.osSemaphoreCreate  cmsis_os.o
    0x080056aa   0x080056aa   0x00000002   PAD
    0x080056ac   0x080056ac   0x00000050   Code   RO         4637    i.osSemaphoreRelease  cmsis_os.o
    0x080056fc   0x080056fc   0x00000068   Code   RO         4638    i.osSemaphoreWait   cmsis_os.o
    0x08005764   0x08005764   0x00000030   Code   RO         4642    i.osThreadCreate    cmsis_os.o
    0x08005794   0x08005794   0x00000194   Code   RO         2065    i.pbuf_alloc        pbuf.o
    0x08005928   0x08005928   0x0000006e   Code   RO         2066    i.pbuf_alloced_custom  pbuf.o
    0x08005996   0x08005996   0x00000038   Code   RO         2067    i.pbuf_cat          pbuf.o
    0x080059ce   0x080059ce   0x00000016   Code   RO         2068    i.pbuf_chain        pbuf.o
    0x080059e4   0x080059e4   0x00000012   Code   RO         2069    i.pbuf_clen         pbuf.o
    0x080059f6   0x080059f6   0x000000c0   Code   RO         2071    i.pbuf_copy         pbuf.o
    0x08005ab6   0x08005ab6   0x00000092   Code   RO         2072    i.pbuf_copy_partial  pbuf.o
    0x08005b48   0x08005b48   0x00000092   Code   RO         2074    i.pbuf_free         pbuf.o
    0x08005bda   0x08005bda   0x00000002   PAD
    0x08005bdc   0x08005bdc   0x00000040   Code   RO         2075    i.pbuf_free_ooseq   pbuf.o
    0x08005c1c   0x08005c1c   0x0000000a   Code   RO         2076    i.pbuf_free_ooseq_callback  pbuf.o
    0x08005c26   0x08005c26   0x00000012   Code   RO         2078    i.pbuf_header       pbuf.o
    0x08005c38   0x08005c38   0x00000012   Code   RO         2079    i.pbuf_header_force  pbuf.o
    0x08005c4a   0x08005c4a   0x0000008e   Code   RO         2080    i.pbuf_header_impl  pbuf.o
    0x08005cd8   0x08005cd8   0x00000048   Code   RO         2083    i.pbuf_pool_is_empty  pbuf.o
    0x08005d20   0x08005d20   0x00000080   Code   RO         2085    i.pbuf_realloc      pbuf.o
    0x08005da0   0x08005da0   0x0000001e   Code   RO         2086    i.pbuf_ref          pbuf.o
    0x08005dbe   0x08005dbe   0x0000008a   Code   RO         2090    i.pbuf_take         pbuf.o
    0x08005e48   0x08005e48   0x00000088   Code   RO         1799    i.plug_holes        mem.o
    0x08005ed0   0x08005ed0   0x00000098   Code   RO         5625    i.prvAddCurrentTaskToDelayedList  tasks.o
    0x08005f68   0x08005f68   0x000000b8   Code   RO         5626    i.prvAddNewTaskToReadyList  tasks.o
    0x08006020   0x08006020   0x00000064   Code   RO         5974    i.prvCheckForValidListAndQueue  timers_1.o
    0x08006084   0x08006084   0x00000048   Code   RO         5627    i.prvCheckTasksWaitingTermination  tasks.o
    0x080060cc   0x080060cc   0x0000002a   Code   RO         5266    i.prvCopyDataFromQueue  queue.o
    0x080060f6   0x080060f6   0x0000007c   Code   RO         5267    i.prvCopyDataToQueue  queue.o
    0x08006172   0x08006172   0x00000012   Code   RO         5628    i.prvDeleteTCB      tasks.o
    0x08006184   0x08006184   0x00000014   Code   RO         5268    i.prvGetDisinheritPriorityAfterTimeout  queue.o
    0x08006198   0x08006198   0x00000028   Code   RO         5975    i.prvGetNextExpireTime  timers_1.o
    0x080061c0   0x080061c0   0x0000007c   Code   RO         6116    i.prvHeapInit       heap_4.o
    0x0800623c   0x0800623c   0x00000028   Code   RO         5629    i.prvIdleTask       tasks.o
    0x08006264   0x08006264   0x0000001c   Code   RO         5269    i.prvInitialiseMutex  queue.o
    0x08006280   0x08006280   0x0000002a   Code   RO         5270    i.prvInitialiseNewQueue  queue.o
    0x080062aa   0x080062aa   0x000000b4   Code   RO         5630    i.prvInitialiseNewTask  tasks.o
    0x0800635e   0x0800635e   0x00000002   PAD
    0x08006360   0x08006360   0x00000068   Code   RO         5631    i.prvInitialiseTaskLists  tasks.o
    0x080063c8   0x080063c8   0x00000068   Code   RO         6117    i.prvInsertBlockIntoFreeList  heap_4.o
    0x08006430   0x08006430   0x00000058   Code   RO         5977    i.prvInsertTimerInActiveList  timers_1.o
    0x08006488   0x08006488   0x0000001a   Code   RO         5271    i.prvIsQueueEmpty   queue.o
    0x080064a2   0x080064a2   0x0000001e   Code   RO         5272    i.prvIsQueueFull    queue.o
    0x080064c0   0x080064c0   0x00000064   Code   RO         5978    i.prvProcessExpiredTimer  timers_1.o
    0x08006524   0x08006524   0x000000f4   Code   RO         5979    i.prvProcessReceivedCommands  timers_1.o
    0x08006618   0x08006618   0x00000074   Code   RO         5980    i.prvProcessTimerOrBlockTask  timers_1.o
    0x0800668c   0x0800668c   0x00000034   Code   RO         5633    i.prvResetNextTaskUnblockTime  tasks.o
    0x080066c0   0x080066c0   0x0000002c   Code   RO         5981    i.prvSampleTimeNow  timers_1.o
    0x080066ec   0x080066ec   0x000000a0   Code   RO         5982    i.prvSwitchTimerLists  timers_1.o
    0x0800678c   0x0800678c   0x00000040   Code   RO         5189    i.prvTaskExitError  port.o
    0x080067cc   0x080067cc   0x0000001a   Code   RO         5983    i.prvTimerTask      timers_1.o
    0x080067e6   0x080067e6   0x0000007e   Code   RO         5273    i.prvUnlockQueue    queue.o
    0x08006864   0x08006864   0x0000013c   Code   RO         6118    i.pvPortMalloc      heap_4.o
    0x080069a0   0x080069a0   0x00000020   Code   RO         5636    i.pvTaskIncrementMutexHeldCount  tasks.o
    0x080069c0   0x080069c0   0x00000010   Code   RO         6258    i.pwmInit           pwm.o
    0x080069d0   0x080069d0   0x00000044   Code   RO         6259    i.pwmStart          pwm.o
    0x08006a14   0x08006a14   0x0000002c   Code   RO         5190    i.pxPortInitialiseStack  port.o
    0x08006a40   0x08006a40   0x0000005e   Code   RO         4332    i.sys_arch_mbox_fetch  sys_arch.o
    0x08006a9e   0x08006a9e   0x00000002   PAD
    0x08006aa0   0x08006aa0   0x00000018   Code   RO         4334    i.sys_arch_protect  sys_arch.o
    0x08006ab8   0x08006ab8   0x00000014   Code   RO         4336    i.sys_arch_unprotect  sys_arch.o
    0x08006acc   0x08006acc   0x0000007c   Code   RO         2780    i.sys_check_timeouts  timeouts.o
    0x08006b48   0x08006b48   0x00000018   Code   RO         4337    i.sys_init          sys_arch.o
    0x08006b60   0x08006b60   0x0000002c   Code   RO         4339    i.sys_mbox_new      sys_arch.o
    0x08006b8c   0x08006b8c   0x0000001a   Code   RO         4340    i.sys_mbox_post     sys_arch.o
    0x08006ba6   0x08006ba6   0x0000001e   Code   RO         4342    i.sys_mbox_trypost  sys_arch.o
    0x08006bc4   0x08006bc4   0x0000000e   Code   RO         4343    i.sys_mbox_valid    sys_arch.o
    0x08006bd2   0x08006bd2   0x00000010   Code   RO         4345    i.sys_mutex_lock    sys_arch.o
    0x08006be2   0x08006be2   0x0000001e   Code   RO         4346    i.sys_mutex_new     sys_arch.o
    0x08006c00   0x08006c00   0x0000000c   Code   RO         4347    i.sys_mutex_unlock  sys_arch.o
    0x08006c0c   0x08006c0c   0x00000008   Code   RO         4517    i.sys_now           ethernetif.o
    0x08006c14   0x08006c14   0x00000036   Code   RO         4353    i.sys_thread_new    sys_arch.o
    0x08006c4a   0x08006c4a   0x00000002   PAD
    0x08006c4c   0x08006c4c   0x000000d8   Code   RO         2782    i.sys_timeout       timeouts.o
    0x08006d24   0x08006d24   0x00000034   Code   RO         2783    i.sys_timeouts_init  timeouts.o
    0x08006d58   0x08006d58   0x00000040   Code   RO         2784    i.sys_timeouts_mbox_fetch  timeouts.o
    0x08006d98   0x08006d98   0x00000038   Code   RO         2785    i.sys_timeouts_sleeptime  timeouts.o
    0x08006dd0   0x08006dd0   0x000000f4   Code   RO         2309    i.tcp_abandon       tcp.o
    0x08006ec4   0x08006ec4   0x0000000e   Code   RO         2310    i.tcp_abort         tcp.o
    0x08006ed2   0x08006ed2   0x00000002   PAD
    0x08006ed4   0x08006ed4   0x000000c0   Code   RO         2313    i.tcp_alloc         tcp.o
    0x08006f94   0x08006f94   0x0000001c   Code   RO         2316    i.tcp_close         tcp.o
    0x08006fb0   0x08006fb0   0x000001ac   Code   RO         2317    i.tcp_close_shutdown  tcp.o
    0x0800715c   0x0800715c   0x000000be   Code   RO         2670    i.tcp_create_segment  tcp_out.o
    0x0800721a   0x0800721a   0x0000003a   Code   RO         2320    i.tcp_eff_send_mss_impl  tcp.o
    0x08007254   0x08007254   0x0000010e   Code   RO         2671    i.tcp_enqueue_flags  tcp_out.o
    0x08007362   0x08007362   0x00000002   PAD
    0x08007364   0x08007364   0x00000078   Code   RO         2322    i.tcp_fasttmr       tcp.o
    0x080073dc   0x080073dc   0x00000058   Code   RO         2594    i.tcp_getoptbyte    tcp_in.o
    0x08007434   0x08007434   0x00000002   Code   RO         2323    i.tcp_init          tcp.o
    0x08007436   0x08007436   0x00000002   PAD
    0x08007438   0x08007438   0x00000508   Code   RO         2595    i.tcp_input         tcp_in.o
    0x08007940   0x08007940   0x0000005a   Code   RO         2672    i.tcp_keepalive     tcp_out.o
    0x0800799a   0x0800799a   0x00000002   PAD
    0x0800799c   0x0800799c   0x00000058   Code   RO         2324    i.tcp_kill_prio     tcp.o
    0x080079f4   0x080079f4   0x0000004c   Code   RO         2325    i.tcp_kill_state    tcp.o
    0x08007a40   0x08007a40   0x0000003c   Code   RO         2326    i.tcp_kill_timewait  tcp.o
    0x08007a7c   0x08007a7c   0x0000002c   Code   RO         2327    i.tcp_listen_closed  tcp.o
    0x08007aa8   0x08007aa8   0x00000140   Code   RO         2596    i.tcp_listen_input  tcp_in.o
    0x08007be8   0x08007be8   0x00000054   Code   RO         2329    i.tcp_netif_ip_addr_changed  tcp.o
    0x08007c3c   0x08007c3c   0x0000002a   Code   RO         2330    i.tcp_netif_ip_addr_changed_pcblist  tcp.o
    0x08007c66   0x08007c66   0x00000002   PAD
    0x08007c68   0x08007c68   0x0000001c   Code   RO         2334    i.tcp_next_iss      tcp.o
    0x08007c84   0x08007c84   0x00000090   Code   RO         2597    i.tcp_oos_insert_segment  tcp_in.o
    0x08007d14   0x08007d14   0x0000021c   Code   RO         2673    i.tcp_output        tcp_out.o
    0x08007f30   0x08007f30   0x00000078   Code   RO         2674    i.tcp_output_alloc_header  tcp_out.o
    0x08007fa8   0x08007fa8   0x000000c4   Code   RO         2675    i.tcp_output_segment  tcp_out.o
    0x0800806c   0x0800806c   0x0000009c   Code   RO         2598    i.tcp_parseopt      tcp_in.o
    0x08008108   0x08008108   0x00000048   Code   RO         2335    i.tcp_pcb_purge     tcp.o
    0x08008150   0x08008150   0x0000007c   Code   RO         2336    i.tcp_pcb_remove    tcp.o
    0x080081cc   0x080081cc   0x000005bc   Code   RO         2599    i.tcp_process       tcp_in.o
    0x08008788   0x08008788   0x00000094   Code   RO         2338    i.tcp_process_refused_data  tcp.o
    0x0800881c   0x0800881c   0x000009b0   Code   RO         2600    i.tcp_receive       tcp_in.o
    0x080091cc   0x080091cc   0x0000002e   Code   RO         2340    i.tcp_recv_null     tcp.o
    0x080091fa   0x080091fa   0x0000005e   Code   RO         2341    i.tcp_recved        tcp.o
    0x08009258   0x08009258   0x00000018   Code   RO         2342    i.tcp_remove_listener  tcp.o
    0x08009270   0x08009270   0x0000005a   Code   RO         2677    i.tcp_rexmit        tcp_out.o
    0x080092ca   0x080092ca   0x00000074   Code   RO         2678    i.tcp_rexmit_fast   tcp_out.o
    0x0800933e   0x0800933e   0x0000003a   Code   RO         2679    i.tcp_rexmit_rto    tcp_out.o
    0x08009378   0x08009378   0x00000088   Code   RO         2680    i.tcp_rst           tcp_out.o
    0x08009400   0x08009400   0x00000024   Code   RO         2343    i.tcp_seg_copy      tcp.o
    0x08009424   0x08009424   0x0000001a   Code   RO         2344    i.tcp_seg_free      tcp.o
    0x0800943e   0x0800943e   0x00000018   Code   RO         2345    i.tcp_segs_free     tcp.o
    0x08009456   0x08009456   0x00000076   Code   RO         2681    i.tcp_send_empty_ack  tcp_out.o
    0x080094cc   0x080094cc   0x0000004a   Code   RO         2682    i.tcp_send_fin      tcp_out.o
    0x08009516   0x08009516   0x00000002   PAD
    0x08009518   0x08009518   0x0000036c   Code   RO         2349    i.tcp_slowtmr       tcp.o
    0x08009884   0x08009884   0x00000038   Code   RO         2787    i.tcp_timer_needed  timeouts.o
    0x080098bc   0x080098bc   0x000000a4   Code   RO         2601    i.tcp_timewait_input  tcp_in.o
    0x08009960   0x08009960   0x00000024   Code   RO         2350    i.tcp_tmr           tcp.o
    0x08009984   0x08009984   0x00000014   Code   RO         2602    i.tcp_trigger_input_pcb_close  tcp_in.o
    0x08009998   0x08009998   0x0000004e   Code   RO         2352    i.tcp_update_rcv_ann_wnd  tcp.o
    0x080099e6   0x080099e6   0x000000de   Code   RO         2685    i.tcp_zero_window_probe  tcp_out.o
    0x08009ac4   0x08009ac4   0x0000005c   Code   RO         1459    i.tcpip_callback_with_block  tcpip.o
    0x08009b20   0x08009b20   0x00000064   Code   RO         1462    i.tcpip_init        tcpip.o
    0x08009b84   0x08009b84   0x00000050   Code   RO         1463    i.tcpip_inpkt       tcpip.o
    0x08009bd4   0x08009bd4   0x00000030   Code   RO         1464    i.tcpip_input       tcpip.o
    0x08009c04   0x08009c04   0x00000038   Code   RO         2788    i.tcpip_tcp_timer   timeouts.o
    0x08009c3c   0x08009c3c   0x00000094   Code   RO         1466    i.tcpip_thread      tcpip.o
    0x08009cd0   0x08009cd0   0x00000094   Code   RO         2863    i.udp_bind          udp.o
    0x08009d64   0x08009d64   0x00000070   Code   RO         2864    i.udp_connect       udp.o
    0x08009dd4   0x08009dd4   0x00000002   Code   RO         2866    i.udp_init          udp.o
    0x08009dd6   0x08009dd6   0x00000002   PAD
    0x08009dd8   0x08009dd8   0x0000013c   Code   RO         2867    i.udp_input         udp.o
    0x08009f14   0x08009f14   0x00000048   Code   RO         2868    i.udp_input_local_match  udp.o
    0x08009f5c   0x08009f5c   0x00000030   Code   RO         2869    i.udp_netif_ip_addr_changed  udp.o
    0x08009f8c   0x08009f8c   0x0000001c   Code   RO         2870    i.udp_new           udp.o
    0x08009fa8   0x08009fa8   0x00000058   Code   RO         2872    i.udp_new_port      udp.o
    0x0800a000   0x0800a000   0x00000006   Code   RO         2873    i.udp_recv          udp.o
    0x0800a006   0x0800a006   0x0000001e   Code   RO         2875    i.udp_send          udp.o
    0x0800a024   0x0800a024   0x0000003c   Code   RO         2876    i.udp_sendto        udp.o
    0x0800a060   0x0800a060   0x00000052   Code   RO         2877    i.udp_sendto_if     udp.o
    0x0800a0b2   0x0800a0b2   0x000000be   Code   RO         2878    i.udp_sendto_if_src  udp.o
    0x0800a170   0x0800a170   0x00000028   Code   RO         5152    i.uxListRemove      list.o
    0x0800a198   0x0800a198   0x0000001a   Code   RO         5153    i.vListInitialise   list.o
    0x0800a1b2   0x0800a1b2   0x00000006   Code   RO         5154    i.vListInitialiseItem  list.o
    0x0800a1b8   0x0800a1b8   0x00000034   Code   RO         5155    i.vListInsert       list.o
    0x0800a1ec   0x0800a1ec   0x00000018   Code   RO         5156    i.vListInsertEnd    list.o
    0x0800a204   0x0800a204   0x00000054   Code   RO         5192    i.vPortEnterCritical  port.o
    0x0800a258   0x0800a258   0x0000003c   Code   RO         5193    i.vPortExitCritical  port.o
    0x0800a294   0x0800a294   0x00000094   Code   RO         6119    i.vPortFree         heap_4.o
    0x0800a328   0x0800a328   0x00000028   Code   RO         5194    i.vPortSetupTimerInterrupt  port.o
    0x0800a350   0x0800a350   0x00000078   Code   RO         5195    i.vPortValidateInterruptPriority  port.o
    0x0800a3c8   0x0800a3c8   0x0000002c   Code   RO         5279    i.vQueueAddToRegistry  queue.o
    0x0800a3f4   0x0800a3f4   0x0000004a   Code   RO         5283    i.vQueueWaitForMessageRestricted  queue.o
    0x0800a43e   0x0800a43e   0x00000002   PAD
    0x0800a440   0x0800a440   0x0000005c   Code   RO         5644    i.vTaskDelay        tasks.o
    0x0800a49c   0x0800a49c   0x00000018   Code   RO         5649    i.vTaskInternalSetTimeOutState  tasks.o
    0x0800a4b4   0x0800a4b4   0x0000000c   Code   RO         5650    i.vTaskMissedYield  tasks.o
    0x0800a4c0   0x0800a4c0   0x00000038   Code   RO         5652    i.vTaskPlaceOnEventList  tasks.o
    0x0800a4f8   0x0800a4f8   0x00000040   Code   RO         5653    i.vTaskPlaceOnEventListRestricted  tasks.o
    0x0800a538   0x0800a538   0x000000f4   Code   RO         5655    i.vTaskPriorityDisinheritAfterTimeout  tasks.o
    0x0800a62c   0x0800a62c   0x00000094   Code   RO         5661    i.vTaskStartScheduler  tasks.o
    0x0800a6c0   0x0800a6c0   0x00000010   Code   RO         5663    i.vTaskSuspendAll   tasks.o
    0x0800a6d0   0x0800a6d0   0x0000008c   Code   RO         5664    i.vTaskSwitchContext  tasks.o
    0x0800a75c   0x0800a75c   0x00000168   Code   RO         5196    i.xPortStartScheduler  port.o
    0x0800a8c4   0x0800a8c4   0x00000034   Code   RO         5197    i.xPortSysTickHandler  port.o
    0x0800a8f8   0x0800a8f8   0x0000005c   Code   RO         5284    i.xQueueCreateCountingSemaphore  queue.o
    0x0800a954   0x0800a954   0x00000022   Code   RO         5285    i.xQueueCreateMutex  queue.o
    0x0800a976   0x0800a976   0x00000058   Code   RO         5286    i.xQueueGenericCreate  queue.o
    0x0800a9ce   0x0800a9ce   0x00000002   PAD
    0x0800a9d0   0x0800a9d0   0x00000098   Code   RO         5287    i.xQueueGenericReset  queue.o
    0x0800aa68   0x0800aa68   0x000001a8   Code   RO         5288    i.xQueueGenericSend  queue.o
    0x0800ac10   0x0800ac10   0x000000f8   Code   RO         5289    i.xQueueGenericSendFromISR  queue.o
    0x0800ad08   0x0800ad08   0x000000e0   Code   RO         5290    i.xQueueGiveFromISR  queue.o
    0x0800ade8   0x0800ade8   0x00000168   Code   RO         5296    i.xQueueReceive     queue.o
    0x0800af50   0x0800af50   0x000000ca   Code   RO         5297    i.xQueueReceiveFromISR  queue.o
    0x0800b01a   0x0800b01a   0x00000002   PAD
    0x0800b01c   0x0800b01c   0x000001b8   Code   RO         5298    i.xQueueSemaphoreTake  queue.o
    0x0800b1d4   0x0800b1d4   0x0000008c   Code   RO         5665    i.xTaskCheckForTimeOut  tasks.o
    0x0800b260   0x0800b260   0x00000060   Code   RO         5666    i.xTaskCreate       tasks.o
    0x0800b2c0   0x0800b2c0   0x00000020   Code   RO         5670    i.xTaskGetSchedulerState  tasks.o
    0x0800b2e0   0x0800b2e0   0x0000000c   Code   RO         5671    i.xTaskGetTickCount  tasks.o
    0x0800b2ec   0x0800b2ec   0x00000014   Code   RO         5672    i.xTaskGetTickCountFromISR  tasks.o
    0x0800b300   0x0800b300   0x00000148   Code   RO         5673    i.xTaskIncrementTick  tasks.o
    0x0800b448   0x0800b448   0x000000c8   Code   RO         5676    i.xTaskPriorityDisinherit  tasks.o
    0x0800b510   0x0800b510   0x000000c8   Code   RO         5677    i.xTaskPriorityInherit  tasks.o
    0x0800b5d8   0x0800b5d8   0x00000098   Code   RO         5678    i.xTaskRemoveFromEventList  tasks.o
    0x0800b670   0x0800b670   0x00000104   Code   RO         5679    i.xTaskResumeAll    tasks.o
    0x0800b774   0x0800b774   0x00000058   Code   RO         5989    i.xTimerCreateTimerTask  timers_1.o
    0x0800b7cc   0x0800b7cc   0x00000084   Code   RO         5990    i.xTimerGenericCommand  timers_1.o
    0x0800b850   0x0800b850   0x0000000a   Code   RO         8922    x$fpl$fpinit        fz_wm.l(fpinit.o)
    0x0800b85a   0x0800b85a   0x00000002   PAD
    0x0800b85c   0x0800b85c   0x000000d0   Data   RO         1860    .constdata          memp.o
    0x0800b92c   0x0800b92c   0x00000050   Data   RO         2353    .constdata          tcp.o
    0x0800b97c   0x0800b97c   0x00000028   Data   RO         2789    .constdata          timeouts.o
    0x0800b9a4   0x0800b9a4   0x00000008   Data   RO         3442    .constdata          ip4_addr.o
    0x0800b9ac   0x0800b9ac   0x0000000c   Data   RO         3742    .constdata          ethernet.o
    0x0800b9b8   0x0800b9b8   0x0000000c   Data   RO         4354    .constdata          sys_arch.o
    0x0800b9c4   0x0800b9c4   0x00000014   Data   RO         4519    .constdata          ethernetif.o
    0x0800b9d8   0x0800b9d8   0x00000010   Data   RO         7185    .constdata          stm32f4xx_hal_rcc.o
    0x0800b9e8   0x0800b9e8   0x00000075   Data   RO         2354    .conststring        tcp.o
    0x0800ba5d   0x0800ba5d   0x00000003   PAD
    0x0800ba60   0x0800ba60   0x00000006   Data   RO         4520    .conststring        ethernetif.o
    0x0800ba66   0x0800ba66   0x00000002   PAD
    0x0800ba68   0x0800ba68   0x00000020   Data   RO         9012    Region$$Table       anon$$obj.o


    Execution Region RW_IRAM1 (Exec base: 0x20000000, Load base: 0x0800ba88, Size: 0x0001a208, Max: 0x00020000, ABSOLUTE, COMPRESSED[0x00000020])

    Exec Addr    Load Addr    Size         Type   Attr      Idx    E Section Name        Object

    0x20000000   COMPRESSED   0x0000000c   Data   RW           10    .data               main.o
    0x2000000c   COMPRESSED   0x00000002   Data   RW          238    .data               controltask.o
    0x2000000e   COMPRESSED   0x00000002   PAD
    0x20000010   COMPRESSED   0x0000006c   Data   RW          272    .data               ethtask.o
    0x2000007c   COMPRESSED   0x00000010   Data   RW         1468    .data               tcpip.o
    0x2000008c   COMPRESSED   0x00000010   Data   RW         1801    .data               mem.o
    0x2000009c   COMPRESSED   0x00000034   Data   RW         1861    .data               memp.o
    0x200000d0   COMPRESSED   0x00000009   Data   RW         1957    .data               netif.o
    0x200000d9   COMPRESSED   0x00000001   Data   RW         2093    .data               pbuf.o
    0x200000da   COMPRESSED   0x00000002   PAD
    0x200000dc   COMPRESSED   0x00000020   Data   RW         2355    .data               tcp.o
    0x200000fc   COMPRESSED   0x00000028   Data   RW         2604    .data               tcp_in.o
    0x20000124   COMPRESSED   0x0000000c   Data   RW         2790    .data               timeouts.o
    0x20000130   COMPRESSED   0x00000008   Data   RW         2879    .data               udp.o
    0x20000138   COMPRESSED   0x00000010   Data   RW         3040    .data               dhcp.o
    0x20000148   COMPRESSED   0x00000001   Data   RW         3242    .data               etharp.o
    0x20000149   COMPRESSED   0x00000001   PAD
    0x2000014a   COMPRESSED   0x00000002   Data   RW         3390    .data               ip4.o
    0x2000014c   COMPRESSED   0x00000006   Data   RW         3511    .data               ip4_frag.o
    0x20000152   COMPRESSED   0x00000002   PAD
    0x20000154   COMPRESSED   0x00000008   Data   RW         4355    .data               sys_arch.o
    0x2000015c   COMPRESSED   0x00000004   Data   RW         4521    .data               ethernetif.o
    0x20000160   COMPRESSED   0x00000018   Data   RW         4992    .data               lwip.o
    0x20000178   COMPRESSED   0x0000000c   Data   RW         5198    .data               port.o
    0x20000184   COMPRESSED   0x0000003c   Data   RW         5682    .data               tasks.o
    0x200001c0   COMPRESSED   0x00000014   Data   RW         5996    .data               timers_1.o
    0x200001d4   COMPRESSED   0x00000018   Data   RW         6124    .data               heap_4.o
    0x200001ec   COMPRESSED   0x00000004   Data   RW         6332    .data               stm32f4xx_hal.o
    0x200001f0   COMPRESSED   0x00000004   Data   RW         7919    .data               system_stm32f4xx_1.o
    0x200001f4        -       0x000000c8   Zero   RW          271    .bss                ethtask.o
    0x200002bc        -       0x00000018   Zero   RW         1770    .bss                ip.o
    0x200002d4        -       0x00000653   Zero   RW         1800    .bss                mem.o
    0x20000927        -       0x000030a7   Zero   RW         1859    .bss                memp.o
    0x200039ce   COMPRESSED   0x00000002   PAD
    0x200039d0        -       0x00000010   Zero   RW         2603    .bss                tcp_in.o
    0x200039e0        -       0x000000f0   Zero   RW         3241    .bss                etharp.o
    0x20003ad0        -       0x000030e8   Zero   RW         4518    .bss                ethernetif.o
    0x20006bb8        -       0x00000034   Zero   RW         4991    .bss                lwip.o
    0x20006bec        -       0x00000040   Zero   RW         5300    .bss                queue.o
    0x20006c2c        -       0x000001f4   Zero   RW         5681    .bss                tasks.o
    0x20006e20        -       0x00000028   Zero   RW         5995    .bss                timers_1.o
    0x20006e48        -       0x00012c00   Zero   RW         6123    .bss                heap_4.o
    0x20019a48        -       0x00000078   Zero   RW         6260    .bss                pwm.o
    0x20019ac0        -       0x000000e4   Zero   RW         8834    .bss                c_w.l(rand.o)
    0x20019ba4        -       0x00000060   Zero   RW         8941    .bss                c_w.l(libspace.o)
    0x20019c04   COMPRESSED   0x00000004   PAD
    0x20019c08        -       0x00000200   Zero   RW         7907    HEAP                startup_stm32f407xx.o
    0x20019e08        -       0x00000400   Zero   RW         7906    STACK               startup_stm32f407xx.o


==============================================================================

Image component sizes


      Code (inc. data)   RO Data    RW Data    ZI Data      Debug   Object Name

         0          0          0          0          0     746047   api_lib.o
       276         10          0          0          0       1411   bsp.o
       798         26          0          0          0      22949   cmsis_os.o
        40          8          0          2          0        670   controltask.o
        38          0          0          0          0       1010   def.o
      2822        110          0         16          0      20735   dhcp.o
      2190         64          0          1        240      11163   etharp.o
       286          4         12          0          0       2494   ethernet.o
      1180         88         26          4      12520       6812   ethernetif.o
       200         30          0        108        200      12910   ethtask.o
         0          0          0          0          0       7776   event_groups.o
       300         12          0          0          0       1028   gpio.o
       692         62          0         24      76800       4011   heap_4.o
       528          4          0          0          0       3658   icmp.o
        36          0          0          0          0       9962   init.o
         0          0          0          0         24       2914   ip.o
       890         30          0          2          0       4900   ip4.o
        78          0          8          0          0       6698   ip4_addr.o
      1764         38          0          6          0      10190   ip4_frag.o
        24          4          0          0          0        454   ledtask.o
       148          0          0          0          0       3074   list.o
       248         36          0         24         52       1269   lwip.o
       160         56          0         12          0      13398   main.o
       912         80          0         16       1619       5077   mem.o
       238         14        208         52      12455      10956   memp.o
       424         18          0          9          0       9115   netif.o
      1714         30          0          1          0      13765   pbuf.o
      1014         92          0         12          0      10721   port.o
       556         54          0          0        120       3684   pwm.o
      2820         26          0          0         64      19519   queue.o
        64         26        392          0       1536        856   startup_stm32f407xx.o
       154         20          0          4          0       4723   stm32f4xx_hal.o
       344         22          0          0          0      35053   stm32f4xx_hal_cortex.o
      2840         52          0          0          0      16060   stm32f4xx_hal_eth.o
       532         46          0          0          0       3241   stm32f4xx_hal_gpio.o
      1756         64         16          0          0       4853   stm32f4xx_hal_rcc.o
      1096         88          0          0          0       7592   stm32f4xx_hal_tim.o
       178          0          0          0          0       2084   stm32f4xx_hal_tim_ex.o
       388         26         12          8          0      13696   sys_arch.o
       100         18          0          4          0       1339   system_stm32f4xx_1.o
      3070        386          0         60        500      22994   tasks.o
      3092        172        197         32          0      28015   tcp.o
      6128        342          0         40         16      18987   tcp_in.o
      2220         10          0          0          0      11703   tcp_out.o
       468         70          0         16          0       8143   tcpip.o
       652         90         40         12          0       6576   timeouts.o
      1138        116          0         20         40      16735   timers_1.o
      1182         42          0          8          0      11576   udp.o

    ----------------------------------------------------------------------
     45840       2486        948        500     106188    1182596   Object Totals
         0          0         32          0          0          0   (incl. Generated)
        62          0          5          7          2          0   (incl. Padding)

    ----------------------------------------------------------------------

      Code (inc. data)   RO Data    RW Data    ZI Data      Debug   Library Member Name

        90          0          0          0          0          0   __dczerorl2.o
         8          0          0          0          0         68   __main.o
         0          0          0          0          0          0   __rtentry.o
        12          0          0          0          0          0   __rtentry2.o
         6          0          0          0          0          0   __rtentry4.o
        52          8          0          0          0          0   __scatter.o
        28          0          0          0          0          0   __scatter_zi.o
        16          0          0          0          0         68   aeabi_memset.o
        18          0          0          0          0         80   exit.o
         6          0          0          0          0        152   heapauxi.o
         0          0          0          0          0          0   indicate_semi.o
         2          0          0          0          0          0   libinit.o
        10          0          0          0          0          0   libinit2.o
         2          0          0          0          0          0   libshutdown.o
         2          0          0          0          0          0   libshutdown2.o
         8          4          0          0         96         68   libspace.o
        88          0          0          0          0         76   memcmp.o
       112         18          0          0        228        160   rand.o
        68          0          0          0          0         68   rt_memclr.o
        78          0          0          0          0         80   rt_memclr_w.o
       138          0          0          0          0         68   rt_memcpy_v6.o
       100          0          0          0          0         80   rt_memcpy_w.o
         2          0          0          0          0          0   rtexit.o
        10          0          0          0          0          0   rtexit2.o
        12          4          0          0          0         68   sys_exit.o
        74          0          0          0          0         80   sys_stackheap_outer.o
         2          0          0          0          0         68   use_no_semi.o
        10          0          0          0          0        116   fpinit.o

    ----------------------------------------------------------------------
       964         34          0          0        328       1300   Library Totals
        10          0          0          0          4          0   (incl. Padding)

    ----------------------------------------------------------------------

      Code (inc. data)   RO Data    RW Data    ZI Data      Debug   Library Name

       944         34          0          0        324       1184   c_w.l
        10          0          0          0          0        116   fz_wm.l

    ----------------------------------------------------------------------
       964         34          0          0        328       1300   Library Totals

    ----------------------------------------------------------------------

==============================================================================


      Code (inc. data)   RO Data    RW Data    ZI Data      Debug   

     46804       2520        948        500     106516    1148824   Grand Totals
     46804       2520        948         32     106516    1148824   ELF Image Totals (compressed)
     46804       2520        948         32          0          0   ROM Totals

==============================================================================

    Total RO  Size (Code + RO Data)                47752 (  46.63kB)
    Total RW  Size (RW Data + ZI Data)            107016 ( 104.51kB)
    Total ROM Size (Code + RO Data + RW Data)      47784 (  46.66kB)

==============================================================================

